Component: ARM Compiler 5.06 update 6 (build 750) Tool: armlink [4d35ed]

==============================================================================

Section Cross References

    main.o(i.advertising_init) refers to memseta.o(.text) for __aeabi_memclr4
    main.o(i.advertising_init) refers to memcpya.o(.text) for __aeabi_memcpy4
    main.o(i.advertising_init) refers to ble_advertising.o(i.ble_advertising_init) for ble_advertising_init
    main.o(i.advertising_init) refers to app_error.o(i.app_error_handler_bare) for app_error_handler_bare
    main.o(i.advertising_init) refers to ble_advertising.o(i.ble_advertising_conn_cfg_tag_set) for ble_advertising_conn_cfg_tag_set
    main.o(i.advertising_init) refers to main.o(.data) for .data
    main.o(i.advertising_init) refers to main.o(.bss) for .bss
    main.o(i.advertising_init) refers to main.o(i.on_adv_evt) for on_adv_evt
    main.o(i.advertising_init) refers to main.o(i.ble_advertising_error_handler) for ble_advertising_error_handler
    main.o(i.advertising_start) refers to nrf_log_frontend.o(i.nrf_log_frontend_std_0) for nrf_log_frontend_std_0
    main.o(i.advertising_start) refers to peer_manager.o(i.pm_peers_delete) for pm_peers_delete
    main.o(i.advertising_start) refers to main.o(i.whitelist_set) for whitelist_set
    main.o(i.advertising_start) refers to ble_advertising.o(i.ble_advertising_start) for ble_advertising_start
    main.o(i.advertising_start) refers to app_error.o(i.app_error_handler_bare) for app_error_handler_bare
    main.o(i.advertising_start) refers to nrf_log_frontend.o(log_const_data) for m_nrf_log_app_logs_data_const
    main.o(i.advertising_start) refers to main.o(.bss) for .bss
    main.o(i.assert_nrf_callback) refers to app_error_handler_keil.o(.emb_text) for app_error_handler
    main.o(i.battery_level_meas_timeout_handler) refers to sensorsim.o(i.sensorsim_measure) for sensorsim_measure
    main.o(i.battery_level_meas_timeout_handler) refers to ble_bas.o(i.ble_bas_battery_level_update) for ble_bas_battery_level_update
    main.o(i.battery_level_meas_timeout_handler) refers to app_error.o(i.app_error_handler_bare) for app_error_handler_bare
    main.o(i.battery_level_meas_timeout_handler) refers to main.o(.bss) for .bss
    main.o(i.battery_level_meas_timeout_handler) refers to main.o(.data) for .data
    main.o(i.ble_advertising_error_handler) refers to app_error.o(i.app_error_handler_bare) for app_error_handler_bare
    main.o(i.ble_evt_handler) refers to nrf_log_frontend.o(i.nrf_log_frontend_std_0) for nrf_log_frontend_std_0
    main.o(i.ble_evt_handler) refers to bsp.o(i.bsp_indication_set) for bsp_indication_set
    main.o(i.ble_evt_handler) refers to app_error.o(i.app_error_handler_bare) for app_error_handler_bare
    main.o(i.ble_evt_handler) refers to nrf_ble_qwr.o(i.nrf_ble_qwr_conn_handle_assign) for nrf_ble_qwr_conn_handle_assign
    main.o(i.ble_evt_handler) refers to nrf_log_frontend.o(log_const_data) for m_nrf_log_app_logs_data_const
    main.o(i.ble_evt_handler) refers to main.o(.data) for .data
    main.o(i.ble_evt_handler) refers to main.o(.bss) for .bss
    main.o(i.bsp_event_handler) refers to main.o(i.sleep_mode_enter) for sleep_mode_enter
    main.o(i.bsp_event_handler) refers to app_error.o(i.app_error_handler_bare) for app_error_handler_bare
    main.o(i.bsp_event_handler) refers to ble_advertising.o(i.ble_advertising_restart_without_whitelist) for ble_advertising_restart_without_whitelist
    main.o(i.bsp_event_handler) refers to main.o(.data) for .data
    main.o(i.bsp_event_handler) refers to main.o(.bss) for .bss
    main.o(i.conn_params_error_handler) refers to app_error.o(i.app_error_handler_bare) for app_error_handler_bare
    main.o(i.gap_params_init) refers to app_error.o(i.app_error_handler_bare) for app_error_handler_bare
    main.o(i.hids_init) refers to memseta.o(.text) for __aeabi_memclr
    main.o(i.hids_init) refers to ble_hids.o(i.ble_hids_init) for ble_hids_init
    main.o(i.hids_init) refers to app_error.o(i.app_error_handler_bare) for app_error_handler_bare
    main.o(i.hids_init) refers to main.o(.bss) for .bss
    main.o(i.hids_init) refers to main.o(i.on_hids_evt) for on_hids_evt
    main.o(i.hids_init) refers to main.o(i.service_error_handler) for service_error_handler
    main.o(i.hids_init) refers to main.o(.data) for .data
    main.o(i.identities_set) refers to peer_manager.o(i.pm_peer_id_list) for pm_peer_id_list
    main.o(i.identities_set) refers to app_error.o(i.app_error_handler_bare) for app_error_handler_bare
    main.o(i.identities_set) refers to peer_manager.o(i.pm_device_identities_list_set) for pm_device_identities_list_set
    main.o(i.main) refers to nrf_log_frontend.o(i.nrf_log_init) for nrf_log_init
    main.o(i.main) refers to app_error.o(i.app_error_handler_bare) for app_error_handler_bare
    main.o(i.main) refers to nrf_log_default_backends.o(i.nrf_log_default_backends_init) for nrf_log_default_backends_init
[...]
    0x0002b5e8   0x0002b5e8   0x0000000a   Code   RO         4528    i.flag_toggle       ble_conn_state.o
    0x0002b5f2   0x0002b5f2   0x00000028   Code   RO         4353    i.flags_set         ble_advertising.o
    0x0002b61a   0x0002b61a   0x00000002   PAD
    0x0002b61c   0x0002b61c   0x00000030   Code   RO         6281    i.flags_set_from_err_code  security_manager.o
    0x0002b64c   0x0002b64c   0x00000030   Code   RO         4529    i.for_each_set_flag  ble_conn_state.o
    0x0002b67c   0x0002b67c   0x00000050   Code   RO        11306    i.free              mc_w.l(malloc.o)
    0x0002b6cc   0x0002b6cc   0x00000006   Code   RO         8899    i.fs_event_handler  fds.o
    0x0002b6d2   0x0002b6d2   0x00000002   PAD
    0x0002b6d4   0x0002b6d4   0x0000006c   Code   RO           12    i.gap_params_init   main.o
    0x0002b740   0x0002b740   0x00000080   Code   RO         8900    i.gc_execute        fds.o
    0x0002b7c0   0x0002b7c0   0x0000004c   Code   RO         8901    i.gc_next_page      fds.o
    0x0002b80c   0x0002b80c   0x00000040   Code   RO         8902    i.gc_page_erase     fds.o
    0x0002b84c   0x0002b84c   0x00000034   Code   RO         8903    i.gc_record_copy    fds.o
    0x0002b880   0x0002b880   0x00000024   Code   RO         8904    i.gc_record_find_next  fds.o
    0x0002b8a4   0x0002b8a4   0x00000070   Code   RO         8905    i.gc_state_advance  fds.o
    0x0002b914   0x0002b914   0x00000030   Code   RO         8906    i.gc_swap_pages     fds.o
    0x0002b944   0x0002b944   0x00000230   Code   RO         4767    i.gcm_ble_evt_handler  gatt_cache_manager.o
    0x0002bb74   0x0002bb74   0x0000003c   Code   RO         4768    i.gcm_im_evt_handler  gatt_cache_manager.o
    0x0002bbb0   0x0002bbb0   0x00000094   Code   RO         4769    i.gcm_init          gatt_cache_manager.o
    0x0002bc44   0x0002bc44   0x00000088   Code   RO         4772    i.gcm_pdb_evt_handler  gatt_cache_manager.o
    0x0002bccc   0x0002bccc   0x00000068   Code   RO         3247    i.get_base_addr     haptic_nv.o
    0x0002bd34   0x0002bd34   0x00000034   Code   RO         8482    i.get_now           app_timer2.o
    0x0002bd68   0x0002bd68   0x00000028   Code   RO         3248    i.get_ram_num       haptic_nv.o
    0x0002bd90   0x0002bd90   0x0000003c   Code   RO         8254    i.gpiote_event_handler  app_button.o
    0x0002bdcc   0x0002bdcc   0x0000001c   Code   RO         4929    i.gscm_db_change_notification_done  gatts_cache_manager.o
    0x0002bde8   0x0002bde8   0x00000014   Code   RO         4930    i.gscm_init         gatts_cache_manager.o
    0x0002bdfc   0x0002bdfc   0x00000090   Code   RO         4932    i.gscm_local_db_cache_apply  gatts_cache_manager.o
    0x0002be8c   0x0002be8c   0x00000148   Code   RO         4933    i.gscm_local_db_cache_update  gatts_cache_manager.o
    0x0002bfd4   0x0002bfd4   0x00000018   Code   RO         4934    i.gscm_pdb_evt_handler  gatts_cache_manager.o
    0x0002bfec   0x0002bfec   0x0000001e   Code   RO         4935    i.gscm_service_changed_ind_needed  gatts_cache_manager.o
    0x0002c00a   0x0002c00a   0x00000002   PAD
    0x0002c00c   0x0002c00c   0x0000005c   Code   RO         4936    i.gscm_service_changed_ind_send  gatts_cache_manager.o
    0x0002c068   0x0002c068   0x00000002   Code   RO          692    i.gsensor_int_handler  gpio.o
    0x0002c06a   0x0002c06a   0x00000002   Code   RO          693    i.haptic_int_handler  gpio.o
    0x0002c06c   0x0002c06c   0x000000d4   Code   RO         3249    i.haptic_nv_boot_init  haptic_nv.o
    0x0002c140   0x0002c140   0x000000ac   Code   RO         3364    i.haptic_nv_i2c_reads  haptic_nv_config.o
    0x0002c1ec   0x0002c1ec   0x00000032   Code   RO         3365    i.haptic_nv_i2c_write_bits  haptic_nv_config.o
    0x0002c21e   0x0002c21e   0x00000002   PAD
    0x0002c220   0x0002c220   0x00000068   Code   RO         3366    i.haptic_nv_i2c_writes  haptic_nv_config.o
    0x0002c288   0x0002c288   0x00000020   Code   RO         3367    i.haptic_nv_mdelay  haptic_nv_config.o
    0x0002c2a8   0x0002c2a8   0x00000058   Code   RO         3368    i.haptic_nv_read_chipid  haptic_nv_config.o
    0x0002c300   0x0002c300   0x00000002   Code   RO         3369    i.haptic_nv_start_hrtimer  haptic_nv_config.o
    0x0002c302   0x0002c302   0x00000002   Code   RO         3370    i.haptic_nv_stop_hrtimer  haptic_nv_config.o
    0x0002c304   0x0002c304   0x00000002   Code   RO         3371    i.haptic_nv_udelay  haptic_nv_config.o
    0x0002c306   0x0002c306   0x00000002   PAD
    0x0002c308   0x0002c308   0x0000002c   Code   RO         3250    i.haptic_nv_vib_work_cancel  haptic_nv.o
    0x0002c334   0x0002c334   0x0000002c   Code   RO         8907    i.header_check      fds.o
    0x0002c360   0x0002c360   0x00000012   Code   RO         8908    i.header_has_next   fds.o
    0x0002c372   0x0002c372   0x00000062   Code   RO         6561    i.hid_information_char_add  ble_hids.o
    0x0002c3d4   0x0002c3d4   0x000000d0   Code   RO           13    i.hids_init         main.o
    0x0002c4a4   0x0002c4a4   0x00000030   Code   RO           14    i.identities_set    main.o
    0x0002c4d4   0x0002c4d4   0x00000046   Code   RO         5025    i.im_address_resolve  id_manager.o
    0x0002c51a   0x0002c51a   0x00000002   PAD
    0x0002c51c   0x0002c51c   0x00000038   Code   RO         5026    i.im_ble_addr_get   id_manager.o
    0x0002c554   0x0002c554   0x000000dc   Code   RO         5027    i.im_ble_evt_handler  id_manager.o
    0x0002c630   0x0002c630   0x00000040   Code   RO         5028    i.im_conn_handle_get  id_manager.o
    0x0002c670   0x0002c670   0x000000ec   Code   RO         5029    i.im_device_identities_list_set  id_manager.o
    0x0002c75c   0x0002c75c   0x00000038   Code   RO         5030    i.im_find_duplicate_bonding_data  id_manager.o
    0x0002c794   0x0002c794   0x00000072   Code   RO         5033    i.im_is_duplicate_bonding_data  id_manager.o
    0x0002c806   0x0002c806   0x00000018   Code   RO         5034    i.im_master_id_is_valid  id_manager.o
    0x0002c81e   0x0002c81e   0x0000002a   Code   RO         5035    i.im_master_ids_compare  id_manager.o
    0x0002c848   0x0002c848   0x00000014   Code   RO         5036    i.im_new_peer_id    id_manager.o
    0x0002c85c   0x0002c85c   0x0000002c   Code   RO         5037    i.im_peer_free      id_manager.o
    0x0002c888   0x0002c888   0x00000024   Code   RO         5038    i.im_peer_id_get_by_conn_handle  id_manager.o
    0x0002c8ac   0x0002c8ac   0x0000003c   Code   RO         5039    i.im_peer_id_get_by_master_id  id_manager.o
    0x0002c8e8   0x0002c8e8   0x00000038   Code   RO         5042    i.im_whitelist_get  id_manager.o
    0x0002c920   0x0002c920   0x00000074   Code   RO         5043    i.im_whitelist_set  id_manager.o
    0x0002c994   0x0002c994   0x00000034   Code   RO         9721    i.init              nrf_fstorage_sd.o
    0x0002c9c8   0x0002c9c8   0x000000c4   Code   RO         8909    i.init_execute      fds.o
    0x0002ca8c   0x0002ca8c   0x0000006c   Code   RO         6562    i.inp_rep_characteristics_add  ble_hids.o
    0x0002caf8   0x0002caf8   0x00000014   Code   RO         4440    i.instance_get      ble_conn_params.o
    0x0002cb0c   0x0002cb0c   0x000000a6   Code   RO         9593    i.int_print         nrf_fprintf_format.o
    0x0002cbb2   0x0002cbb2   0x00000002   PAD
    0x0002cbb4   0x0002cbb4   0x00000088   Code   RO         7705    i.interrupts_enable  nrfx_uarte.o
    0x0002cc3c   0x0002cc3c   0x00000034   Code   RO        10365    i.invalid_packets_omit  nrf_log_frontend.o
    0x0002cc70   0x0002cc70   0x00000010   Code   RO         9722    i.is_busy           nrf_fstorage_sd.o
    0x0002cc80   0x0002cc80   0x00000044   Code   RO         4441    i.is_conn_params_ok  ble_conn_params.o
    0x0002ccc4   0x0002ccc4   0x00000014   Code   RO         5044    i.is_valid_irk      id_manager.o
    0x0002ccd8   0x0002ccd8   0x0000000c   Code   RO         8910    i.is_word_aligned   fds.o
    0x0002cce4   0x0002cce4   0x00000038   Code   RO         3251    i.judge_within_cali_range  haptic_nv.o
    0x0002cd1c   0x0002cd1c   0x00000030   Code   RO         4004    i.leds_off          bsp.o
    0x0002cd4c   0x0002cd4c   0x00000014   Code   RO         4005    i.leds_timer_handler  bsp.o
    0x0002cd60   0x0002cd60   0x00000014   Code   RO         5190    i.link_init         nrf_ble_gatt.o
    0x0002cd74   0x0002cd74   0x000000d0   Code   RO         6282    i.link_secure       security_manager.o
    0x0002ce44   0x0002ce44   0x0000003c   Code   RO         6143    i.link_secure_failure  security_dispatcher.o
    0x0002ce80   0x0002ce80   0x0000002c   Code   RO         6283    i.link_secure_pending_handle  security_manager.o
    0x0002ceac   0x0002ceac   0x000000a8   Code   RO         4773    i.local_db_apply_in_evt  gatt_cache_manager.o
    0x0002cf54   0x0002cf54   0x00000010   Code   RO         4774    i.local_db_update   gatt_cache_manager.o
    0x0002cf64   0x0002cf64   0x00000114   Code   RO         4775    i.local_db_update_in_evt  gatt_cache_manager.o
    0x0002d078   0x0002d078   0x00000002   Code   RO        10366    i.log_pending_hook  nrf_log_frontend.o
    0x0002d07a   0x0002d07a   0x00000002   PAD
    0x0002d07c   0x0002d07c   0x000000a4   Code   RO        10367    i.log_skip          nrf_log_frontend.o
    0x0002d120   0x0002d120   0x00000054   Code   RO         3252    i.long_vib_work     haptic_nv.o
    0x0002d174   0x0002d174   0x0000002e   Code   RO         1075    i.lsm6dso_aux_spi_mode_set  lsm6dso_reg.o
    0x0002d1a2   0x0002d1a2   0x0000000e   Code   RO         1115    i.lsm6dso_device_id_get  lsm6dso_reg.o
    0x0002d1b0   0x0002d1b0   0x00000052   Code   RO         1163    i.lsm6dso_fsm_data_rate_get  lsm6dso_reg.o
    0x0002d202   0x0002d202   0x00000028   Code   RO         1165    i.lsm6dso_fsm_enable_get  lsm6dso_reg.o
    0x0002d22a   0x0002d22a   0x0000005a   Code   RO         1194    i.lsm6dso_i3c_disable_set  lsm6dso_reg.o
    0x0002d284   0x0002d284   0x0000001e   Code   RO         1227    i.lsm6dso_mem_bank_set  lsm6dso_reg.o
    0x0002d2a2   0x0002d2a2   0x000001ec   Code   RO         1245    i.lsm6dso_pin_int1_route_get  lsm6dso_reg.o
    0x0002d48e   0x0002d48e   0x000001f8   Code   RO         1247    i.lsm6dso_pin_int2_route_get  lsm6dso_reg.o
    0x0002d686   0x0002d686   0x00000360   Code   RO         1248    i.lsm6dso_pin_int2_route_set  lsm6dso_reg.o
    0x0002d9e6   0x0002d9e6   0x00000024   Code   RO         1253    i.lsm6dso_read_reg  lsm6dso_reg.o
    0x0002da0a   0x0002da0a   0x0000001a   Code   RO         1254    i.lsm6dso_reset_get  lsm6dso_reg.o
    0x0002da24   0x0002da24   0x0000002e   Code   RO         1255    i.lsm6dso_reset_set  lsm6dso_reg.o
    0x0002da52   0x0002da52   0x0000002e   Code   RO         1321    i.lsm6dso_wkup_threshold_set  lsm6dso_reg.o
    0x0002da80   0x0002da80   0x00000036   Code   RO         1324    i.lsm6dso_write_reg  lsm6dso_reg.o
    0x0002dab6   0x0002dab6   0x000000ee   Code   RO         1326    i.lsm6dso_xl_data_rate_set  lsm6dso_reg.o
    0x0002dba4   0x0002dba4   0x0000002e   Code   RO         1333    i.lsm6dso_xl_full_scale_set  lsm6dso_reg.o
    0x0002dbd2   0x0002dbd2   0x0000002e   Code   RO         1335    i.lsm6dso_xl_hp_path_internal_set  lsm6dso_reg.o
    0x0002dc00   0x0002dc00   0x000001b4   Code   RO           15    i.main              main.o
    0x0002ddb4   0x0002ddb4   0x00000012   Code   RO         6563    i.make_char_id      ble_hids.o
    0x0002ddc6   0x0002ddc6   0x00000002   PAD
    0x0002ddc8   0x0002ddc8   0x0000006c   Code   RO        11307    i.malloc            mc_w.l(malloc.o)
    0x0002de34   0x0002de34   0x00000064   Code   RO         4245    i.manuf_specific_data_encode  ble_advdata.o
    0x0002de98   0x0002de98   0x0000007e   Code   RO         9831    i.memobj_op         nrf_memobj.o
    0x0002df16   0x0002df16   0x00000002   PAD
    0x0002df18   0x0002df18   0x00000030   Code   RO        10368    i.module_idx_get    nrf_log_frontend.o
    0x0002df48   0x0002df48   0x00000008   Code   RO         6090    i.mutex_lock_status_get  pm_buffer.o
    0x0002df50   0x0002df50   0x000000a6   Code   RO         4246    i.name_encode       ble_advdata.o
    0x0002dff6   0x0002dff6   0x00000002   PAD
    0x0002dff8   0x0002dff8   0x00000014   Code   RO         6284    i.new_context_get   security_manager.o
    0x0002e00c   0x0002e00c   0x00000032   Code   RO         6285    i.new_evt           security_manager.o
    0x0002e03e   0x0002e03e   0x00000030   Code   RO         5592    i.next_id_get       peer_id.o
    0x0002e06e   0x0002e06e   0x00000010   Code   RO         9246    i.nrf_atfifo_clear  nrf_atfifo.o
    0x0002e07e   0x0002e07e   0x00000026   Code   RO         9248    i.nrf_atfifo_init   nrf_atfifo.o
    0x0002e0a4   0x0002e0a4   0x00000016   Code   RO         9249    i.nrf_atfifo_item_alloc  nrf_atfifo.o
    0x0002e0ba   0x0002e0ba   0x00000016   Code   RO         9250    i.nrf_atfifo_item_free  nrf_atfifo.o
    0x0002e0d0   0x0002e0d0   0x00000016   Code   RO         9251    i.nrf_atfifo_item_get  nrf_atfifo.o
    0x0002e0e6   0x0002e0e6   0x00000016   Code   RO         9252    i.nrf_atfifo_item_put  nrf_atfifo.o
    0x0002e0fc   0x0002e0fc   0x00000016   Code   RO         9314    i.nrf_atflags_clear  nrf_atflags.o
    0x0002e112   0x0002e112   0x00000020   Code   RO         9316    i.nrf_atflags_fetch_set  nrf_atflags.o
    0x0002e132   0x0002e132   0x0000004a   Code   RO         9318    i.nrf_atflags_find_and_set_flag  nrf_atflags.o
    0x0002e17c   0x0002e17c   0x00000016   Code   RO         9319    i.nrf_atflags_get   nrf_atflags.o
    0x0002e192   0x0002e192   0x00000014   Code   RO         9321    i.nrf_atflags_set   nrf_atflags.o
    0x0002e1a6   0x0002e1a6   0x00000006   Code   RO         9382    i.nrf_atomic_flag_clear_fetch  nrf_atomic.o
    0x0002e1ac   0x0002e1ac   0x00000006   Code   RO         9383    i.nrf_atomic_flag_set  nrf_atomic.o
    0x0002e1b2   0x0002e1b2   0x00000006   Code   RO         9384    i.nrf_atomic_flag_set_fetch  nrf_atomic.o
    0x0002e1b8   0x0002e1b8   0x0000000c   Code   RO         9385    i.nrf_atomic_u32_add  nrf_atomic.o
    0x0002e1c4   0x0002e1c4   0x0000000c   Code   RO         9386    i.nrf_atomic_u32_and  nrf_atomic.o
    0x0002e1d0   0x0002e1d0   0x0000000a   Code   RO         9388    i.nrf_atomic_u32_fetch_add  nrf_atomic.o
    0x0002e1da   0x0002e1da   0x0000000a   Code   RO         9389    i.nrf_atomic_u32_fetch_and  nrf_atomic.o
    0x0002e1e4   0x0002e1e4   0x0000000a   Code   RO         9390    i.nrf_atomic_u32_fetch_or  nrf_atomic.o
    0x0002e1ee   0x0002e1ee   0x0000000a   Code   RO         9391    i.nrf_atomic_u32_fetch_store  nrf_atomic.o
    0x0002e1f8   0x0002e1f8   0x0000000c   Code   RO         9395    i.nrf_atomic_u32_or  nrf_atomic.o
    0x0002e204   0x0002e204   0x0000000c   Code   RO         9397    i.nrf_atomic_u32_sub  nrf_atomic.o
    0x0002e210   0x0002e210   0x00000044   Code   RO         9516    i.nrf_balloc_alloc  nrf_balloc.o
    0x0002e254   0x0002e254   0x00000030   Code   RO         9517    i.nrf_balloc_free   nrf_balloc.o
    0x0002e284   0x0002e284   0x00000030   Code   RO         9518    i.nrf_balloc_init   nrf_balloc.o
    0x0002e2b4   0x0002e2b4   0x00000010   Code   RO         7161    i.nrf_bitmask_bit_is_set  nrfx_gpiote.o
    0x0002e2c4   0x0002e2c4   0x00000022   Code   RO         5196    i.nrf_ble_gatt_init  nrf_ble_gatt.o
    0x0002e2e6   0x0002e2e6   0x00000002   PAD
    0x0002e2e8   0x0002e2e8   0x00000150   Code   RO         5197    i.nrf_ble_gatt_on_ble_evt  nrf_ble_gatt.o
    0x0002e438   0x0002e438   0x00000016   Code   RO         5291    i.nrf_ble_qwr_conn_handle_assign  nrf_ble_qwr.o
    0x0002e44e   0x0002e44e   0x00000024   Code   RO         5292    i.nrf_ble_qwr_init  nrf_ble_qwr.o
    0x0002e472   0x0002e472   0x000000b6   Code   RO         5293    i.nrf_ble_qwr_on_ble_evt  nrf_ble_qwr.o
    0x0002e528   0x0002e528   0x0000000e   Code   RO         7019    i.nrf_clock_event_check  nrfx_clock.o
    0x0002e536   0x0002e536   0x00000010   Code   RO         7020    i.nrf_clock_event_clear  nrfx_clock.o
    0x0002e546   0x0002e546   0x00000002   PAD
    0x0002e548   0x0002e548   0x00000040   Code   RO         6687    i.nrf_drv_clock_init  nrf_drv_clock.o
    0x0002e588   0x0002e588   0x00000034   Code   RO         6691    i.nrf_drv_clock_lfclk_release  nrf_drv_clock.o
    0x0002e5bc   0x0002e5bc   0x00000070   Code   RO         7917    i.nrf_drv_spi_init  nrf_drv_spi.o
    0x0002e62c   0x0002e62c   0x00000016   Code   RO          534    i.nrf_drv_spi_transfer  spi.o
    0x0002e642   0x0002e642   0x00000002   PAD
    0x0002e644   0x0002e644   0x00000040   Code   RO         7864    i.nrf_drv_twi_init  nrf_drv_twi.o
    0x0002e684   0x0002e684   0x00000006   Code   RO         3606    i.nrf_drv_twi_rx    cps4019.o
    0x0002e68a   0x0002e68a   0x0000000e   Code   RO         3372    i.nrf_drv_twi_tx    haptic_nv_config.o
    0x0002e698   0x0002e698   0x0000000e   Code   RO         3476    i.nrf_drv_twi_tx    aw320xx.o
    0x0002e6a6   0x0002e6a6   0x0000000e   Code   RO         3607    i.nrf_drv_twi_tx    cps4019.o
    0x0002e6b4   0x0002e6b4   0x0000000e   Code   RO         3761    i.nrf_drv_twi_tx    cellwise_cw221x.o
    0x0002e6c2   0x0002e6c2   0x00000002   PAD
    0x0002e6c4   0x0002e6c4   0x00000068   Code   RO         6833    i.nrf_drv_uart_init  nrf_drv_uart.o
    0x0002e72c   0x0002e72c   0x0000001a   Code   RO         9553    i.nrf_fprintf       nrf_fprintf.o
    0x0002e746   0x0002e746   0x00000018   Code   RO         9554    i.nrf_fprintf_buffer_flush  nrf_fprintf.o
    0x0002e75e   0x0002e75e   0x000001da   Code   RO         9594    i.nrf_fprintf_fmt   nrf_fprintf_format.o
    0x0002e938   0x0002e938   0x00000138   Code   RO         9634    i.nrf_fstorage_erase  nrf_fstorage.o
    0x0002ea70   0x0002ea70   0x00000094   Code   RO         9635    i.nrf_fstorage_init  nrf_fstorage.o
    0x0002eb04   0x0002eb04   0x00000018   Code   RO         9723    i.nrf_fstorage_sdh_req_handler  nrf_fstorage_sd.o
    0x0002eb1c   0x0002eb1c   0x00000020   Code   RO         9724    i.nrf_fstorage_sdh_state_handler  nrf_fstorage_sd.o
    0x0002eb3c   0x0002eb3c   0x000000a4   Code   RO         9725    i.nrf_fstorage_sys_evt_handler  nrf_fstorage_sd.o
    0x0002ebe0   0x0002ebe0   0x000001dc   Code   RO         9641    i.nrf_fstorage_write  nrf_fstorage.o
    0x0002edbc   0x0002edbc   0x00000024   Code   RO          917    i.nrf_gpio_cfg      tp_ts.o
    0x0002ede0   0x0002ede0   0x00000024   Code   RO         3901    i.nrf_gpio_cfg      boards.o
    0x0002ee04   0x0002ee04   0x00000024   Code   RO         7162    i.nrf_gpio_cfg      nrfx_gpiote.o
    0x0002ee28   0x0002ee28   0x00000024   Code   RO         7517    i.nrf_gpio_cfg      nrfx_uart.o
    0x0002ee4c   0x0002ee4c   0x00000024   Code   RO         7706    i.nrf_gpio_cfg      nrfx_uarte.o
    0x0002ee70   0x0002ee70   0x00000024   Code   RO         7953    i.nrf_gpio_cfg      nrfx_twi.o
    0x0002ee94   0x0002ee94   0x00000024   Code   RO         8131    i.nrf_gpio_cfg      nrfx_spim.o
    0x0002eeb8   0x0002eeb8   0x00000012   Code   RO         7518    i.nrf_gpio_cfg_default  nrfx_uart.o
    0x0002eeca   0x0002eeca   0x00000012   Code   RO         7707    i.nrf_gpio_cfg_default  nrfx_uarte.o
    0x0002eedc   0x0002eedc   0x00000012   Code   RO         7519    i.nrf_gpio_cfg_input  nrfx_uart.o
    0x0002eeee   0x0002eeee   0x00000012   Code   RO         7708    i.nrf_gpio_cfg_input  nrfx_uarte.o
    0x0002ef00   0x0002ef00   0x00000014   Code   RO          918    i.nrf_gpio_cfg_output  tp_ts.o
    0x0002ef14   0x0002ef14   0x00000014   Code   RO         7520    i.nrf_gpio_cfg_output  nrfx_uart.o
    0x0002ef28   0x0002ef28   0x00000014   Code   RO         7709    i.nrf_gpio_cfg_output  nrfx_uarte.o
    0x0002ef3c   0x0002ef3c   0x00000014   Code   RO         8132    i.nrf_gpio_cfg_output  nrfx_spim.o
    0x0002ef50   0x0002ef50   0x00000022   Code   RO         7164    i.nrf_gpio_cfg_sense_set  nrfx_gpiote.o
    0x0002ef72   0x0002ef72   0x00000002   PAD
    0x0002ef74   0x0002ef74   0x0000002c   Code   RO         7165    i.nrf_gpio_latches_read_and_clear  nrfx_gpiote.o
    0x0002efa0   0x0002efa0   0x0000000e   Code   RO         8133    i.nrf_gpio_pin_clear  nrfx_spim.o
    0x0002efae   0x0002efae   0x0000001e   Code   RO         7166    i.nrf_gpio_pin_present_check  nrfx_gpiote.o
    0x0002efcc   0x0002efcc   0x0000000e   Code   RO         7865    i.nrf_gpio_pin_set  nrf_drv_twi.o
    0x0002efda   0x0002efda   0x0000000e   Code   RO         8134    i.nrf_gpio_pin_set  nrfx_spim.o
    0x0002efe8   0x0002efe8   0x00000016   Code   RO         3902    i.nrf_gpio_pin_write  boards.o
    0x0002effe   0x0002effe   0x00000002   PAD
    0x0002f000   0x0002f000   0x00000014   Code   RO         7167    i.nrf_gpiote_event_clear  nrfx_gpiote.o
    0x0002f014   0x0002f014   0x00000010   Code   RO         7168    i.nrf_gpiote_event_is_set  nrfx_gpiote.o
    0x0002f024   0x0002f024   0x0000005c   Code   RO        10369    i.nrf_log_backend_add  nrf_log_frontend.o
    0x0002f080   0x0002f080   0x000000c8   Code   RO        10213    i.nrf_log_backend_serial_put  nrf_log_backend_serial.o
    0x0002f148   0x0002f148   0x00000002   Code   RO        10253    i.nrf_log_backend_uart_flush  nrf_log_backend_uart.o
    0x0002f14a   0x0002f14a   0x00000006   Code   RO        10254    i.nrf_log_backend_uart_init  nrf_log_backend_uart.o
    0x0002f150   0x0002f150   0x0000002c   Code   RO        10255    i.nrf_log_backend_uart_panic_set  nrf_log_backend_uart.o
    0x0002f17c   0x0002f17c   0x00000018   Code   RO        10256    i.nrf_log_backend_uart_put  nrf_log_backend_uart.o
    0x0002f194   0x0002f194   0x00000030   Code   RO        10371    i.nrf_log_color_id_get  nrf_log_frontend.o
    0x0002f1c4   0x0002f1c4   0x0000001c   Code   RO        10326    i.nrf_log_default_backends_init  nrf_log_default_backends.o
    0x0002f1e0   0x0002f1e0   0x00000238   Code   RO        10372    i.nrf_log_frontend_dequeue  nrf_log_frontend.o
    0x0002f418   0x0002f418   0x00000008   Code   RO        10374    i.nrf_log_frontend_std_0  nrf_log_frontend.o
    0x0002f420   0x0002f420   0x0000000e   Code   RO        10375    i.nrf_log_frontend_std_1  nrf_log_frontend.o
    0x0002f42e   0x0002f42e   0x00000010   Code   RO        10376    i.nrf_log_frontend_std_2  nrf_log_frontend.o
    0x0002f43e   0x0002f43e   0x00000012   Code   RO        10377    i.nrf_log_frontend_std_3  nrf_log_frontend.o
    0x0002f450   0x0002f450   0x00000014   Code   RO        10378    i.nrf_log_frontend_std_4  nrf_log_frontend.o
    0x0002f464   0x0002f464   0x000000b0   Code   RO        10555    i.nrf_log_hexdump_entry_process  nrf_log_str_formatter.o
    0x0002f514   0x0002f514   0x00000028   Code   RO        10381    i.nrf_log_init      nrf_log_frontend.o
    0x0002f53c   0x0002f53c   0x00000014   Code   RO        10382    i.nrf_log_module_cnt_get  nrf_log_frontend.o
    0x0002f550   0x0002f550   0x0000001c   Code   RO        10385    i.nrf_log_module_name_get  nrf_log_frontend.o
    0x0002f56c   0x0002f56c   0x00000028   Code   RO        10386    i.nrf_log_panic     nrf_log_frontend.o
    0x0002f594   0x0002f594   0x000000b6   Code   RO        10556    i.nrf_log_std_entry_process  nrf_log_str_formatter.o
    0x0002f64a   0x0002f64a   0x00000060   Code   RO         9832    i.nrf_memobj_alloc  nrf_memobj.o
    0x0002f6aa   0x0002f6aa   0x00000032   Code   RO         9833    i.nrf_memobj_free   nrf_memobj.o
    0x0002f6dc   0x0002f6dc   0x00000008   Code   RO         9834    i.nrf_memobj_get    nrf_memobj.o
    0x0002f6e4   0x0002f6e4   0x00000004   Code   RO         9835    i.nrf_memobj_pool_init  nrf_memobj.o
    0x0002f6e8   0x0002f6e8   0x0000001e   Code   RO         9836    i.nrf_memobj_put    nrf_memobj.o
    0x0002f706   0x0002f706   0x00000010   Code   RO         9837    i.nrf_memobj_read   nrf_memobj.o
    0x0002f716   0x0002f716   0x00000010   Code   RO         9838    i.nrf_memobj_write  nrf_memobj.o
    0x0002f726   0x0002f726   0x00000002   PAD
    0x0002f728   0x0002f728   0x00000028   Code   RO         9910    i.nrf_pwr_mgmt_init  nrf_pwr_mgmt.o
    0x0002f750   0x0002f750   0x00000044   Code   RO         9911    i.nrf_pwr_mgmt_run  nrf_pwr_mgmt.o
    0x0002f794   0x0002f794   0x00000004   Code   RO           16    i.nrf_qwr_error_handler  main.o
    0x0002f798   0x0002f798   0x0000001c   Code   RO         9984    i.nrf_ringbuf_init  nrf_ringbuf.o
    0x0002f7b4   0x0002f7b4   0x0000000c   Code   RO         8732    i.nrf_rtc_event_clear  drv_rtc.o
    0x0002f7c0   0x0002f7c0   0x00000014   Code   RO        11095    i.nrf_sdh_ble_app_ram_start_get  nrf_sdh_ble.o
    0x0002f7d4   0x0002f7d4   0x00000100   Code   RO        11096    i.nrf_sdh_ble_default_cfg_set  nrf_sdh_ble.o
    0x0002f8d4   0x0002f8d4   0x00000130   Code   RO        11097    i.nrf_sdh_ble_enable  nrf_sdh_ble.o
    0x0002fa04   0x0002fa04   0x0000005c   Code   RO        11098    i.nrf_sdh_ble_evts_poll  nrf_sdh_ble.o
    0x0002fa60   0x0002fa60   0x00000054   Code   RO        10972    i.nrf_sdh_disable_request  nrf_sdh.o
    0x0002fab4   0x0002fab4   0x00000074   Code   RO        10973    i.nrf_sdh_enable_request  nrf_sdh.o
    0x0002fb28   0x0002fb28   0x00000024   Code   RO        10974    i.nrf_sdh_evts_poll  nrf_sdh.o
    0x0002fb4c   0x0002fb4c   0x0000000c   Code   RO        10975    i.nrf_sdh_is_enabled  nrf_sdh.o
    0x0002fb58   0x0002fb58   0x0000001c   Code   RO        10977    i.nrf_sdh_request_continue  nrf_sdh.o
    0x0002fb74   0x0002fb74   0x0000003c   Code   RO        11149    i.nrf_sdh_soc_evts_poll  nrf_sdh_soc.o
    0x0002fbb0   0x0002fbb0   0x0000000a   Code   RO        10042    i.nrf_section_iter_init  nrf_section_iter.o
    0x0002fbba   0x0002fbba   0x00000024   Code   RO        10043    i.nrf_section_iter_item_set  nrf_section_iter.o
    0x0002fbde   0x0002fbde   0x00000020   Code   RO        10044    i.nrf_section_iter_next  nrf_section_iter.o
    0x0002fbfe   0x0002fbfe   0x00000022   Code   RO        10077    i.nrf_sortlist_add  nrf_sortlist.o
    0x0002fc20   0x0002fc20   0x00000006   Code   RO        10079    i.nrf_sortlist_peek  nrf_sortlist.o
    0x0002fc26   0x0002fc26   0x0000000e   Code   RO        10080    i.nrf_sortlist_pop  nrf_sortlist.o
    0x0002fc34   0x0002fc34   0x0000001e   Code   RO        10081    i.nrf_sortlist_remove  nrf_sortlist.o
    0x0002fc52   0x0002fc52   0x0000000a   Code   RO         8135    i.nrf_spim_event_check  nrfx_spim.o
    0x0002fc5c   0x0002fc5c   0x00000038   Code   RO        10133    i.nrf_strerror_find  nrf_strerror.o
    0x0002fc94   0x0002fc94   0x00000014   Code   RO        10134    i.nrf_strerror_get  nrf_strerror.o
    0x0002fca8   0x0002fca8   0x0000000a   Code   RO         7955    i.nrf_twi_event_check  nrfx_twi.o
    0x0002fcb2   0x0002fcb2   0x0000000c   Code   RO         7956    i.nrf_twi_event_clear  nrfx_twi.o
    0x0002fcbe   0x0002fcbe   0x0000000a   Code   RO         7521    i.nrf_uart_event_check  nrfx_uart.o
    0x0002fcc8   0x0002fcc8   0x0000000c   Code   RO         7522    i.nrf_uart_event_clear  nrfx_uart.o
    0x0002fcd4   0x0002fcd4   0x0000000c   Code   RO         7523    i.nrf_uart_int_enable_check  nrfx_uart.o
    0x0002fce0   0x0002fce0   0x0000000a   Code   RO         7710    i.nrf_uarte_event_check  nrfx_uarte.o
    0x0002fcea   0x0002fcea   0x0000000c   Code   RO         7711    i.nrf_uarte_event_clear  nrfx_uarte.o
    0x0002fcf6   0x0002fcf6   0x00000002   PAD
    0x0002fcf8   0x0002fcf8   0x00000010   Code   RO         6694    i.nrf_wdt_started   nrf_drv_clock.o
    0x0002fd08   0x0002fd08   0x0000002c   Code   RO         7025    i.nrfx_clock_enable  nrfx_clock.o
    0x0002fd34   0x0002fd34   0x00000020   Code   RO         7028    i.nrfx_clock_init   nrfx_clock.o
    0x0002fd54   0x0002fd54   0x00000030   Code   RO         7031    i.nrfx_clock_lfclk_stop  nrfx_clock.o
    0x0002fd84   0x0002fd84   0x00000010   Code   RO         7866    i.nrfx_coredep_delay_us  nrf_drv_twi.o
    0x0002fd94   0x0002fd94   0x00000010   Code   RO         8733    i.nrfx_coredep_delay_us  drv_rtc.o
    0x0002fda4   0x0002fda4   0x000000a0   Code   RO         7174    i.nrfx_gpiote_in_event_enable  nrfx_gpiote.o
    0x0002fe44   0x0002fe44   0x000000cc   Code   RO         7176    i.nrfx_gpiote_in_init  nrfx_gpiote.o
    0x0002ff10   0x0002ff10   0x00000014   Code   RO         7177    i.nrfx_gpiote_in_is_set  nrfx_gpiote.o
    0x0002ff24   0x0002ff24   0x00000074   Code   RO         7179    i.nrfx_gpiote_init  nrfx_gpiote.o
    0x0002ff98   0x0002ff98   0x00000014   Code   RO         7180    i.nrfx_gpiote_is_init  nrfx_gpiote.o
    0x0002ffac   0x0002ffac   0x000000bc   Code   RO         7182    i.nrfx_gpiote_out_init  nrfx_gpiote.o
    0x00030068   0x00030068   0x00000010   Code   RO         7712    i.nrfx_is_in_ram    nrfx_uarte.o
    0x00030078   0x00030078   0x00000010   Code   RO         8136    i.nrfx_is_in_ram    nrfx_spim.o
    0x00030088   0x00030088   0x0000003a   Code   RO         7463    i.nrfx_prs_acquire  nrfx_prs.o
    0x000300c2   0x000300c2   0x00000012   Code   RO         7464    i.nrfx_prs_release  nrfx_prs.o
    0x000300d4   0x000300d4   0x0000016c   Code   RO         8139    i.nrfx_spim_init    nrfx_spim.o
    0x00030240   0x00030240   0x00000064   Code   RO         8142    i.nrfx_spim_xfer    nrfx_spim.o
    0x000302a4   0x000302a4   0x00000020   Code   RO         7959    i.nrfx_twi_enable   nrfx_twi.o
    0x000302c4   0x000302c4   0x000000e4   Code   RO         7960    i.nrfx_twi_init     nrfx_twi.o
    0x000303a8   0x000303a8   0x00000030   Code   RO         7962    i.nrfx_twi_rx       nrfx_twi.o
    0x000303d8   0x000303d8   0x00000036   Code   RO         7964    i.nrfx_twi_tx       nrfx_twi.o
    0x0003040e   0x0003040e   0x00000002   PAD
    0x00030410   0x00030410   0x00000020   Code   RO         7966    i.nrfx_twi_xfer     nrfx_twi.o
    0x00030430   0x00030430   0x00000010   Code   RO         7524    i.nrfx_uart_0_irq_handler  nrfx_uart.o
    0x00030440   0x00030440   0x000000d4   Code   RO         7526    i.nrfx_uart_init    nrfx_uart.o
    0x00030514   0x00030514   0x000000a8   Code   RO         7532    i.nrfx_uart_tx      nrfx_uart.o
    0x000305bc   0x000305bc   0x00000020   Code   RO         7534    i.nrfx_uart_tx_in_progress  nrfx_uart.o
    0x000305dc   0x000305dc   0x000000c0   Code   RO         7535    i.nrfx_uart_uninit  nrfx_uart.o
    0x0003069c   0x0003069c   0x00000010   Code   RO         7713    i.nrfx_uarte_0_irq_handler  nrfx_uarte.o
    0x000306ac   0x000306ac   0x0000006c   Code   RO         7715    i.nrfx_uarte_init   nrfx_uarte.o
    0x00030718   0x00030718   0x000000ac   Code   RO         7719    i.nrfx_uarte_tx     nrfx_uarte.o
    0x000307c4   0x000307c4   0x0000001c   Code   RO         7721    i.nrfx_uarte_tx_in_progress  nrfx_uarte.o
    0x000307e0   0x000307e0   0x00000108   Code   RO         7722    i.nrfx_uarte_uninit  nrfx_uarte.o
    0x000308e8   0x000308e8   0x00000018   Code   RO        11193    i.nvmc_config       system_nrf52.o
    0x00030900   0x00030900   0x000001b4   Code   RO           17    i.on_adv_evt        main.o
    0x00030ab4   0x00030ab4   0x000000ac   Code   RO         6564    i.on_connect        ble_hids.o
    0x00030b60   0x00030b60   0x000000a8   Code   RO         5198    i.on_connected_evt  nrf_ble_gatt.o
    0x00030c08   0x00030c08   0x000000ac   Code   RO         5199    i.on_exchange_mtu_request_evt  nrf_ble_gatt.o
    0x00030cb4   0x00030cb4   0x00000020   Code   RO           18    i.on_hids_evt       main.o
    0x00030cd4   0x00030cd4   0x0000005e   Code   RO         6565    i.on_protocol_mode_read_auth  ble_hids.o
    0x00030d32   0x00030d32   0x0000003c   Code   RO         6566    i.on_report_cccd_write  ble_hids.o
    0x00030d6e   0x00030d6e   0x00000084   Code   RO         6567    i.on_report_value_read_auth  ble_hids.o
    0x00030df2   0x00030df2   0x00000076   Code   RO         6568    i.on_report_value_write  ble_hids.o
    0x00030e68   0x00030e68   0x000000ce   Code   RO         6569    i.on_rw_authorize_request  ble_hids.o
    0x00030f36   0x00030f36   0x00000002   PAD
    0x00030f38   0x00030f38   0x000001a8   Code   RO         6570    i.on_write          ble_hids.o
    0x000310e0   0x000310e0   0x00000024   Code   RO         8911    i.page_identify     fds.o
    0x00031104   0x00031104   0x0000001c   Code   RO         8912    i.page_offsets_update  fds.o
    0x00031120   0x00031120   0x0000006c   Code   RO         8913    i.page_scan         fds.o
    0x0003118c   0x0003118c   0x0000001c   Code   RO         8914    i.page_tag_write_data  fds.o
    0x000311a8   0x000311a8   0x00000024   Code   RO         8915    i.page_tag_write_swap  fds.o
    0x000311cc   0x000311cc   0x00000130   Code   RO         8916    i.pages_init        fds.o
    0x000312fc   0x000312fc   0x0000000c   Code   RO         6144    i.pairing           security_dispatcher.o
    0x00031308   0x00031308   0x00000074   Code   RO         6145    i.pairing_failure   security_dispatcher.o
    0x0003137c   0x0003137c   0x0000002e   Code   RO         6146    i.pairing_success_evt_send  security_dispatcher.o
    0x000313aa   0x000313aa   0x00000006   Code   RO         6286    i.params_reply_pending_handle  security_manager.o
    0x000313b0   0x000313b0   0x00000020   Code   RO         6287    i.params_req_send   security_manager.o
    0x000313d0   0x000313d0   0x000000d4   Code   RO         3253    i.parse_chipid      haptic_nv.o
    0x000314a4   0x000314a4   0x0000001c   Code   RO         5472    i.pdb_evt_send      peer_database.o
    0x000314c0   0x000314c0   0x00000090   Code   RO         5473    i.pdb_init          peer_database.o
    0x00031550   0x00031550   0x0000007c   Code   RO         5474    i.pdb_pds_evt_handler  peer_database.o
    0x000315cc   0x000315cc   0x00000006   Code   RO         5475    i.pdb_peer_data_ptr_get  peer_database.o
    0x000315d2   0x000315d2   0x00000002   PAD
    0x000315d4   0x000315d4   0x0000008c   Code   RO         5476    i.pdb_peer_free     peer_database.o
    0x00031660   0x00031660   0x000000dc   Code   RO         5477    i.pdb_write_buf_get  peer_database.o
    0x0003173c   0x0003173c   0x00000014   Code   RO         5478    i.pdb_write_buf_release  peer_database.o
    0x00031750   0x00031750   0x00000036   Code   RO         5479    i.pdb_write_buf_store  peer_database.o
    0x00031786   0x00031786   0x00000002   PAD
    0x00031788   0x00031788   0x00000010   Code   RO         5334    i.pds_evt_send      peer_data_storage.o
    0x00031798   0x00031798   0x000000dc   Code   RO         5335    i.pds_init          peer_data_storage.o
    0x00031874   0x00031874   0x00000004   Code   RO         5336    i.pds_next_deleted_peer_id_get  peer_data_storage.o
    0x00031878   0x00031878   0x00000004   Code   RO         5337    i.pds_next_peer_id_get  peer_data_storage.o
    0x0003187c   0x0003187c   0x00000058   Code   RO         5340    i.pds_peer_data_iterate  peer_data_storage.o
    0x000318d4   0x000318d4   0x00000010   Code   RO         5341    i.pds_peer_data_iterate_prepare  peer_data_storage.o
    0x000318e4   0x000318e4   0x00000072   Code   RO         5342    i.pds_peer_data_read  peer_data_storage.o
    0x00031956   0x00031956   0x00000002   PAD
    0x00031958   0x00031958   0x000000b4   Code   RO         5343    i.pds_peer_data_store  peer_data_storage.o
    0x00031a0c   0x00031a0c   0x00000008   Code   RO         5344    i.pds_peer_id_allocate  peer_data_storage.o
    0x00031a14   0x00031a14   0x00000016   Code   RO         5345    i.pds_peer_id_free  peer_data_storage.o
    0x00031a2a   0x00031a2a   0x00000004   Code   RO         5346    i.pds_peer_id_is_allocated  peer_data_storage.o
    0x00031a2e   0x00031a2e   0x00000004   Code   RO         5347    i.pds_peer_id_is_deleted  peer_data_storage.o
    0x00031a32   0x00031a32   0x00000002   PAD
    0x00031a34   0x00031a34   0x000000a8   Code   RO         5348    i.peer_data_delete_process  peer_data_storage.o
    0x00031adc   0x00031adc   0x00000030   Code   RO         5349    i.peer_data_find    peer_data_storage.o
    0x00031b0c   0x00031b0c   0x00000024   Code   RO         5350    i.peer_data_id_is_valid  peer_data_storage.o
    0x00031b30   0x00031b30   0x0000001a   Code   RO         5480    i.peer_data_point_to_buffer  peer_database.o
    0x00031b4a   0x00031b4a   0x00000002   PAD
    0x00031b4c   0x00031b4c   0x0000000c   Code   RO         5593    i.peer_id_allocate  peer_id.o
    0x00031b58   0x00031b58   0x00000024   Code   RO         5594    i.peer_id_delete    peer_id.o
    0x00031b7c   0x00031b7c   0x0000001c   Code   RO         5595    i.peer_id_free      peer_id.o
    0x00031b98   0x00031b98   0x0000000c   Code   RO         5596    i.peer_id_get_next_deleted  peer_id.o
    0x00031ba4   0x00031ba4   0x00000030   Code   RO         5597    i.peer_id_get_next_used  peer_id.o
    0x00031bd4   0x00031bd4   0x0000000c   Code   RO         5598    i.peer_id_init      peer_id.o
    0x00031be0   0x00031be0   0x00000014   Code   RO         5599    i.peer_id_is_allocated  peer_id.o
    0x00031bf4   0x00031bf4   0x00000014   Code   RO         5600    i.peer_id_is_deleted  peer_id.o
    0x00031c08   0x00031c08   0x0000006c   Code   RO           19    i.peer_manager_init  main.o
    0x00031c74   0x00031c74   0x000000c0   Code   RO         5045    i.peers_id_keys_get  id_manager.o
    0x00031d34   0x00031d34   0x00000198   Code   RO          694    i.pen_gpio_init     gpio.o
    0x00031ecc   0x00031ecc   0x00000084   Code   RO          535    i.pen_gsensor_init  spi.o
    0x00031f50   0x00031f50   0x00000054   Code   RO          537    i.pen_spi_init      spi.o
    0x00031fa4   0x00031fa4   0x0000002c   Code   RO          538    i.pen_spi_read      spi.o
    0x00031fd0   0x00031fd0   0x0000002c   Code   RO          539    i.pen_spi_write     spi.o
    0x00031ffc   0x00031ffc   0x00000030   Code   RO          644    i.pen_twi_init      i2c.o
    0x0003202c   0x0003202c   0x00000012   Code   RO         4354    i.phy_is_valid      ble_advertising.o
    0x0003203e   0x0003203e   0x00000002   PAD
    0x00032040   0x00032040   0x0000001c   Code   RO         7198    i.pin_configured_set  nrfx_gpiote.o
    0x0003205c   0x0003205c   0x00000018   Code   RO         7199    i.pin_in_use_by_port  nrfx_gpiote.o
    0x00032074   0x00032074   0x00000018   Code   RO         7200    i.pin_in_use_by_te  nrfx_gpiote.o
    0x0003208c   0x0003208c   0x00000064   Code   RO         6091    i.pm_buffer_block_acquire  pm_buffer.o
    0x000320f0   0x000320f0   0x00000024   Code   RO         6092    i.pm_buffer_init    pm_buffer.o
    0x00032114   0x00032114   0x00000028   Code   RO         6093    i.pm_buffer_ptr_get  pm_buffer.o
    0x0003213c   0x0003213c   0x00000032   Code   RO         6094    i.pm_buffer_release  pm_buffer.o
    0x0003216e   0x0003216e   0x00000002   PAD
    0x00032170   0x00032170   0x00000014   Code   RO         5688    i.pm_conn_sec_status_get  peer_manager.o
    0x00032184   0x00032184   0x0000001c   Code   RO         5689    i.pm_conn_secure    peer_manager.o
    0x000321a0   0x000321a0   0x00000014   Code   RO         5690    i.pm_device_identities_list_set  peer_manager.o
    0x000321b4   0x000321b4   0x000000a0   Code   RO           20    i.pm_evt_handler    main.o
    0x00032254   0x00032254   0x00000004   Code   RO         5691    i.pm_gcm_evt_handler  peer_manager.o
    0x00032258   0x00032258   0x00000004   Code   RO         5692    i.pm_gscm_evt_handler  peer_manager.o
    0x0003225c   0x0003225c   0x00000068   Code   RO         5996    i.pm_handler_disconnect_on_sec_failure  peer_manager_handler.o
    0x000322c4   0x000322c4   0x00000244   Code   RO         5997    i.pm_handler_flash_clean  peer_manager_handler.o
    0x00032508   0x00032508   0x0000001c   Code   RO         5998    i.pm_handler_flash_clean_on_return  peer_manager_handler.o
    0x00032524   0x00032524   0x00000054   Code   RO         5999    i.pm_handler_on_pm_evt  peer_manager_handler.o
    0x00032578   0x00032578   0x00000310   Code   RO         6000    i.pm_handler_pm_evt_log  peer_manager_handler.o
    0x00032888   0x00032888   0x00000004   Code   RO         5695    i.pm_im_evt_handler  peer_manager.o
    0x0003288c   0x0003288c   0x000001c0   Code   RO         5696    i.pm_init           peer_manager.o
    0x00032a4c   0x00032a4c   0x00000028   Code   RO         5699    i.pm_next_peer_id_get  peer_manager.o
    0x00032a74   0x00032a74   0x00000118   Code   RO         5700    i.pm_pdb_evt_handler  peer_manager.o
    0x00032b8c   0x00032b8c   0x00000012   Code   RO         5704    i.pm_peer_data_bonding_load  peer_manager.o
    0x00032b9e   0x00032b9e   0x00000002   PAD
    0x00032ba0   0x00032ba0   0x00000028   Code   RO         5707    i.pm_peer_data_load  peer_manager.o
    0x00032bc8   0x00032bc8   0x00000014   Code   RO         5711    i.pm_peer_delete    peer_manager.o
    0x00032bdc   0x00032bdc   0x00000110   Code   RO         5713    i.pm_peer_id_list   peer_manager.o
    0x00032cec   0x00032cec   0x0000011c   Code   RO         5715    i.pm_peer_rank_highest  peer_manager.o
    0x00032e08   0x00032e08   0x000000e8   Code   RO         5716    i.pm_peer_ranks_get  peer_manager.o
    0x00032ef0   0x00032ef0   0x00000094   Code   RO         5717    i.pm_peers_delete   peer_manager.o
    0x00032f84   0x00032f84   0x0000002c   Code   RO         5720    i.pm_register       peer_manager.o
    0x00032fb0   0x00032fb0   0x00000014   Code   RO         5722    i.pm_sec_params_set  peer_manager.o
    0x00032fc4   0x00032fc4   0x0000000a   Code   RO         5723    i.pm_sm_evt_handler  peer_manager.o
    0x00032fce   0x00032fce   0x00000002   PAD
    0x00032fd0   0x00032fd0   0x0000002c   Code   RO         5724    i.pm_whitelist_get  peer_manager.o
    0x00032ffc   0x00032ffc   0x00000014   Code   RO         5725    i.pm_whitelist_set  peer_manager.o
    0x00033010   0x00033010   0x00000034   Code   RO         6515    i.pnp_id_encode     ble_dis.o
    0x00033044   0x00033044   0x000000b4   Code   RO         7201    i.port_event_handle  nrfx_gpiote.o
    0x000330f8   0x000330f8   0x00000010   Code   RO         7202    i.port_handler_polarity_get  nrfx_gpiote.o
    0x00033108   0x00033108   0x0000003c   Code   RO        10558    i.postfix_process   nrf_log_str_formatter.o
    0x00033144   0x00033144   0x00000098   Code   RO        10559    i.prefix_process    nrf_log_str_formatter.o
    0x000331dc   0x000331dc   0x00000018   Code   RO         7465    i.prs_box_get       nrfx_prs.o
    0x000331f4   0x000331f4   0x0000001c   Code   RO         8917    i.queue_buf_get     fds.o
    0x00033210   0x00033210   0x00000010   Code   RO         8918    i.queue_buf_store   fds.o
    0x00033220   0x00033220   0x00000014   Code   RO         9726    i.queue_free        nrf_fstorage_sd.o
    0x00033234   0x00033234   0x000000a4   Code   RO         8919    i.queue_process     fds.o
    0x000332d8   0x000332d8   0x000000a0   Code   RO         9727    i.queue_process     nrf_fstorage_sd.o
    0x00033378   0x00033378   0x0000001c   Code   RO         8920    i.queue_start       fds.o
    0x00033394   0x00033394   0x00000024   Code   RO         9728    i.queue_start       nrf_fstorage_sd.o
    0x000333b8   0x000333b8   0x00000054   Code   RO         3254    i.ram_show          haptic_nv.o
    0x0003340c   0x0003340c   0x00000040   Code   RO         3255    i.ram_vbat_comp     haptic_nv.o
    0x0003344c   0x0003344c   0x0000001c   Code   RO         6003    i.rank_highest      peer_manager_handler.o
    0x00033468   0x00033468   0x00000030   Code   RO         5726    i.rank_vars_update  peer_manager.o
    0x00033498   0x00033498   0x0000000e   Code   RO         9729    i.read              nrf_fstorage_sd.o
    0x000334a6   0x000334a6   0x00000002   PAD
    0x000334a8   0x000334a8   0x00000054   Code   RO         3609    i.read_register     cps4019.o
    0x000334fc   0x000334fc   0x000000a8   Code   RO         5481    i.reattempt_previous_operations  peer_database.o
    0x000335a4   0x000335a4   0x00000090   Code   RO         8921    i.record_find       fds.o
    0x00033634   0x00033634   0x000000a0   Code   RO         8922    i.record_find_by_desc  fds.o
    0x000336d4   0x000336d4   0x0000005c   Code   RO         8923    i.record_find_next  fds.o
    0x00033730   0x00033730   0x0000003c   Code   RO         8924    i.record_header_flag_dirty  fds.o
    0x0003376c   0x0003376c   0x00000088   Code   RO         8925    i.records_stat      fds.o
    0x000337f4   0x000337f4   0x00000010   Code   RO         5602    i.release           peer_id.o
    0x00033804   0x00033804   0x0000009a   Code   RO         6571    i.rep_char_add      ble_hids.o
    0x0003389e   0x0003389e   0x000000be   Code   RO         6572    i.rep_map_char_add  ble_hids.o
    0x0003395c   0x0003395c   0x000000f2   Code   RO         6573    i.rep_value_identify  ble_hids.o
    0x00033a4e   0x00033a4e   0x00000004   Code   RO         9730    i.rmap              nrf_fstorage_sd.o
    0x00033a52   0x00033a52   0x00000002   PAD
    0x00033a54   0x00033a54   0x0000005c   Code   RO         8483    i.rtc_irq           app_timer2.o
    0x00033ab0   0x00033ab0   0x0000006c   Code   RO         8484    i.rtc_schedule      app_timer2.o
    0x00033b1c   0x00033b1c   0x0000008c   Code   RO         8485    i.rtc_update        app_timer2.o
    0x00033ba8   0x00033ba8   0x00000070   Code   RO         3256    i.rtp_going         haptic_nv.o
    0x00033c18   0x00033c18   0x00000078   Code   RO         3257    i.rtp_vib_work      haptic_nv.o
    0x00033c90   0x00033c90   0x00000032   Code   RO         7536    i.rx_byte           nrfx_uart.o
    0x00033cc2   0x00033cc2   0x00000016   Code   RO         7537    i.rx_done_event     nrfx_uart.o
    0x00033cd8   0x00033cd8   0x00000016   Code   RO         7723    i.rx_done_event     nrfx_uarte.o
    0x00033cee   0x00033cee   0x00000002   PAD
    0x00033cf0   0x00033cf0   0x00000024   Code   RO         4776    i.sc_send_pending_handle  gatt_cache_manager.o
    0x00033d14   0x00033d14   0x00000008   Code   RO         8486    i.scheduled_timeout_handler  app_timer2.o
    0x00033d1c   0x00033d1c   0x00000058   Code   RO         6695    i.sd_state_evt_handler  nrf_drv_clock.o
    0x00033d74   0x00033d74   0x00000030   Code   RO        10980    i.sdh_request_observer_notify  nrf_sdh.o
    0x00033da4   0x00033da4   0x0000002c   Code   RO        10981    i.sdh_state_observer_notify  nrf_sdh.o
    0x00033dd0   0x00033dd0   0x000000d8   Code   RO         6147    i.sec_info_request_process  security_dispatcher.o
    0x00033ea8   0x00033ea8   0x000000f4   Code   RO         6148    i.sec_keyset_fill   security_dispatcher.o
    0x00033f9c   0x00033f9c   0x00000076   Code   RO         6288    i.sec_params_verify  security_manager.o
    0x00034012   0x00034012   0x00000002   PAD
    0x00034014   0x00034014   0x00000060   Code   RO         6149    i.sec_proc_start    security_dispatcher.o
    0x00034074   0x00034074   0x0000005c   Code   RO         6289    i.sec_req_process   security_manager.o
    0x000340d0   0x000340d0   0x00000022   Code   RO         6150    i.send_config_req   security_dispatcher.o
    0x000340f2   0x000340f2   0x00000002   PAD
    0x000340f4   0x000340f4   0x00000010   Code   RO         4442    i.send_error_evt    ble_conn_params.o
    0x00034104   0x00034104   0x00000028   Code   RO         4777    i.send_unexpected_error  gatt_cache_manager.o
    0x0003412c   0x0003412c   0x00000028   Code   RO         6151    i.send_unexpected_error  security_dispatcher.o
    0x00034154   0x00034154   0x0000001c   Code   RO        10163    i.sensorsim_decrement  sensorsim.o
    0x00034170   0x00034170   0x0000001c   Code   RO        10164    i.sensorsim_increment  sensorsim.o
    0x0003418c   0x0003418c   0x00000016   Code   RO        10165    i.sensorsim_init    sensorsim.o
    0x000341a2   0x000341a2   0x0000001a   Code   RO        10166    i.sensorsim_measure  sensorsim.o
    0x000341bc   0x000341bc   0x00000040   Code   RO        10257    i.serial_tx         nrf_log_backend_uart.o
    0x000341fc   0x000341fc   0x00000014   Code   RO         4778    i.service_changed_pending_flags_check  gatt_cache_manager.o
    0x00034210   0x00034210   0x00000094   Code   RO         4937    i.service_changed_pending_set  gatts_cache_manager.o
    0x000342a4   0x000342a4   0x00000168   Code   RO         4779    i.service_changed_send_in_evt  gatt_cache_manager.o
    0x0003440c   0x0003440c   0x00000088   Code   RO         4247    i.service_data_encode  ble_advdata.o
    0x00034494   0x00034494   0x00000004   Code   RO           21    i.service_error_handler  main.o
    0x00034498   0x00034498   0x000000ac   Code   RO           22    i.services_init     main.o
    0x00034544   0x00034544   0x00000030   Code   RO         4709    i.set_security_req  ble_srv_common.o
    0x00034574   0x00034574   0x00000070   Code   RO         3258    i.short_vib_work    haptic_nv.o
    0x000345e4   0x000345e4   0x00000028   Code   RO           23    i.sleep_mode_enter  main.o
    0x0003460c   0x0003460c   0x0000002c   Code   RO         6290    i.sm_ble_evt_handler  security_manager.o
    0x00034638   0x00034638   0x000000a2   Code   RO         6292    i.sm_conn_sec_status_get  security_manager.o
    0x000346da   0x000346da   0x00000002   PAD
    0x000346dc   0x000346dc   0x00000058   Code   RO         6293    i.sm_init           security_manager.o
    0x00034734   0x00034734   0x0000000a   Code   RO         6295    i.sm_link_secure    security_manager.o
    0x0003473e   0x0003473e   0x00000002   PAD
    0x00034740   0x00034740   0x00000044   Code   RO         6296    i.sm_pdb_evt_handler  security_manager.o
    0x00034784   0x00034784   0x00000028   Code   RO         6297    i.sm_sec_is_sufficient  security_manager.o
    0x000347ac   0x000347ac   0x00000034   Code   RO         6299    i.sm_sec_params_set  security_manager.o
    0x000347e0   0x000347e0   0x0000002c   Code   RO         6300    i.sm_smd_evt_handler  security_manager.o
    0x0003480c   0x0003480c   0x000000f4   Code   RO         6152    i.smd_ble_evt_handler  security_dispatcher.o
    0x00034900   0x00034900   0x00000068   Code   RO         6154    i.smd_init          security_dispatcher.o
    0x00034968   0x00034968   0x00000028   Code   RO         6155    i.smd_link_secure   security_dispatcher.o
    0x00034990   0x00034990   0x000000ac   Code   RO         6156    i.smd_params_reply  security_dispatcher.o
    0x00034a3c   0x00034a3c   0x00000040   Code   RO         6301    i.smd_params_reply_perform  security_manager.o
    0x00034a7c   0x00034a7c   0x00000018   Code   RO         6696    i.soc_evt_handler   nrf_drv_clock.o
    0x00034a94   0x00034a94   0x00000040   Code   RO        10982    i.softdevice_evt_irq_disable  nrf_sdh.o
    0x00034ad4   0x00034ad4   0x00000058   Code   RO        10983    i.softdevices_evt_irq_enable  nrf_sdh.o
    0x00034b2c   0x00034b2c   0x0000000c   Code   RO         8487    i.sortlist_pop      app_timer2.o
    0x00034b38   0x00034b38   0x0000003c   Code   RO          540    i.spi_event_handler  spi.o
    0x00034b74   0x00034b74   0x00000038   Code   RO         7918    i.spim_evt_handler  nrf_drv_spi.o
    0x00034bac   0x00034bac   0x000000bc   Code   RO         8143    i.spim_xfer         nrfx_spim.o
    0x00034c68   0x00034c68   0x00000030   Code   RO         8255    i.state_set         app_button.o
    0x00034c98   0x00034c98   0x00000098   Code   RO        10388    i.std_n             nrf_log_frontend.o
    0x00034d30   0x00034d30   0x0000006c   Code   RO         4780    i.store_car_value   gatt_cache_manager.o
    0x00034d9c   0x00034d9c   0x0000001a   Code   RO         3259    i.sw_reset          haptic_nv.o
    0x00034db6   0x00034db6   0x00000042   Code   RO         6516    i.sys_id_encode     ble_dis.o
    0x00034df8   0x00034df8   0x000000b0   Code   RO         8488    i.timer_expire      app_timer2.o
    0x00034ea8   0x00034ea8   0x00000080   Code   RO         8489    i.timer_req_process  app_timer2.o
    0x00034f28   0x00034f28   0x00000038   Code   RO         8490    i.timer_req_schedule  app_timer2.o
    0x00034f60   0x00034f60   0x00000018   Code   RO         8256    i.timer_start       app_button.o
    0x00034f78   0x00034f78   0x00000002   Code   RO          695    i.touch_int_handler  gpio.o
    0x00034f7a   0x00034f7a   0x000000aa   Code   RO         7867    i.twi_clear_bus     nrf_drv_twi.o
    0x00035024   0x00035024   0x00000040   Code   RO         7868    i.twi_evt_handler   nrf_drv_twi.o
    0x00035064   0x00035064   0x00000014   Code   RO          645    i.twi_handler       i2c.o
    0x00035078   0x00035078   0x000000bc   Code   RO         7967    i.twi_irq_handler   nrfx_twi.o
    0x00035134   0x00035134   0x0000001e   Code   RO         7968    i.twi_process_error  nrfx_twi.o
    0x00035152   0x00035152   0x00000002   PAD
    0x00035154   0x00035154   0x000000c4   Code   RO         7969    i.twi_rx_start_transfer  nrfx_twi.o
    0x00035218   0x00035218   0x00000036   Code   RO         7970    i.twi_send_byte     nrfx_twi.o
    0x0003524e   0x0003524e   0x00000140   Code   RO         7971    i.twi_transfer      nrfx_twi.o
    0x0003538e   0x0003538e   0x00000002   PAD
    0x00035390   0x00035390   0x000000b8   Code   RO         7972    i.twi_tx_start_transfer  nrfx_twi.o
    0x00035448   0x00035448   0x000000a4   Code   RO         7973    i.twi_xfer          nrfx_twi.o
    0x000354ec   0x000354ec   0x00000020   Code   RO         7539    i.tx_byte           nrfx_uart.o
    0x0003550c   0x0003550c   0x0000001a   Code   RO         7540    i.tx_done_event     nrfx_uart.o
    0x00035526   0x00035526   0x0000001a   Code   RO         7724    i.tx_done_event     nrfx_uarte.o
    0x00035540   0x00035540   0x00000030   Code   RO         6834    i.uart_evt_handler  nrf_drv_uart.o
    0x00035570   0x00035570   0x0000000c   Code   RO        10258    i.uart_evt_handler  nrf_log_backend_uart.o
    0x0003557c   0x0003557c   0x00000050   Code   RO        10259    i.uart_init         nrf_log_backend_uart.o
    0x000355cc   0x000355cc   0x0000012a   Code   RO         7541    i.uart_irq_handler  nrfx_uart.o
    0x000356f6   0x000356f6   0x00000002   PAD
    0x000356f8   0x000356f8   0x00000030   Code   RO         6835    i.uarte_evt_handler  nrf_drv_uart.o
    0x00035728   0x00035728   0x00000112   Code   RO         7725    i.uarte_irq_handler  nrfx_uarte.o
    0x0003583a   0x0003583a   0x0000000a   Code   RO         4248    i.uint16_encode     ble_advdata.o
    0x00035844   0x00035844   0x00000020   Code   RO         9731    i.uninit            nrf_fstorage_sd.o
    0x00035864   0x00035864   0x000000b4   Code   RO         9595    i.unsigned_print    nrf_fprintf_format.o
    0x00035918   0x00035918   0x00000030   Code   RO         4781    i.update_pending_flags_check  gatt_cache_manager.o
    0x00035948   0x00035948   0x00000068   Code   RO         4443    i.update_timeout_handler  ble_conn_params.o
    0x000359b0   0x000359b0   0x0000001c   Code   RO         3260    i.upload_lra        haptic_nv.o
    0x000359cc   0x000359cc   0x00000018   Code   RO         4355    i.use_whitelist     ble_advertising.o
    0x000359e4   0x000359e4   0x0000000c   Code   RO         4530    i.user_flag_is_acquired  ble_conn_state.o
    0x000359f0   0x000359f0   0x00000024   Code   RO         5294    i.user_mem_reply    nrf_ble_qwr.o
    0x00035a14   0x00035a14   0x00000020   Code   RO         8257    i.usr_event         app_button.o
    0x00035a34   0x00035a34   0x00000030   Code   RO         4249    i.uuid_list_encode  ble_advdata.o
    0x00035a64   0x00035a64   0x0000009e   Code   RO         4250    i.uuid_list_sized_encode  ble_advdata.o
    0x00035b02   0x00035b02   0x00000002   Code   RO          696    i.voltmeter_int_handler  gpio.o
    0x00035b04   0x00035b04   0x0000003a   Code   RO         4006    i.wakeup_button_cfg  bsp.o
    0x00035b3e   0x00035b3e   0x00000002   PAD
    0x00035b40   0x00035b40   0x00000084   Code   RO           24    i.whitelist_set     main.o
    0x00035bc4   0x00035bc4   0x00000002   Code   RO          697    i.wireless_power_handler  gpio.o
    0x00035bc6   0x00035bc6   0x00000004   Code   RO         9732    i.wmap              nrf_fstorage_sd.o
    0x00035bca   0x00035bca   0x00000002   PAD
    0x00035bcc   0x00035bcc   0x00000050   Code   RO         9733    i.write             nrf_fstorage_sd.o
    0x00035c1c   0x00035c1c   0x0000014c   Code   RO         5482    i.write_buf_store   peer_database.o
    0x00035d68   0x00035d68   0x00000034   Code   RO         5483    i.write_buffer_record_find  peer_database.o
    0x00035d9c   0x00035d9c   0x00000030   Code   RO         5484    i.write_buffer_record_find_next  peer_database.o
    0x00035dcc   0x00035dcc   0x0000001c   Code   RO         5485    i.write_buffer_record_invalidate  peer_database.o
    0x00035de8   0x00035de8   0x0000002c   Code   RO         5486    i.write_buffer_record_release  peer_database.o
    0x00035e14   0x00035e14   0x000000f4   Code   RO         8926    i.write_enqueue     fds.o
    0x00035f08   0x00035f08   0x000000f8   Code   RO         8927    i.write_execute     fds.o
    0x00036000   0x00036000   0x00000054   Code   RO         3261    i.write_rtp_data    haptic_nv.o
    0x00036054   0x00036054   0x00000018   Code   RO         8928    i.write_space_free  fds.o
    0x0003606c   0x0003606c   0x00000060   Code   RO         8929    i.write_space_reserve  fds.o
    0x000360cc   0x000360cc   0x00000004   Data   RO           27    .constdata          main.o
    0x000360d0   0x000360d0   0x00000010   Data   RO          541    .constdata          spi.o
    0x000360e0   0x000360e0   0x00000020   Data   RO          646    .constdata          i2c.o
    0x00036100   0x00036100   0x00000037   Data   RO          698    .constdata          gpio.o
    0x00036137   0x00036137   0x00000009   PAD
    0x00036140   0x00036140   0x00000006   Data   RO          919    .constdata          tp_ts.o
    0x00036146   0x00036146   0x0000000a   PAD
    0x00036150   0x00036150   0x00000006   Data   RO         3373    .constdata          haptic_nv_config.o
    0x00036156   0x00036156   0x00000008   Data   RO         3903    .constdata          boards.o
    0x0003615e   0x0003615e   0x00000002   PAD
    0x00036160   0x00036160   0x0000002c   Data   RO         4008    .constdata          bsp.o
    0x0003618c   0x0003618c   0x0000006c   Data   RO         4782    .constdata          gatt_cache_manager.o
    0x000361f8   0x000361f8   0x00000004   Data   RO         4938    .constdata          gatts_cache_manager.o
    0x000361fc   0x000361fc   0x00000010   Data   RO         4939    .constdata          gatts_cache_manager.o
    0x0003620c   0x0003620c   0x00000004   Data   RO         4940    .constdata          gatts_cache_manager.o
    0x00036210   0x00036210   0x00000008   Data   RO         5047    .constdata          id_manager.o
    0x00036218   0x00036218   0x00000016   Data   RO         5200    .constdata          nrf_ble_gatt.o
    0x0003622e   0x0003622e   0x00000002   PAD
    0x00036230   0x00036230   0x00000018   Data   RO         5351    .constdata          peer_data_storage.o
    0x00036248   0x00036248   0x00000010   Data   RO         5488    .constdata          peer_database.o
    0x00036258   0x00036258   0x0000002c   Data   RO         5728    .constdata          peer_manager.o
    0x00036284   0x00036284   0x00000014   Data   RO         6006    .constdata          peer_manager_handler.o
    0x00036298   0x00036298   0x00000078   Data   RO         6158    .constdata          security_dispatcher.o
    0x00036310   0x00036310   0x00000008   Data   RO         6302    .constdata          security_manager.o
    0x00036318   0x00036318   0x00000004   Data   RO         7204    .constdata          nrfx_gpiote.o
    0x0003631c   0x0003631c   0x00000004   Data   RO         7544    .constdata          nrfx_uart.o
    0x00036320   0x00036320   0x00000004   Data   RO         7728    .constdata          nrfx_uarte.o
    0x00036324   0x00036324   0x0000000c   PAD
    0x00036330   0x00036330   0x00000006   Data   RO         7869    .constdata          nrf_drv_twi.o
    0x00036336   0x00036336   0x00000002   PAD
    0x00036338   0x00036338   0x00000010   Data   RO         7920    .constdata          nrf_drv_spi.o
    0x00036348   0x00036348   0x00000018   Data   RO         7976    .constdata          nrfx_twi.o
    0x00036360   0x00036360   0x00000004   Data   RO         8146    .constdata          nrfx_spim.o
    0x00036364   0x00036364   0x00000008   Data   RO         8259    .constdata          app_button.o
    0x0003636c   0x0003636c   0x00000014   Data   RO         8493    .constdata          app_timer2.o
    0x00036380   0x00036380   0x00000006   Data   RO         8734    .constdata          drv_rtc.o
    0x00036386   0x00036386   0x00000002   PAD
    0x00036388   0x00036388   0x00000018   Data   RO         8932    .constdata          fds.o
    0x000363a0   0x000363a0   0x00000010   Data   RO         9596    .constdata          nrf_fprintf_format.o
    0x000363b0   0x000363b0   0x0000005e   Data   RO         9642    .constdata          nrf_fstorage.o
    0x0003640e   0x0003640e   0x00000002   PAD
    0x00036410   0x00036410   0x00000010   Data   RO         9736    .constdata          nrf_fstorage_sd.o
    0x00036420   0x00036420   0x00000020   Data   RO         9737    .constdata          nrf_fstorage_sd.o
    0x00036440   0x00036440   0x00000018   Data   RO         9915    .constdata          nrf_pwr_mgmt.o
    0x00036458   0x00036458   0x0000000c   Data   RO         9916    .constdata          nrf_pwr_mgmt.o
    0x00036464   0x00036464   0x0000013c   Data   RO        10135    .constdata          nrf_strerror.o
    0x000365a0   0x000365a0   0x0000000c   Data   RO        10261    .constdata          nrf_log_backend_uart.o
    0x000365ac   0x000365ac   0x00000020   Data   RO        10262    .constdata          nrf_log_backend_uart.o
    0x000365cc   0x000365cc   0x0000000c   Data   RO        10393    .constdata          nrf_log_frontend.o
    0x000365d8   0x000365d8   0x00000010   Data   RO        10984    .constdata          nrf_sdh.o
    0x000365e8   0x000365e8   0x00000028   Data   RO        10985    .constdata          nrf_sdh.o
    0x00036610   0x00036610   0x00000010   Data   RO        10986    .constdata          nrf_sdh.o
    0x00036620   0x00036620   0x00000010   Data   RO        10987    .constdata          nrf_sdh.o
    0x00036630   0x00036630   0x00000020   Data   RO        11099    .constdata          nrf_sdh_ble.o
    0x00036650   0x00036650   0x00000010   Data   RO        11100    .constdata          nrf_sdh_ble.o
    0x00036660   0x00036660   0x00000010   Data   RO        11150    .constdata          nrf_sdh_soc.o
    0x00036670   0x00036670   0x0000000c   Data   RO        11151    .constdata          nrf_sdh_soc.o
    0x0003667c   0x0003667c   0x00000081   Data   RO        11265    .constdata          mc_w.l(ctype_o.o)
    0x000366fd   0x000366fd   0x00000003   PAD
    0x00036700   0x00036700   0x00000004   Data   RO        11266    .constdata          mc_w.l(ctype_o.o)
    0x00036704   0x00036704   0x000001a4   Data   RO         4783    .conststring        gatt_cache_manager.o
    0x000368a8   0x000368a8   0x0000019c   Data   RO         4941    .conststring        gatts_cache_manager.o
    0x00036a44   0x00036a44   0x000000f0   Data   RO         5048    .conststring        id_manager.o
    0x00036b34   0x00036b34   0x000000a2   Data   RO         5201    .conststring        nrf_ble_gatt.o
    0x00036bd6   0x00036bd6   0x00000002   PAD
    0x00036bd8   0x00036bd8   0x000000e8   Data   RO         5352    .conststring        peer_data_storage.o
    0x00036cc0   0x00036cc0   0x00000180   Data   RO         5489    .conststring        peer_database.o
    0x00036e40   0x00036e40   0x00000090   Data   RO         5729    .conststring        peer_manager.o
    0x00036ed0   0x00036ed0   0x0000030f   Data   RO         6007    .conststring        peer_manager_handler.o
    0x000371df   0x000371df   0x00000001   PAD
    0x000371e0   0x000371e0   0x000002b2   Data   RO         6159    .conststring        security_dispatcher.o
    0x00037492   0x00037492   0x00000002   PAD
    0x00037494   0x00037494   0x0000017b   Data   RO         6303    .conststring        security_manager.o
    0x0003760f   0x0003760f   0x00000001   PAD
    0x00037610   0x00037610   0x0000004f   Data   RO         9643    .conststring        nrf_fstorage.o
    0x0003765f   0x0003765f   0x00000001   PAD
    0x00037660   0x00037660   0x000003eb   Data   RO        10136    .conststring        nrf_strerror.o
    0x00037a4b   0x00037a4b   0x00000001   PAD
    0x00037a4c   0x00037a4c   0x00000066   Data   RO        10560    .conststring        nrf_log_str_formatter.o
    0x00037ab2   0x00037ab2   0x00000002   PAD
    0x00037ab4   0x00037ab4   0x00000188   Data   RO        11101    .conststring        nrf_sdh_ble.o
    0x00037c3c   0x00037c3c   0x00000011   Data   RO         4784    .conststrlit        gatt_cache_manager.o
    0x00037c4d   0x00037c4d   0x00000003   PAD
    0x00037c50   0x00037c50   0x00000012   Data   RO         4942    .conststrlit        gatts_cache_manager.o
    0x00037c62   0x00037c62   0x00000002   PAD
    0x00037c64   0x00037c64   0x00000010   Data   RO         5049    .conststrlit        id_manager.o
    0x00037c74   0x00037c74   0x0000000d   Data   RO         5202    .conststrlit        nrf_ble_gatt.o
    0x00037c81   0x00037c81   0x00000003   PAD
    0x00037c84   0x00037c84   0x00000011   Data   RO         5353    .conststrlit        peer_data_storage.o
    0x00037c95   0x00037c95   0x00000003   PAD
    0x00037c98   0x00037c98   0x00000011   Data   RO         5490    .conststrlit        peer_database.o
    0x00037ca9   0x00037ca9   0x00000003   PAD
    0x00037cac   0x00037cac   0x0000000d   Data   RO         5730    .conststrlit        peer_manager.o
    0x00037cb9   0x00037cb9   0x00000003   PAD
    0x00037cbc   0x00037cbc   0x00000015   Data   RO         6010    .conststrlit        peer_manager_handler.o
    0x00037cd1   0x00037cd1   0x00000003   PAD
    0x00037cd4   0x00037cd4   0x00000011   Data   RO         6160    .conststrlit        security_dispatcher.o
    0x00037ce5   0x00037ce5   0x00000003   PAD
    0x00037ce8   0x00037ce8   0x00000010   Data   RO         6304    .conststrlit        security_manager.o
    0x00037cf8   0x00037cf8   0x00000008   Data   RO         6459    .conststrlit        ble_bas.o
    0x00037d00   0x00037d00   0x00000006   Data   RO         6702    .conststrlit        nrf_drv_clock.o
    0x00037d06   0x00037d06   0x00000002   PAD
    0x00037d08   0x00037d08   0x00000006   Data   RO         7035    .conststrlit        nrfx_clock.o
    0x00037d0e   0x00037d0e   0x00000002   PAD
    0x00037d10   0x00037d10   0x00000007   Data   RO         7208    .conststrlit        nrfx_gpiote.o
    0x00037d17   0x00037d17   0x00000001   PAD
    0x00037d18   0x00037d18   0x00000004   Data   RO         7467    .conststrlit        nrfx_prs.o
    0x00037d1c   0x00037d1c   0x00000005   Data   RO         7547    .conststrlit        nrfx_uart.o
    0x00037d21   0x00037d21   0x00000003   PAD
    0x00037d24   0x00037d24   0x00000006   Data   RO         7731    .conststrlit        nrfx_uarte.o
    0x00037d2a   0x00037d2a   0x00000002   PAD
    0x00037d2c   0x00037d2c   0x00000004   Data   RO         7979    .conststrlit        nrfx_twi.o
    0x00037d30   0x00037d30   0x00000005   Data   RO         8149    .conststrlit        nrfx_spim.o
    0x00037d35   0x00037d35   0x00000003   PAD
    0x00037d38   0x00037d38   0x0000000b   Data   RO         8260    .conststrlit        app_button.o
    0x00037d43   0x00037d43   0x00000001   PAD
    0x00037d44   0x00037d44   0x0000000a   Data   RO         8494    .conststrlit        app_timer2.o
    0x00037d4e   0x00037d4e   0x00000002   PAD
    0x00037d50   0x00037d50   0x0000000d   Data   RO         9644    .conststrlit        nrf_fstorage.o
    0x00037d5d   0x00037d5d   0x00000003   PAD
    0x00037d60   0x00037d60   0x00000009   Data   RO         9917    .conststrlit        nrf_pwr_mgmt.o
    0x00037d69   0x00037d69   0x00000003   PAD
    0x00037d6c   0x00037d6c   0x00000009   Data   RO        10082    .conststrlit        nrf_sortlist.o
    0x00037d75   0x00037d75   0x00000003   PAD
    0x00037d78   0x00037d78   0x00000011   Data   RO        10327    .conststrlit        nrf_log_default_backends.o
    0x00037d89   0x00037d89   0x00000003   PAD
    0x00037d8c   0x00037d8c   0x00000004   Data   RO        10394    .conststrlit        nrf_log_frontend.o
    0x00037d90   0x00037d90   0x00000008   Data   RO        10988    .conststrlit        nrf_sdh.o
    0x00037d98   0x00037d98   0x0000000c   Data   RO        11102    .conststrlit        nrf_sdh_ble.o
    0x00037da4   0x00037da4   0x0000000c   Data   RO        11152    .conststrlit        nrf_sdh_soc.o
    0x00037db0   0x00037db0   0x00000020   Data   RO        11356    Region$$Table       anon$$obj.o
    0x00037dd0   0x00037dd0   0x00000010   Data   RO        10329    log_backends        nrf_log_default_backends.o
    0x00037de0   0x00037de0   0x00000008   Data   RO         4786    log_const_data      gatt_cache_manager.o
    0x00037de8   0x00037de8   0x00000008   Data   RO         4944    log_const_data      gatts_cache_manager.o
    0x00037df0   0x00037df0   0x00000008   Data   RO         5051    log_const_data      id_manager.o
    0x00037df8   0x00037df8   0x00000008   Data   RO         5203    log_const_data      nrf_ble_gatt.o
    0x00037e00   0x00037e00   0x00000008   Data   RO         5355    log_const_data      peer_data_storage.o
    0x00037e08   0x00037e08   0x00000008   Data   RO         5492    log_const_data      peer_database.o
    0x00037e10   0x00037e10   0x00000008   Data   RO         5732    log_const_data      peer_manager.o
    0x00037e18   0x00037e18   0x00000008   Data   RO         6013    log_const_data      peer_manager_handler.o
    0x00037e20   0x00037e20   0x00000008   Data   RO         6162    log_const_data      security_dispatcher.o
    0x00037e28   0x00037e28   0x00000008   Data   RO         6306    log_const_data      security_manager.o
    0x00037e30   0x00037e30   0x00000008   Data   RO         6460    log_const_data      ble_bas.o
    0x00037e38   0x00037e38   0x00000008   Data   RO         6703    log_const_data      nrf_drv_clock.o
    0x00037e40   0x00037e40   0x00000008   Data   RO         7037    log_const_data      nrfx_clock.o
    0x00037e48   0x00037e48   0x00000008   Data   RO         7209    log_const_data      nrfx_gpiote.o
    0x00037e50   0x00037e50   0x00000008   Data   RO         7469    log_const_data      nrfx_prs.o
    0x00037e58   0x00037e58   0x00000008   Data   RO         7548    log_const_data      nrfx_uart.o
    0x00037e60   0x00037e60   0x00000008   Data   RO         7732    log_const_data      nrfx_uarte.o
    0x00037e68   0x00037e68   0x00000008   Data   RO         7980    log_const_data      nrfx_twi.o
    0x00037e70   0x00037e70   0x00000008   Data   RO         8150    log_const_data      nrfx_spim.o
    0x00037e78   0x00037e78   0x00000008   Data   RO         8263    log_const_data      app_button.o
    0x00037e80   0x00037e80   0x00000008   Data   RO         8497    log_const_data      app_timer2.o
    0x00037e88   0x00037e88   0x00000008   Data   RO         9645    log_const_data      nrf_fstorage.o
    0x00037e90   0x00037e90   0x00000008   Data   RO         9919    log_const_data      nrf_pwr_mgmt.o
    0x00037e98   0x00037e98   0x00000008   Data   RO        10083    log_const_data      nrf_sortlist.o
    0x00037ea0   0x00037ea0   0x00000008   Data   RO        10398    log_const_data      nrf_log_frontend.o
    0x00037ea8   0x00037ea8   0x00000008   Data   RO        10990    log_const_data      nrf_sdh.o
    0x00037eb0   0x00037eb0   0x00000008   Data   RO        11104    log_const_data      nrf_sdh_ble.o
    0x00037eb8   0x00037eb8   0x00000008   Data   RO        11153    log_const_data      nrf_sdh_soc.o
    0x00037ec0   0x00037ec0   0x00000014   Data   RO        10399    nrf_balloc          nrf_log_frontend.o
    0x00037ed4   0x00037ed4   0x00000008   Data   RO         4532    sdh_ble_observers0  ble_conn_state.o
    0x00037edc   0x00037edc   0x00000010   Data   RO           32    sdh_ble_observers1  main.o
    0x00037eec   0x00037eec   0x00000008   Data   RO         4114    sdh_ble_observers1  bsp_btn_ble.o
    0x00037ef4   0x00037ef4   0x00000008   Data   RO         4446    sdh_ble_observers1  ble_conn_params.o
    0x00037efc   0x00037efc   0x00000008   Data   RO         5733    sdh_ble_observers1  peer_manager.o
    0x00037f04   0x00037f04   0x00000018   Data   RO           33    sdh_ble_observers2  main.o
    0x00037f1c   0x00037f1c   0x00000008   Data   RO           34    sdh_ble_observers3  main.o
    0x00037f24   0x00037f24   0x00000008   Data   RO         9739    sdh_req_observers0  nrf_fstorage_sd.o
    0x00037f2c   0x00037f2c   0x00000008   Data   RO         6704    sdh_soc_observers0  nrf_drv_clock.o
    0x00037f34   0x00037f34   0x00000008   Data   RO         9740    sdh_soc_observers0  nrf_fstorage_sd.o
    0x00037f3c   0x00037f3c   0x00000008   Data   RO        11105    sdh_stack_observers0  nrf_sdh_ble.o
    0x00037f44   0x00037f44   0x00000008   Data   RO        11154    sdh_stack_observers0  nrf_sdh_soc.o
    0x00037f4c   0x00037f4c   0x00000008   Data   RO         6705    sdh_state_observers0  nrf_drv_clock.o
    0x00037f54   0x00037f54   0x00000008   Data   RO         9741    sdh_state_observers0  nrf_fstorage_sd.o


    Execution Region RW_IRAM1 (Exec base: 0x20002250, Load base: 0x00037f5c, Size: 0x00005f58, Max: 0x0000ddb0, ABSOLUTE, COMPRESSED[0x0000062c])

    Exec Addr    Load Addr    Size         Type   Attr      Idx    E Section Name        Object

    0x20002250   COMPRESSED   0x00000020   Data   RW           28    .data               main.o
    0x20002270   COMPRESSED   0x00000008   Data   RW           29    .data               main.o
    0x20002278   COMPRESSED   0x00000230   Data   RW           30    .data               main.o
    0x200024a8   COMPRESSED   0x00000003   Data   RW           31    .data               main.o
    0x200024ab   COMPRESSED   0x00000001   PAD
    0x200024ac   COMPRESSED   0x00000014   Data   RW          542    .data               spi.o
    0x200024c0   COMPRESSED   0x00000004   Data   RW          647    .data               i2c.o
    0x200024c4   COMPRESSED   0x00000001   Data   RW          648    .data               i2c.o
    0x200024c5   COMPRESSED   0x00000003   PAD
    0x200024c8   COMPRESSED   0x0000003c   Data   RW         3031    .data               aw8623x.o
    0x20002504   COMPRESSED   0x0000001b   Data   RW         3032    .data               aw8623x.o
    0x2000251f   COMPRESSED   0x00000001   PAD
    0x20002520   COMPRESSED   0x000000c0   Data   RW         3033    .data               aw8623x.o
    0x200025e0   COMPRESSED   0x00000008   Data   RW         3262    .data               haptic_nv.o
    0x200025e8   COMPRESSED   0x0000005c   Data   RW         3263    .data               haptic_nv.o
    0x20002644   COMPRESSED   0x00000362   Data   RW         3443    .data               haptic_nv_params.o
    0x200029a6   COMPRESSED   0x00000002   PAD
    0x200029a8   COMPRESSED   0x00000004   Data   RW         3444    .data               haptic_nv_params.o
    0x200029ac   COMPRESSED   0x000000f7   Data   RW         3445    .data               haptic_nv_params.o
    0x20002aa3   COMPRESSED   0x00000001   PAD
    0x20002aa4   COMPRESSED   0x00000004   Data   RW         3446    .data               haptic_nv_params.o
    0x20002aa8   COMPRESSED   0x000000ca   Data   RW         3614    .data               cps4019.o
    0x20002b72   COMPRESSED   0x00000050   Data   RW         3762    .data               cellwise_cw221x.o
    0x20002bc2   COMPRESSED   0x00000002   PAD
    0x20002bc4   COMPRESSED   0x00000010   Data   RW         4009    .data               bsp.o
    0x20002bd4   COMPRESSED   0x00000004   PAD
    0x20002bd8   COMPRESSED   0x00000020   Data   RW         4010    .data               bsp.o
    0x20002bf8   COMPRESSED   0x00000020   Data   RW         4011    .data               bsp.o
    0x20002c18   COMPRESSED   0x00000020   Data   RW         4012    .data               bsp.o
    0x20002c38   COMPRESSED   0x00000008   Data   RW         4113    .data               bsp_btn_ble.o
    0x20002c40   COMPRESSED   0x00000008   Data   RW         4445    .data               ble_conn_params.o
    0x20002c48   COMPRESSED   0x00000010   Data   RW         4785    .data               gatt_cache_manager.o
    0x20002c58   COMPRESSED   0x0000000c   Data   RW         4943    .data               gatts_cache_manager.o
    0x20002c64   COMPRESSED   0x00000001   Data   RW         5050    .data               id_manager.o
    0x20002c65   COMPRESSED   0x00000003   PAD
    0x20002c68   COMPRESSED   0x0000000c   Data   RW         5354    .data               peer_data_storage.o
    0x20002c74   COMPRESSED   0x00000008   Data   RW         5491    .data               peer_database.o
    0x20002c7c   COMPRESSED   0x00000010   Data   RW         5731    .data               peer_manager.o
    0x20002c8c   COMPRESSED   0x00000060   Data   RW         6011    .data               peer_manager_handler.o
    0x20002cec   COMPRESSED   0x00000005   Data   RW         6161    .data               security_dispatcher.o
    0x20002cf1   COMPRESSED   0x00000003   PAD
    0x20002cf4   COMPRESSED   0x00000015   Data   RW         6305    .data               security_manager.o
    0x20002d09   COMPRESSED   0x00000001   PAD
    0x20002d0a   COMPRESSED   0x0000004a   Data   RW         6517    .data               ble_dis.o
    0x20002d54   COMPRESSED   0x0000000c   Data   RW         6836    .data               nrf_drv_uart.o
    0x20002d60   COMPRESSED   0x00000008   Data   RW         7036    .data               nrfx_clock.o
    0x20002d68   COMPRESSED   0x00000008   Data   RW         7468    .data               nrfx_prs.o
    0x20002d70   COMPRESSED   0x00000010   Data   RW         7870    .data               nrf_drv_twi.o
    0x20002d80   COMPRESSED   0x00000018   Data   RW         8261    .data               app_button.o
    0x20002d98   COMPRESSED   0x00000020   Data   RW         8262    .data               app_button.o
    0x20002db8   COMPRESSED   0x00000010   Data   RW         8428    .data               app_scheduler.o
    0x20002dc8   COMPRESSED   0x00000020   Data   RW         8495    .data               app_timer2.o
    0x20002de8   COMPRESSED   0x00000004   Data   RW         8496    .data               app_timer2.o
    0x20002dec   COMPRESSED   0x0000000c   Data   RW         8735    .data               drv_rtc.o
    0x20002df8   COMPRESSED   0x00000030   Data   RW         8933    .data               fds.o
    0x20002e28   COMPRESSED   0x00000008   Data   RW         9738    .data               nrf_fstorage_sd.o
    0x20002e30   COMPRESSED   0x00000008   Data   RW         9918    .data               nrf_pwr_mgmt.o
    0x20002e38   COMPRESSED   0x00000018   Data   RW        10263    .data               nrf_log_backend_uart.o
    0x20002e50   COMPRESSED   0x00000008   Data   RW        10328    .data               nrf_log_default_backends.o
    0x20002e58   COMPRESSED   0x00000004   Data   RW        10395    .data               nrf_log_frontend.o
    0x20002e5c   COMPRESSED   0x00000008   Data   RW        10396    .data               nrf_log_frontend.o
    0x20002e64   COMPRESSED   0x00000008   Data   RW        10397    .data               nrf_log_frontend.o
    0x20002e6c   COMPRESSED   0x00000040   Data   RW        10561    .data               nrf_log_str_formatter.o
    0x20002eac   COMPRESSED   0x00000003   Data   RW        10989    .data               nrf_sdh.o
    0x20002eaf   COMPRESSED   0x00000001   Data   RW        11103    .data               nrf_sdh_ble.o
    0x20002eb0   COMPRESSED   0x00000004   Data   RW        11195    .data               system_nrf52.o
    0x20002eb4   COMPRESSED   0x00000004   Data   RW        11351    .data               mc_w.l(mvars.o)
    0x20002eb8   COMPRESSED   0x00000004   Data   RW        11352    .data               mc_w.l(mvars.o)
    0x20002ebc   COMPRESSED   0x00000014   Data   RW         8934    fs_data             fds.o
    0x20002ed0        -       0x0000057c   Zero   RW           25    .bss                main.o
    0x2000344c        -       0x0000001c   Zero   RW           26    .bss                main.o
    0x20003468        -       0x00000060   Zero   RW         3477    .bss                aw320xx.o
    0x200034c8        -       0x0000000c   Zero   RW         4007    .bss                bsp.o
    0x200034d4   COMPRESSED   0x00000004   PAD
    0x200034d8        -       0x00000050   Zero   RW         4444    .bss                ble_conn_params.o
    0x20003528        -       0x0000007c   Zero   RW         4531    .bss                ble_conn_state.o
    0x200035a4        -       0x000000d8   Zero   RW         5046    .bss                id_manager.o
    0x2000367c        -       0x00000180   Zero   RW         5487    .bss                peer_database.o
    0x200037fc        -       0x00000040   Zero   RW         5603    .bss                peer_id.o
    0x2000383c        -       0x0000000c   Zero   RW         5727    .bss                peer_manager.o
    0x20003848        -       0x00000040   Zero   RW         6157    .bss                security_dispatcher.o
    0x20003888        -       0x00000014   Zero   RW         6697    .bss                nrf_drv_clock.o
    0x2000389c        -       0x0000005c   Zero   RW         7203    .bss                nrfx_gpiote.o
    0x200038f8        -       0x0000002c   Zero   RW         7542    .bss                nrfx_uart.o
    0x20003924        -       0x00000024   Zero   RW         7726    .bss                nrfx_uarte.o
    0x20003948        -       0x00000018   Zero   RW         7919    .bss                nrf_drv_spi.o
    0x20003960        -       0x0000003c   Zero   RW         7974    .bss                nrfx_twi.o
    0x2000399c        -       0x00000024   Zero   RW         8144    .bss                nrfx_spim.o
    0x200039c0        -       0x00000010   Zero   RW         8258    .bss                app_button.o
    0x200039d0        -       0x00000010   Zero   RW         8491    .bss                app_timer2.o
    0x200039e0        -       0x00000058   Zero   RW         8492    .bss                app_timer2.o
    0x20003a38        -       0x0000000c   Zero   RW         8622    .bss                app_util_platform.o
    0x20003a44        -       0x00000010   Zero   RW         8930    .bss                fds.o
    0x20003a54        -       0x000000e0   Zero   RW         8931    .bss                fds.o
    0x20003b34        -       0x00000010   Zero   RW         9734    .bss                nrf_fstorage_sd.o
    0x20003b44        -       0x000000a0   Zero   RW         9735    .bss                nrf_fstorage_sd.o
    0x20003be4        -       0x0000000c   Zero   RW         9914    .bss                nrf_pwr_mgmt.o
    0x20003bf0        -       0x00000040   Zero   RW        10260    .bss                nrf_log_backend_uart.o
    0x20003c30        -       0x000000c0   Zero   RW        10389    .bss                nrf_log_frontend.o
    0x20003cf0        -       0x00000080   Zero   RW        10390    .bss                nrf_log_frontend.o
    0x20003d70        -       0x00000018   Zero   RW        10391    .bss                nrf_log_frontend.o
    0x20003d88        -       0x00000420   Zero   RW        10392    .bss                nrf_log_frontend.o
    0x200041a8        -       0x00002000   Zero   RW        11182    HEAP                arm_startup_nrf52.o
    0x200061a8        -       0x00002000   Zero   RW        11181    STACK               arm_startup_nrf52.o


==============================================================================

Image component sizes


      Code (inc. data)   RO Data    RW Data    ZI Data      Debug   Object Name

       664         66         27         56         16      11938   app_button.o
        22          0          0          0          0       2553   app_error.o
       132         46          0          0          0      30905   app_error_weak.o
       268         16          0         16          0      42029   app_scheduler.o
      1084         92         38         36        104      18309   app_timer2.o
       124         14          0          0         12      10774   app_util_platform.o
        36          8        512          0      16384        944   arm_startup_nrf52.o
      1060        180          0          0         96      31814   aw320xx.o
      3052        114          0        279          0      45597   aw8623x.o
      1338          0          0          0          0      53640   ble_advdata.o
      1310          6          0          0          0      14176   ble_advertising.o
       502          0         16          0          0       6603   ble_bas.o
       636         44          8          8         80       9459   ble_conn_params.o
       802         66          8          0        124      17421   ble_conn_state.o
       530         12          0         74          0       5679   ble_dis.o
      2782          0          0          0          0      21415   ble_hids.o
        72          0          0          0          0       1684   ble_link_ctx_manager.o
       656          6          0          0          0       5992   ble_srv_common.o
       358         40          8          0          0      14119   boards.o
       998         84         44        112         12      16235   bsp.o
       252         10          8          8          0       4900   bsp_btn_ble.o
       762         96          0         80          0      18168   cellwise_cw221x.o
       218         12          0        202          0      12228   cps4019.o
       704         76          6         12          0      48313   drv_rtc.o
      3872        348         24         68        240      51606   fds.o
       214          4          0          0          0       3336   fw_update.o
      2160        552        553         16          0      34411   gatt_cache_manager.o
       842        138        462         12          0      17219   gatts_cache_manager.o
       422         34         55          0          0      12032   gpio.o
      1790        164          0        100          0      28041   haptic_nv.o
       466         86          6          0          0      18337   haptic_nv_config.o
         0          0          0       1121          0       1068   haptic_nv_params.o
        68         14         32          5          0      15287   i2c.o
      1546         70        272          1        216      20262   id_manager.o
      2700          0          0          0          0      18298   lsm6dso_reg.o
      2472        550         52        603       1432     241026   main.o
       342          0          0          0          0       6838   nrf_atfifo.o
       170          0          0          0          0       4920   nrf_atflags.o
       332          0          0          0          0      10350   nrf_atomic.o
       164          0          0          0          0       3696   nrf_balloc.o
       922        272        205          0          0      37415   nrf_ble_gatt.o
       276          0          0          0          0       4773   nrf_ble_qwr.o
       312         36         30          0         20      43876   nrf_drv_clock.o
       168         18         16          0         24       6507   nrf_drv_spi.o
       328         16          6         16          0      14251   nrf_drv_twi.o
       200         26          0         12          0      12824   nrf_drv_uart.o
        50          0          0          0          0       3593   nrf_fprintf.o
       866          4         16          0          0       6634   nrf_fprintf_format.o
       972        432        194          0          0       8172   nrf_fstorage.o
       798         82         72          8        176      16299   nrf_fstorage_sd.o
       200          0          0          0          0      11693   nrf_log_backend_serial.o
       232         44         44         24         64      16098   nrf_log_backend_uart.o
        28          4         33          8          0       3393   nrf_log_default_backends.o
      1522        128         44         20       1400      32495   nrf_log_frontend.o
       570        108        102         64          0       5756   nrf_log_str_formatter.o
       346          0          0          0          0       9715   nrf_memobj.o
       108         16         53          8         12      40110   nrf_pwr_mgmt.o
        28          0          0          0          0       2411   nrf_ringbuf.o
       592         66        104          3          0      46380   nrf_sdh.o
       672        232        468          1          0       5965   nrf_sdh_ble.o
        60          4         56          0          0       2516   nrf_sdh_soc.o
        78          0          0          0          0       2848   nrf_section_iter.o
        84          0         17          0          0       4209   nrf_sortlist.o
        76         10       1319          0          0       2807   nrf_strerror.o
       242         32         14          8          0      47344   nrfx_clock.o
      1456        118         19          0         92      67940   nrfx_gpiote.o
       112         16         12          8          0       4584   nrfx_prs.o
       846         20         17          0         36      21626   nrfx_spim.o
      1604         46         36          0         60      28730   nrfx_twi.o
      1310         42         17          0         44      30973   nrfx_uart.o
      1312         42         18          0         36      26403   nrfx_uarte.o
      1176        144        281         12          0      17083   peer_data_storage.o
      1434        260        425          8        384      19814   peer_database.o
       314         38          0          0         64       9355   peer_id.o
      2224        482        217         16         12      27831   peer_manager.o
      1928        882        832         96          0      10403   peer_manager_handler.o
       234          0          0          0          0       5543   pm_buffer.o
      1944        268        835          5         64      27463   security_dispatcher.o
      1372        122        411         21          0      55142   security_manager.o
       104          0          0          0          0       3511   sensorsim.o
       386         58         16         20          0      74528   spi.o
       752         78          0          4          0      32357   system_nrf52.o
       294         22          6          0          0      21999   tp_ts.o

    ----------------------------------------------------------------------
     64584       7116       8200       3192      21208    1804991   Object Totals
         0          0         32          0          0          0   (incl. Generated)
       130          0        102         21          4          0   (incl. Padding)

    ----------------------------------------------------------------------

      Code (inc. data)   RO Data    RW Data    ZI Data      Debug   Library Member Name

        86          0          0          0          0          0   __dczerorl2.o
         8          4        133          0          0         68   ctype_o.o
         0          0          0          0          0          0   entry.o
         0          0          0          0          0          0   entry10a.o
         0          0          0          0          0          0   entry11a.o
         8          4          0          0          0          0   entry2.o
         4          0          0          0          0          0   entry5.o
         0          0          0          0          0          0   entry7b.o
         0          0          0          0          0          0   entry8b.o
         8          4          0          0          0          0   entry9a.o
        30          0          0          0          0          0   handlers.o
        36          8          0          0          0         68   init.o
        30          0          0          0          0         68   llshl.o
        32          0          0          0          0         68   llushr.o
       188         20          0          0          0        160   malloc.o
        26          0          0          0          0         80   memcmp.o
        36          0          0          0          0         68   memcpya.o
        36          0          0          0          0        108   memseta.o
         0          0          0          8          0          0   mvars.o
        14          0          0          0          0         68   strlen.o
        98          0          0          0          0         92   uldiv.o

    ----------------------------------------------------------------------
       644         40        136          8          0        848   Library Totals
         4          0          3          0          0          0   (incl. Padding)

    ----------------------------------------------------------------------

      Code (inc. data)   RO Data    RW Data    ZI Data      Debug   Library Name

       640         40        133          8          0        848   mc_w.l

    ----------------------------------------------------------------------
       644         40        136          8          0        848   Library Totals

    ----------------------------------------------------------------------

==============================================================================


      Code (inc. data)   RO Data    RW Data    ZI Data      Debug   

     65228       7156       8336       3200      21208    1728311   Grand Totals
     65228       7156       8336       1580      21208    1728311   ELF Image Totals (compressed)
     65228       7156       8336       1580          0          0   ROM Totals

==============================================================================

    Total RO  Size (Code + RO Data)                73564 (  71.84kB)
    Total RW  Size (RW Data + ZI Data)             24408 (  23.84kB)
    Total ROM Size (Code + RO Data + RW Data)      75144 (  73.38kB)

==============================================================================

