<html>
<body>
<pre>
<h1>µVision Build Log</h1>
<h2>Tool Versions:</h2>
IDE-Version: ¦ÌVision V5.30.0.0
Copyright (C) 2020 ARM Ltd and ARM Germany GmbH. All rights reserved.
License Information: li liyang, li, LIC=3UURY-IJMBN-VJN6J-UGQN7-KXDR2-W0UL1
 
Tool Versions:
Toolchain:       MDK-ARM Professional  Version: 5.30.0.0
Toolchain Path:  E:\Keil_v5\ARM\ARMCC\Bin
C Compiler:      Armcc.exe V5.06 update 6 (build 750)
Assembler:       Armasm.exe V5.06 update 6 (build 750)
Linker/Locator:  ArmLink.exe V5.06 update 6 (build 750)
Library Manager: ArmAr.exe V5.06 update 6 (build 750)
Hex Converter:   FromElf.exe V5.06 update 6 (build 750)
CPU DLL:         
Dialog DLL:      
Target DLL:      Segger\JL2CM3.dll V2.99.38.0
Dialog DLL:      TCM.DLL V1.42.0.0
 
<h2>Project:</h2>
D:\0_proggram\smart_pen\git\smart_pen\nRF5_SDK_17.1.0_ddde560\examples\ble_peripheral\ble_app_hids_pen\pca10040\s132\arm5_no_packs\ble_app_hids_mouse_pca10040_s132.uvprojx
Project File Date:  02/24/2025

<h2>Output:</h2>
*** Using Compiler 'V5.06 update 6 (build 750)', folder: 'E:\Keil_v5\ARM\ARMCC\Bin'
Build target 'nrf52832_xxaa'
compiling GPIO.c...
compiling I2C.c...
compiling SPI.c...
compiling main.c...
..\..\..\main.c(181): warning:  #550-D: variable "m_in_boot_mode"  was set but never used
  static bool              m_in_boot_mode = false;                                    /**< Current protocol mode. */
..\..\..\main.c: 1 warning, 0 errors
compiling lsm6dso_reg.c...
linking...
Program Size: Code=65228 RO-data=8336 RW-data=3200 ZI-data=21208  
FromELF: creating hex file...
".\_build\nrf52832_xxaa.axf" - 0 Error(s), 1 Warning(s).

<h2>Software Packages used:</h2>

Package Vendor: ARM
                http://www.keil.com/pack/ARM.CMSIS.5.6.0.pack
                ARM.CMSIS.5.6.0
                CMSIS (Cortex Microcontroller Software Interface Standard)
   * Component: CORE Version: 5.3.0

Package Vendor: NordicSemiconductor
                http://developer.nordicsemi.com/nRF5_SDK/pieces/nRF_DeviceFamilyPack/NordicSemiconductor.nRF_DeviceFamilyPack.8.40.3.pack
                NordicSemiconductor.nRF_DeviceFamilyPack.8.40.3
                Nordic Semiconductor nRF ARM devices Device Family Pack with BSD license.
   * Component: Startup Version: 8.40.3

<h2>Collection of Component include folders:</h2>
  .\RTE\_nrf52832_xxaa
  E:\Users\liyang\AppData\Local\Arm\Packs\ARM\CMSIS\5.6.0\CMSIS\Core\Include
  E:\Users\liyang\AppData\Local\Arm\Packs\NordicSemiconductor\nRF_DeviceFamilyPack\8.40.3\Device\Include

<h2>Collection of Component Files used:</h2>

   * Component: ARM::CMSIS:CORE:5.3.0

   * Component: NordicSemiconductor::Device:Startup:8.40.3
      Include file:  Device\Include\system_nrf52.h
      Source file:   Device\Source\system_nrf52.c
      Include file:  Device\Include\system_nrf.h
      Source file:   Device\Source\arm\arm_startup_nrf52.s
Build Time Elapsed:  00:00:04
</pre>
</body>
</html>
