<!doctype html public "-//w3c//dtd html 4.0 transitional//en">
<html><head>
<title>Static Call Graph - [.\_build\nrf52832_xxaa.axf]</title></head>
<body><HR>
<H1>Static Call Graph for image .\_build\nrf52832_xxaa.axf</H1><HR>
<BR><P>#&#060CALLGRAPH&#062# ARM Linker, 5060750: Last Updated: Sat Feb 22 16:44:56 2025
<BR><P>
<H3>Maximum Stack Usage =        780 bytes + Unknown(Cycles, Untraceable Function Pointers)</H3><H3>
Call chain for Maximum Stack Depth:</H3>
on_adv_evt &rArr; identities_set &rArr; pm_device_identities_list_set &rArr; im_device_identities_list_set &rArr; nrf_log_frontend_std_1 &rArr; std_n &rArr; nrf_log_frontend_dequeue &rArr;  nrf_log_frontend_std_0 (Cycle)
<P>
<H3>
Mutually Recursive functions
</H3> <LI><a href="#[28]">NMI_Handler</a>&nbsp;&nbsp;&nbsp;&rArr;&nbsp;&nbsp;&nbsp;<a href="#[28]">NMI_Handler</a><BR>
 <LI><a href="#[29]">HardFault_Handler</a>&nbsp;&nbsp;&nbsp;&rArr;&nbsp;&nbsp;&nbsp;<a href="#[29]">HardFault_Handler</a><BR>
 <LI><a href="#[2a]">MemoryManagement_Handler</a>&nbsp;&nbsp;&nbsp;&rArr;&nbsp;&nbsp;&nbsp;<a href="#[2a]">MemoryManagement_Handler</a><BR>
 <LI><a href="#[2b]">BusFault_Handler</a>&nbsp;&nbsp;&nbsp;&rArr;&nbsp;&nbsp;&nbsp;<a href="#[2b]">BusFault_Handler</a><BR>
 <LI><a href="#[2c]">UsageFault_Handler</a>&nbsp;&nbsp;&nbsp;&rArr;&nbsp;&nbsp;&nbsp;<a href="#[2c]">UsageFault_Handler</a><BR>
 <LI><a href="#[2d]">SVC_Handler</a>&nbsp;&nbsp;&nbsp;&rArr;&nbsp;&nbsp;&nbsp;<a href="#[2d]">SVC_Handler</a><BR>
 <LI><a href="#[2e]">DebugMon_Handler</a>&nbsp;&nbsp;&nbsp;&rArr;&nbsp;&nbsp;&nbsp;<a href="#[2e]">DebugMon_Handler</a><BR>
 <LI><a href="#[2f]">PendSV_Handler</a>&nbsp;&nbsp;&nbsp;&rArr;&nbsp;&nbsp;&nbsp;<a href="#[2f]">PendSV_Handler</a><BR>
 <LI><a href="#[30]">SysTick_Handler</a>&nbsp;&nbsp;&nbsp;&rArr;&nbsp;&nbsp;&nbsp;<a href="#[30]">SysTick_Handler</a><BR>
 <LI><a href="#[40]">CCM_AAR_IRQHandler</a>&nbsp;&nbsp;&nbsp;&rArr;&nbsp;&nbsp;&nbsp;<a href="#[40]">CCM_AAR_IRQHandler</a><BR>
 <LI><a href="#[ea]">nrf_log_frontend_dequeue</a>&nbsp;&nbsp;&nbsp;&rArr;&nbsp;&nbsp;&nbsp;<a href="#[da]">nrf_log_frontend_std_0</a><BR>
 <LI><a href="#[b1]">__asm___12_nrf_atfifo_c_51f461e1__nrf_atfifo_rspace_close</a>&nbsp;&nbsp;&nbsp;&rArr;&nbsp;&nbsp;&nbsp;<a href="#[b1]">__asm___12_nrf_atfifo_c_51f461e1__nrf_atfifo_rspace_close</a><BR>
 <LI><a href="#[b0]">__asm___12_nrf_atfifo_c_51f461e1__nrf_atfifo_wspace_close</a>&nbsp;&nbsp;&nbsp;&rArr;&nbsp;&nbsp;&nbsp;<a href="#[b0]">__asm___12_nrf_atfifo_c_51f461e1__nrf_atfifo_wspace_close</a><BR>
 <LI><a href="#[a9]">nrf_fstorage_sys_evt_handler</a>&nbsp;&nbsp;&nbsp;&rArr;&nbsp;&nbsp;&nbsp;<a href="#[288]">queue_process</a><BR>
 <LI><a href="#[30a]">pm_handler_flash_clean_on_return</a>&nbsp;&nbsp;&nbsp;&rArr;&nbsp;&nbsp;&nbsp;<a href="#[305]">pm_handler_flash_clean</a><BR>
 <LI><a href="#[307]">rank_highest</a>&nbsp;&nbsp;&nbsp;&rArr;&nbsp;&nbsp;&nbsp;<a href="#[305]">pm_handler_flash_clean</a><BR>
 <LI><a href="#[190]">buffer_add</a>&nbsp;&nbsp;&nbsp;&rArr;&nbsp;&nbsp;&nbsp;<a href="#[190]">buffer_add</a><BR>
</UL>
<P>
<H3>
Function Pointers
</H3><UL>
 <LI><a href="#[2b]">BusFault_Handler</a> from arm_startup_nrf52.o(.text) referenced from arm_startup_nrf52.o(RESET)
 <LI><a href="#[40]">CCM_AAR_IRQHandler</a> from arm_startup_nrf52.o(.text) referenced from arm_startup_nrf52.o(RESET)
 <LI><a href="#[44]">COMP_LPCOMP_IRQHandler</a> from arm_startup_nrf52.o(.text) referenced from arm_startup_nrf52.o(RESET)
 <LI><a href="#[2e]">DebugMon_Handler</a> from arm_startup_nrf52.o(.text) referenced from arm_startup_nrf52.o(RESET)
 <LI><a href="#[3f]">ECB_IRQHandler</a> from arm_startup_nrf52.o(.text) referenced from arm_startup_nrf52.o(RESET)
 <LI><a href="#[55]">FPU_IRQHandler</a> from arm_startup_nrf52.o(.text) referenced from arm_startup_nrf52.o(RESET)
 <LI><a href="#[37]">GPIOTE_IRQHandler</a> from nrfx_gpiote.o(i.GPIOTE_IRQHandler) referenced from arm_startup_nrf52.o(RESET)
 <LI><a href="#[29]">HardFault_Handler</a> from arm_startup_nrf52.o(.text) referenced from arm_startup_nrf52.o(RESET)
 <LI><a href="#[54]">I2S_IRQHandler</a> from arm_startup_nrf52.o(.text) referenced from arm_startup_nrf52.o(RESET)
 <LI><a href="#[4f]">MWU_IRQHandler</a> from arm_startup_nrf52.o(.text) referenced from arm_startup_nrf52.o(RESET)
 <LI><a href="#[2a]">MemoryManagement_Handler</a> from arm_startup_nrf52.o(.text) referenced from arm_startup_nrf52.o(RESET)
 <LI><a href="#[36]">NFCT_IRQHandler</a> from arm_startup_nrf52.o(.text) referenced from arm_startup_nrf52.o(RESET)
 <LI><a href="#[28]">NMI_Handler</a> from arm_startup_nrf52.o(.text) referenced from arm_startup_nrf52.o(RESET)
 <LI><a href="#[4e]">PDM_IRQHandler</a> from arm_startup_nrf52.o(.text) referenced from arm_startup_nrf52.o(RESET)
 <LI><a href="#[31]">POWER_CLOCK_IRQHandler</a> from nrfx_clock.o(i.POWER_CLOCK_IRQHandler) referenced from arm_startup_nrf52.o(RESET)
 <LI><a href="#[4d]">PWM0_IRQHandler</a> from arm_startup_nrf52.o(.text) referenced from arm_startup_nrf52.o(RESET)
 <LI><a href="#[50]">PWM1_IRQHandler</a> from arm_startup_nrf52.o(.text) referenced from arm_startup_nrf52.o(RESET)
 <LI><a href="#[51]">PWM2_IRQHandler</a> from arm_startup_nrf52.o(.text) referenced from arm_startup_nrf52.o(RESET)
 <LI><a href="#[2f]">PendSV_Handler</a> from arm_startup_nrf52.o(.text) referenced from arm_startup_nrf52.o(RESET)
 <LI><a href="#[43]">QDEC_IRQHandler</a> from arm_startup_nrf52.o(.text) referenced from arm_startup_nrf52.o(RESET)
 <LI><a href="#[32]">RADIO_IRQHandler</a> from arm_startup_nrf52.o(.text) referenced from arm_startup_nrf52.o(RESET)
 <LI><a href="#[3e]">RNG_IRQHandler</a> from arm_startup_nrf52.o(.text) referenced from arm_startup_nrf52.o(RESET)
 <LI><a href="#[3c]">RTC0_IRQHandler</a> from arm_startup_nrf52.o(.text) referenced from arm_startup_nrf52.o(RESET)
 <LI><a href="#[42]">RTC1_IRQHandler</a> from drv_rtc.o(i.RTC1_IRQHandler) referenced from arm_startup_nrf52.o(RESET)
 <LI><a href="#[53]">RTC2_IRQHandler</a> from arm_startup_nrf52.o(.text) referenced from arm_startup_nrf52.o(RESET)
 <LI><a href="#[27]">Reset_Handler</a> from arm_startup_nrf52.o(.text) referenced from arm_startup_nrf52.o(RESET)
 <LI><a href="#[38]">SAADC_IRQHandler</a> from arm_startup_nrf52.o(.text) referenced from arm_startup_nrf52.o(RESET)
 <LI><a href="#[34]">SPIM0_SPIS0_TWIM0_TWIS0_SPI0_TWI0_IRQHandler</a> from nrfx_twi.o(i.SPIM0_SPIS0_TWIM0_TWIS0_SPI0_TWI0_IRQHandler) referenced from nrfx_twi.o(.constdata)
 <LI><a href="#[34]">SPIM0_SPIS0_TWIM0_TWIS0_SPI0_TWI0_IRQHandler</a> from nrfx_twi.o(i.SPIM0_SPIS0_TWIM0_TWIS0_SPI0_TWI0_IRQHandler) referenced from arm_startup_nrf52.o(RESET)
 <LI><a href="#[35]">SPIM1_SPIS1_TWIM1_TWIS1_SPI1_TWI1_IRQHandler</a> from nrfx_spim.o(i.SPIM1_SPIS1_TWIM1_TWIS1_SPI1_TWI1_IRQHandler) referenced from nrfx_spim.o(.constdata)
 <LI><a href="#[35]">SPIM1_SPIS1_TWIM1_TWIS1_SPI1_TWI1_IRQHandler</a> from nrfx_spim.o(i.SPIM1_SPIS1_TWIM1_TWIS1_SPI1_TWI1_IRQHandler) referenced from arm_startup_nrf52.o(RESET)
 <LI><a href="#[52]">SPIM2_SPIS2_SPI2_IRQHandler</a> from arm_startup_nrf52.o(.text) referenced from arm_startup_nrf52.o(RESET)
 <LI><a href="#[2d]">SVC_Handler</a> from arm_startup_nrf52.o(.text) referenced from arm_startup_nrf52.o(RESET)
 <LI><a href="#[45]">SWI0_EGU0_IRQHandler</a> from arm_startup_nrf52.o(.text) referenced from arm_startup_nrf52.o(RESET)
 <LI><a href="#[46]">SWI1_EGU1_IRQHandler</a> from arm_startup_nrf52.o(.text) referenced from arm_startup_nrf52.o(RESET)
 <LI><a href="#[47]">SWI2_EGU2_IRQHandler</a> from nrf_sdh.o(i.SWI2_EGU2_IRQHandler) referenced from arm_startup_nrf52.o(RESET)
 <LI><a href="#[48]">SWI3_EGU3_IRQHandler</a> from arm_startup_nrf52.o(.text) referenced from arm_startup_nrf52.o(RESET)
 <LI><a href="#[49]">SWI4_EGU4_IRQHandler</a> from arm_startup_nrf52.o(.text) referenced from arm_startup_nrf52.o(RESET)
 <LI><a href="#[4a]">SWI5_EGU5_IRQHandler</a> from arm_startup_nrf52.o(.text) referenced from arm_startup_nrf52.o(RESET)
 <LI><a href="#[30]">SysTick_Handler</a> from arm_startup_nrf52.o(.text) referenced from arm_startup_nrf52.o(RESET)
 <LI><a href="#[57]">SystemInit</a> from system_nrf52.o(i.SystemInit) referenced from arm_startup_nrf52.o(.text)
 <LI><a href="#[3d]">TEMP_IRQHandler</a> from arm_startup_nrf52.o(.text) referenced from arm_startup_nrf52.o(RESET)
 <LI><a href="#[39]">TIMER0_IRQHandler</a> from arm_startup_nrf52.o(.text) referenced from arm_startup_nrf52.o(RESET)
 <LI><a href="#[3a]">TIMER1_IRQHandler</a> from arm_startup_nrf52.o(.text) referenced from arm_startup_nrf52.o(RESET)
 <LI><a href="#[3b]">TIMER2_IRQHandler</a> from arm_startup_nrf52.o(.text) referenced from arm_startup_nrf52.o(RESET)
 <LI><a href="#[4b]">TIMER3_IRQHandler</a> from arm_startup_nrf52.o(.text) referenced from arm_startup_nrf52.o(RESET)
 <LI><a href="#[4c]">TIMER4_IRQHandler</a> from arm_startup_nrf52.o(.text) referenced from arm_startup_nrf52.o(RESET)
 <LI><a href="#[33]">UARTE0_UART0_IRQHandler</a> from nrfx_prs.o(i.UARTE0_UART0_IRQHandler) referenced from arm_startup_nrf52.o(RESET)
 <LI><a href="#[2c]">UsageFault_Handler</a> from arm_startup_nrf52.o(.text) referenced from arm_startup_nrf52.o(RESET)
 <LI><a href="#[41]">WDT_IRQHandler</a> from arm_startup_nrf52.o(.text) referenced from arm_startup_nrf52.o(RESET)
 <LI><a href="#[58]">__main</a> from entry.o(.ARM.Collect$$$$00000000) referenced from arm_startup_nrf52.o(.text)
 <LI><a href="#[62]">alert_timer_handler</a> from bsp.o(i.alert_timer_handler) referenced from bsp.o(i.bsp_init)
 <LI><a href="#[78]">app_error_fault_handler</a> from app_error_weak.o(i.app_error_fault_handler) referenced from nrf_sdh.o(i.nrf_sdh_enable_request)
 <LI><a href="#[6c]">apply_pending_handle</a> from gatt_cache_manager.o(i.apply_pending_handle) referenced from gatt_cache_manager.o(i.gcm_ble_evt_handler)
 <LI><a href="#[59]">appsh_events_poll</a> from nrf_sdh.o(i.appsh_events_poll) referenced from nrf_sdh.o(i.SWI2_EGU2_IRQHandler)
 <LI><a href="#[f]">aw8623x_calculate_cali_data</a> from aw8623x.o(i.aw8623x_calculate_cali_data) referenced 2 times from aw8623x.o(.data)
 <LI><a href="#[0]">aw8623x_check_qualify</a> from aw8623x.o(i.aw8623x_check_qualify) referenced 2 times from aw8623x.o(.data)
 <LI><a href="#[8]">aw8623x_cont_config</a> from aw8623x.o(i.aw8623x_cont_config) referenced 2 times from aw8623x.o(.data)
 <LI><a href="#[2]">aw8623x_cont_get_f0</a> from aw8623x.o(i.aw8623x_cont_get_f0) referenced 2 times from aw8623x.o(.data)
 <LI><a href="#[16]">aw8623x_get_fifo_addr</a> from aw8623x.o(i.aw8623x_get_fifo_addr) referenced 2 times from aw8623x.o(.data)
 <LI><a href="#[21]">aw8623x_get_glb_state</a> from aw8623x.o(i.aw8623x_get_glb_state) referenced 2 times from aw8623x.o(.data)
 <LI><a href="#[1]">aw8623x_get_irq_state</a> from aw8623x.o(i.aw8623x_get_irq_state) referenced 2 times from aw8623x.o(.data)
 <LI><a href="#[20]">aw8623x_get_lra_resistance</a> from aw8623x.o(i.aw8623x_get_lra_resistance) referenced 2 times from aw8623x.o(.data)
 <LI><a href="#[18]">aw8623x_get_ram_data</a> from aw8623x.o(i.aw8623x_get_ram_data) referenced 2 times from aw8623x.o(.data)
 <LI><a href="#[1f]">aw8623x_get_reg</a> from aw8623x.o(i.aw8623x_get_reg) referenced 2 times from aw8623x.o(.data)
 <LI><a href="#[1e]">aw8623x_get_vbat</a> from aw8623x.o(i.aw8623x_get_vbat) referenced 2 times from aw8623x.o(.data)
 <LI><a href="#[6]">aw8623x_haptic_start</a> from aw8623x.o(i.aw8623x_haptic_start) referenced 2 times from aw8623x.o(.data)
 <LI><a href="#[c]">aw8623x_interrupt_setup</a> from aw8623x.o(i.aw8623x_interrupt_setup) referenced 2 times from aw8623x.o(.data)
 <LI><a href="#[5]">aw8623x_irq_clear</a> from aw8623x.o(i.aw8623x_irq_clear) referenced 2 times from aw8623x.o(.data)
 <LI><a href="#[22]">aw8623x_judge_rtp_going</a> from aw8623x.o(i.aw8623x_judge_rtp_going) referenced 2 times from aw8623x.o(.data)
 <LI><a href="#[b]">aw8623x_misc_para_init</a> from aw8623x.o(i.aw8623x_misc_para_init) referenced 2 times from aw8623x.o(.data)
 <LI><a href="#[3]">aw8623x_offset_cali</a> from aw8623x.o(i.aw8623x_offset_cali) referenced 2 times from aw8623x.o(.data)
 <LI><a href="#[9]">aw8623x_play_mode</a> from aw8623x.o(i.aw8623x_play_mode) referenced 2 times from aw8623x.o(.data)
 <LI><a href="#[7]">aw8623x_play_stop</a> from aw8623x.o(i.aw8623x_play_stop) referenced 2 times from aw8623x.o(.data)
 <LI><a href="#[e]">aw8623x_protect_config</a> from aw8623x.o(i.aw8623x_protect_config) referenced 2 times from aw8623x.o(.data)
 <LI><a href="#[a]">aw8623x_raminit</a> from aw8623x.o(i.aw8623x_raminit) referenced 2 times from aw8623x.o(.data)
 <LI><a href="#[23]">aw8623x_rtp_get_fifo_afs</a> from aw8623x.o(i.aw8623x_rtp_get_fifo_afs) referenced 2 times from aw8623x.o(.data)
 <LI><a href="#[1b]">aw8623x_set_base_addr</a> from aw8623x.o(i.aw8623x_set_base_addr) referenced 2 times from aw8623x.o(.data)
 <LI><a href="#[15]">aw8623x_set_fifo_addr</a> from aw8623x.o(i.aw8623x_set_fifo_addr) referenced 2 times from aw8623x.o(.data)
 <LI><a href="#[10]">aw8623x_set_gain</a> from aw8623x.o(i.aw8623x_set_gain) referenced 2 times from aw8623x.o(.data)
 <LI><a href="#[19]">aw8623x_set_ram_addr</a> from aw8623x.o(i.aw8623x_set_ram_addr) referenced 2 times from aw8623x.o(.data)
 <LI><a href="#[17]">aw8623x_set_ram_data</a> from aw8623x.o(i.aw8623x_set_ram_data) referenced 2 times from aw8623x.o(.data)
 <LI><a href="#[1a]">aw8623x_set_repeat_seq</a> from aw8623x.o(i.aw8623x_set_repeat_seq) referenced 2 times from aw8623x.o(.data)
 <LI><a href="#[1d]">aw8623x_set_rtp_aei</a> from aw8623x.o(i.aw8623x_set_rtp_aei) referenced 2 times from aw8623x.o(.data)
 <LI><a href="#[14]">aw8623x_set_rtp_autosin</a> from aw8623x.o(i.aw8623x_set_rtp_autosin) referenced 2 times from aw8623x.o(.data)
 <LI><a href="#[13]">aw8623x_set_rtp_data</a> from aw8623x.o(i.aw8623x_set_rtp_data) referenced 2 times from aw8623x.o(.data)
 <LI><a href="#[1c]">aw8623x_set_trim_lra</a> from aw8623x.o(i.aw8623x_set_trim_lra) referenced 2 times from aw8623x.o(.data)
 <LI><a href="#[12]">aw8623x_set_wav_loop</a> from aw8623x.o(i.aw8623x_set_wav_loop) referenced 2 times from aw8623x.o(.data)
 <LI><a href="#[11]">aw8623x_set_wav_seq</a> from aw8623x.o(i.aw8623x_set_wav_seq) referenced 2 times from aw8623x.o(.data)
 <LI><a href="#[4]">aw8623x_trig_init</a> from aw8623x.o(i.aw8623x_trig_init) referenced 2 times from aw8623x.o(.data)
 <LI><a href="#[d]">aw8623x_vbat_mode_config</a> from aw8623x.o(i.aw8623x_vbat_mode_config) referenced 2 times from aw8623x.o(.data)
 <LI><a href="#[6f]">battery_level_meas_timeout_handler</a> from main.o(i.battery_level_meas_timeout_handler) referenced from main.o(i.main)
 <LI><a href="#[5b]">ble_advertising_error_handler</a> from main.o(i.ble_advertising_error_handler) referenced from main.o(i.advertising_init)
 <LI><a href="#[9f]">ble_advertising_on_ble_evt</a> from ble_advertising.o(i.ble_advertising_on_ble_evt) referenced from main.o(sdh_ble_observers1)
 <LI><a href="#[a3]">ble_bas_on_ble_evt</a> from ble_bas.o(i.ble_bas_on_ble_evt) referenced from main.o(sdh_ble_observers2)
 <LI><a href="#[9d]">ble_evt_handler</a> from ble_conn_state.o(i.ble_evt_handler) referenced from ble_conn_state.o(sdh_ble_observers0)
 <LI><a href="#[a0]">ble_evt_handler</a> from bsp_btn_ble.o(i.ble_evt_handler) referenced 3 times from bsp_btn_ble.o(sdh_ble_observers1)
 <LI><a href="#[a6]">ble_evt_handler</a> from main.o(i.ble_evt_handler) referenced from main.o(sdh_ble_observers3)
 <LI><a href="#[a4]">ble_hids_on_ble_evt</a> from ble_hids.o(i.ble_hids_on_ble_evt) referenced from main.o(sdh_ble_observers2)
 <LI><a href="#[85]">bsp_button_event_handler</a> from bsp.o(i.bsp_button_event_handler) referenced 4 times from bsp.o(.constdata)
 <LI><a href="#[70]">bsp_event_handler</a> from main.o(i.bsp_event_handler) referenced from main.o(i.main)
 <LI><a href="#[60]">button_timer_handler</a> from bsp.o(i.button_timer_handler) referenced from bsp.o(i.bsp_init)
 <LI><a href="#[65]">cali_show</a> from haptic_nv.o(i.cali_show) referenced from haptic_nv.o(i.create_node)
 <LI><a href="#[84]">car_update_pending_handle</a> from gatt_cache_manager.o(i.car_update_pending_handle) referenced from gatt_cache_manager.o(i.update_pending_flags_check)
 <LI><a href="#[72]">clock_irq_handler</a> from nrf_drv_clock.o(i.clock_irq_handler) referenced from nrf_drv_clock.o(i.nrf_drv_clock_init)
 <LI><a href="#[91]">compare_func</a> from app_timer2.o(i.compare_func) referenced from app_timer2.o(.constdata)
 <LI><a href="#[71]">conn_params_error_handler</a> from main.o(i.conn_params_error_handler) referenced from main.o(i.main)
 <LI><a href="#[83]">db_update_pending_handle</a> from gatt_cache_manager.o(i.db_update_pending_handle) referenced from gatt_cache_manager.o(i.update_pending_flags_check)
 <LI><a href="#[5d]">detection_delay_timeout_handler</a> from app_button.o(i.detection_delay_timeout_handler) referenced from app_button.o(i.app_button_init)
 <LI><a href="#[96]">erase</a> from nrf_fstorage_sd.o(i.erase) referenced from nrf_fstorage_sd.o(.constdata)
 <LI><a href="#[63]">f0_cali</a> from haptic_nv.o(i.f0_cali) referenced from haptic_nv.o(i.create_node)
 <LI><a href="#[64]">f0_show</a> from haptic_nv.o(i.f0_show) referenced from haptic_nv.o(i.create_node)
 <LI><a href="#[79]">fds_evt_handler</a> from peer_data_storage.o(i.fds_evt_handler) referenced from peer_data_storage.o(i.pds_init)
 <LI><a href="#[26]">fs_event_handler</a> from fds.o(i.fs_event_handler) referenced 2 times from fds.o(fs_data)
 <LI><a href="#[87]">gcm_im_evt_handler</a> from gatt_cache_manager.o(i.gcm_im_evt_handler) referenced from id_manager.o(.constdata)
 <LI><a href="#[8c]">gcm_pdb_evt_handler</a> from gatt_cache_manager.o(i.gcm_pdb_evt_handler) referenced from peer_database.o(.constdata)
 <LI><a href="#[6a]">get_ram_num</a> from haptic_nv.o(i.get_ram_num) referenced from haptic_nv.o(i.create_node)
 <LI><a href="#[5c]">gpiote_event_handler</a> from app_button.o(i.gpiote_event_handler) referenced from app_button.o(i.app_button_init)
 <LI><a href="#[8b]">gscm_pdb_evt_handler</a> from gatts_cache_manager.o(i.gscm_pdb_evt_handler) referenced from peer_database.o(.constdata)
 <LI><a href="#[92]">init</a> from nrf_fstorage_sd.o(i.init) referenced from nrf_fstorage_sd.o(.constdata)
 <LI><a href="#[99]">is_busy</a> from nrf_fstorage_sd.o(i.is_busy) referenced from nrf_fstorage_sd.o(.constdata)
 <LI><a href="#[61]">leds_timer_handler</a> from bsp.o(i.leds_timer_handler) referenced from bsp.o(i.bsp_init)
 <LI><a href="#[80]">link_secure_pending_handle</a> from security_manager.o(i.link_secure_pending_handle) referenced from security_manager.o(i.sm_ble_evt_handler)
 <LI><a href="#[80]">link_secure_pending_handle</a> from security_manager.o(i.link_secure_pending_handle) referenced from security_manager.o(i.sm_pdb_evt_handler)
 <LI><a href="#[67]">long_vib_work</a> from haptic_nv.o(i.long_vib_work) referenced from haptic_nv.o(i.create_node)
 <LI><a href="#[56]">main</a> from main.o(i.main) referenced from entry9a.o(.ARM.Collect$$$$0000000B)
 <LI><a href="#[9e]">nrf_ble_gatt_on_ble_evt</a> from nrf_ble_gatt.o(i.nrf_ble_gatt_on_ble_evt) referenced from main.o(sdh_ble_observers1)
 <LI><a href="#[a5]">nrf_ble_qwr_on_ble_evt</a> from nrf_ble_qwr.o(i.nrf_ble_qwr_on_ble_evt) referenced from main.o(sdh_ble_observers2)
 <LI><a href="#[a7]">nrf_fstorage_sdh_req_handler</a> from nrf_fstorage_sd.o(i.nrf_fstorage_sdh_req_handler) referenced from nrf_fstorage_sd.o(sdh_req_observers0)
 <LI><a href="#[ad]">nrf_fstorage_sdh_state_handler</a> from nrf_fstorage_sd.o(i.nrf_fstorage_sdh_state_handler) referenced from nrf_fstorage_sd.o(sdh_state_observers0)
 <LI><a href="#[a9]">nrf_fstorage_sys_evt_handler</a> from nrf_fstorage_sd.o(i.nrf_fstorage_sys_evt_handler) referenced from nrf_fstorage_sd.o(sdh_soc_observers0)
 <LI><a href="#[9c]">nrf_log_backend_uart_flush</a> from nrf_log_backend_uart.o(i.nrf_log_backend_uart_flush) referenced from nrf_log_backend_uart.o(.constdata)
 <LI><a href="#[9b]">nrf_log_backend_uart_panic_set</a> from nrf_log_backend_uart.o(i.nrf_log_backend_uart_panic_set) referenced from nrf_log_backend_uart.o(.constdata)
 <LI><a href="#[9a]">nrf_log_backend_uart_put</a> from nrf_log_backend_uart.o(i.nrf_log_backend_uart_put) referenced from nrf_log_backend_uart.o(.constdata)
 <LI><a href="#[7e]">nrf_qwr_error_handler</a> from main.o(i.nrf_qwr_error_handler) referenced from main.o(i.services_init)
 <LI><a href="#[aa]">nrf_sdh_ble_evts_poll</a> from nrf_sdh_ble.o(i.nrf_sdh_ble_evts_poll) referenced from nrf_sdh_ble.o(sdh_stack_observers0)
 <LI><a href="#[ab]">nrf_sdh_soc_evts_poll</a> from nrf_sdh_soc.o(i.nrf_sdh_soc_evts_poll) referenced from nrf_sdh_soc.o(sdh_stack_observers0)
 <LI><a href="#[8f]">nrfx_uart_0_irq_handler</a> from nrfx_uart.o(i.nrfx_uart_0_irq_handler) referenced from nrfx_uart.o(.constdata)
 <LI><a href="#[90]">nrfx_uarte_0_irq_handler</a> from nrfx_uarte.o(i.nrfx_uarte_0_irq_handler) referenced from nrfx_uarte.o(.constdata)
 <LI><a href="#[5a]">on_adv_evt</a> from main.o(i.on_adv_evt) referenced from main.o(i.advertising_init)
 <LI><a href="#[6d]">on_hids_evt</a> from main.o(i.on_hids_evt) referenced from main.o(i.hids_init)
 <LI><a href="#[7f]">params_reply_pending_handle</a> from security_manager.o(i.params_reply_pending_handle) referenced from security_manager.o(i.sm_ble_evt_handler)
 <LI><a href="#[7f]">params_reply_pending_handle</a> from security_manager.o(i.params_reply_pending_handle) referenced from security_manager.o(i.sm_pdb_evt_handler)
 <LI><a href="#[88]">pdb_pds_evt_handler</a> from peer_database.o(i.pdb_pds_evt_handler) referenced from peer_data_storage.o(.constdata)
 <LI><a href="#[7a]">pm_evt_handler</a> from main.o(i.pm_evt_handler) referenced from main.o(i.peer_manager_init)
 <LI><a href="#[24]">pm_gcm_evt_handler</a> from peer_manager.o(i.pm_gcm_evt_handler) referenced 2 times from gatt_cache_manager.o(.data)
 <LI><a href="#[25]">pm_gscm_evt_handler</a> from peer_manager.o(i.pm_gscm_evt_handler) referenced 2 times from gatts_cache_manager.o(.data)
 <LI><a href="#[86]">pm_im_evt_handler</a> from peer_manager.o(i.pm_im_evt_handler) referenced from id_manager.o(.constdata)
 <LI><a href="#[89]">pm_pdb_evt_handler</a> from peer_manager.o(i.pm_pdb_evt_handler) referenced from peer_database.o(.constdata)
 <LI><a href="#[8e]">pm_sm_evt_handler</a> from peer_manager.o(i.pm_sm_evt_handler) referenced from security_manager.o(.constdata)
 <LI><a href="#[6b]">ram_show</a> from haptic_nv.o(i.ram_show) referenced from haptic_nv.o(i.create_node)
 <LI><a href="#[94]">read</a> from nrf_fstorage_sd.o(i.read) referenced from nrf_fstorage_sd.o(.constdata)
 <LI><a href="#[97]">rmap</a> from nrf_fstorage_sd.o(i.rmap) referenced from nrf_fstorage_sd.o(.constdata)
 <LI><a href="#[5e]">rtc_irq</a> from app_timer2.o(i.rtc_irq) referenced from app_timer2.o(i.app_timer_init)
 <LI><a href="#[66]">rtp_going</a> from haptic_nv.o(i.rtp_going) referenced from haptic_nv.o(i.create_node)
 <LI><a href="#[69]">rtp_vib_work</a> from haptic_nv.o(i.rtp_vib_work) referenced from haptic_nv.o(i.create_node)
 <LI><a href="#[7d]">sc_send_pending_handle</a> from gatt_cache_manager.o(i.sc_send_pending_handle) referenced from gatt_cache_manager.o(i.service_changed_pending_flags_check)
 <LI><a href="#[81]">scheduled_timeout_handler</a> from app_timer2.o(i.scheduled_timeout_handler) referenced from app_timer2.o(i.timer_expire)
 <LI><a href="#[ac]">sd_state_evt_handler</a> from nrf_drv_clock.o(i.sd_state_evt_handler) referenced from nrf_drv_clock.o(sdh_state_observers0)
 <LI><a href="#[77]">serial_tx</a> from nrf_log_backend_uart.o(i.serial_tx) referenced from nrf_log_backend_uart.o(i.nrf_log_backend_uart_put)
 <LI><a href="#[6e]">service_error_handler</a> from main.o(i.service_error_handler) referenced from main.o(i.hids_init)
 <LI><a href="#[68]">short_vib_work</a> from haptic_nv.o(i.short_vib_work) referenced from haptic_nv.o(i.create_node)
 <LI><a href="#[8a]">sm_pdb_evt_handler</a> from security_manager.o(i.sm_pdb_evt_handler) referenced from peer_database.o(.constdata)
 <LI><a href="#[8d]">sm_smd_evt_handler</a> from security_manager.o(i.sm_smd_evt_handler) referenced from security_dispatcher.o(.constdata)
 <LI><a href="#[a8]">soc_evt_handler</a> from nrf_drv_clock.o(i.soc_evt_handler) referenced from nrf_drv_clock.o(sdh_soc_observers0)
 <LI><a href="#[7b]">spi_event_handler</a> from spi.o(i.spi_event_handler) referenced from spi.o(i.pen_spi_init)
 <LI><a href="#[73]">spim_evt_handler</a> from nrf_drv_spi.o(i.spim_evt_handler) referenced from nrf_drv_spi.o(i.nrf_drv_spi_init)
 <LI><a href="#[74]">twi_evt_handler</a> from nrf_drv_twi.o(i.twi_evt_handler) referenced from nrf_drv_twi.o(i.nrf_drv_twi_init)
 <LI><a href="#[7c]">twi_handler</a> from i2c.o(i.twi_handler) referenced from i2c.o(i.pen_twi_init)
 <LI><a href="#[76]">uart_evt_handler</a> from nrf_drv_uart.o(i.uart_evt_handler) referenced from nrf_drv_uart.o(i.nrf_drv_uart_init)
 <LI><a href="#[82]">uart_evt_handler</a> from nrf_log_backend_uart.o(i.uart_evt_handler) referenced from nrf_log_backend_uart.o(i.uart_init)
 <LI><a href="#[75]">uarte_evt_handler</a> from nrf_drv_uart.o(i.uarte_evt_handler) referenced from nrf_drv_uart.o(i.nrf_drv_uart_init)
 <LI><a href="#[93]">uninit</a> from nrf_fstorage_sd.o(i.uninit) referenced from nrf_fstorage_sd.o(.constdata)
 <LI><a href="#[5f]">update_timeout_handler</a> from ble_conn_params.o(i.update_timeout_handler) referenced from ble_conn_params.o(i.ble_conn_params_init)
 <LI><a href="#[98]">wmap</a> from nrf_fstorage_sd.o(i.wmap) referenced from nrf_fstorage_sd.o(.constdata)
 <LI><a href="#[95]">write</a> from nrf_fstorage_sd.o(i.write) referenced from nrf_fstorage_sd.o(.constdata)
</UL>
<P>
<H3>
Global Symbols
</H3>
<P><STRONG><a name="[58]"></a>__main</STRONG> (Thumb, 0 bytes, Stack size unknown bytes, entry.o(.ARM.Collect$$$$00000000))
<BR>[Address Reference Count : 1]<UL><LI> arm_startup_nrf52.o(.text)
</UL>
<P><STRONG><a name="[34a]"></a>_main_stk</STRONG> (Thumb, 0 bytes, Stack size unknown bytes, entry2.o(.ARM.Collect$$$$00000001))

<P><STRONG><a name="[ae]"></a>_main_scatterload</STRONG> (Thumb, 0 bytes, Stack size unknown bytes, entry5.o(.ARM.Collect$$$$00000004))
<BR><BR>[Calls]<UL><LI><a href="#[af]">&gt;&gt;</a>&nbsp;&nbsp;&nbsp;__scatterload
</UL>

<P><STRONG><a name="[b8]"></a>__main_after_scatterload</STRONG> (Thumb, 0 bytes, Stack size unknown bytes, entry5.o(.ARM.Collect$$$$00000004))
<BR><BR>[Called By]<UL><LI><a href="#[af]">&gt;&gt;</a>&nbsp;&nbsp;&nbsp;__scatterload
</UL>

<P><STRONG><a name="[34b]"></a>_main_clock</STRONG> (Thumb, 0 bytes, Stack size unknown bytes, entry7b.o(.ARM.Collect$$$$00000008))

<P><STRONG><a name="[34c]"></a>_main_cpp_init</STRONG> (Thumb, 0 bytes, Stack size unknown bytes, entry8b.o(.ARM.Collect$$$$0000000A))

<P><STRONG><a name="[34d]"></a>_main_init</STRONG> (Thumb, 0 bytes, Stack size unknown bytes, entry9a.o(.ARM.Collect$$$$0000000B))

<P><STRONG><a name="[34e]"></a>__rt_final_cpp</STRONG> (Thumb, 0 bytes, Stack size unknown bytes, entry10a.o(.ARM.Collect$$$$0000000D))

<P><STRONG><a name="[34f]"></a>__rt_final_exit</STRONG> (Thumb, 0 bytes, Stack size unknown bytes, entry11a.o(.ARM.Collect$$$$0000000F))

<P><STRONG><a name="[25f]"></a>__asm___12_nrf_atfifo_c_51f461e1__nrf_atfifo_wspace_req</STRONG> (Thumb, 56 bytes, Stack size 0 bytes, nrf_atfifo.o(.emb_text))
<BR><BR>[Called By]<UL><LI><a href="#[1be]">&gt;&gt;</a>&nbsp;&nbsp;&nbsp;nrf_atfifo_item_alloc
</UL>

<P><STRONG><a name="[b0]"></a>__asm___12_nrf_atfifo_c_51f461e1__nrf_atfifo_wspace_close</STRONG> (Thumb, 18 bytes, Stack size 0 bytes, nrf_atfifo.o(.emb_text))
<BR><BR>[Calls]<UL><LI><a href="#[b0]">&gt;&gt;</a>&nbsp;&nbsp;&nbsp;__asm___12_nrf_atfifo_c_51f461e1__nrf_atfifo_wspace_close
</UL>
<BR>[Called By]<UL><LI><a href="#[1bf]">&gt;&gt;</a>&nbsp;&nbsp;&nbsp;nrf_atfifo_item_put
<LI><a href="#[b0]">&gt;&gt;</a>&nbsp;&nbsp;&nbsp;__asm___12_nrf_atfifo_c_51f461e1__nrf_atfifo_wspace_close
</UL>

<P><STRONG><a name="[262]"></a>__asm___12_nrf_atfifo_c_51f461e1__nrf_atfifo_rspace_req</STRONG> (Thumb, 58 bytes, Stack size 0 bytes, nrf_atfifo.o(.emb_text))
<BR><BR>[Called By]<UL><LI><a href="#[261]">&gt;&gt;</a>&nbsp;&nbsp;&nbsp;nrf_atfifo_item_get
</UL>

<P><STRONG><a name="[b1]"></a>__asm___12_nrf_atfifo_c_51f461e1__nrf_atfifo_rspace_close</STRONG> (Thumb, 18 bytes, Stack size 0 bytes, nrf_atfifo.o(.emb_text))
<BR><BR>[Calls]<UL><LI><a href="#[b1]">&gt;&gt;</a>&nbsp;&nbsp;&nbsp;__asm___12_nrf_atfifo_c_51f461e1__nrf_atfifo_rspace_close
</UL>
<BR>[Called By]<UL><LI><a href="#[260]">&gt;&gt;</a>&nbsp;&nbsp;&nbsp;nrf_atfifo_item_free
<LI><a href="#[b1]">&gt;&gt;</a>&nbsp;&nbsp;&nbsp;__asm___12_nrf_atfifo_c_51f461e1__nrf_atfifo_rspace_close
</UL>

<P><STRONG><a name="[25e]"></a>__asm___12_nrf_atfifo_c_51f461e1__nrf_atfifo_space_clear</STRONG> (Thumb, 50 bytes, Stack size 0 bytes, nrf_atfifo.o(.emb_text))
<BR><BR>[Called By]<UL><LI><a href="#[25d]">&gt;&gt;</a>&nbsp;&nbsp;&nbsp;nrf_atfifo_clear
</UL>

<P><STRONG><a name="[26a]"></a>__asm___12_nrf_atomic_c_85ca2469__nrf_atomic_internal_mov</STRONG> (Thumb, 24 bytes, Stack size 0 bytes, nrf_atomic.o(.emb_text))
<BR><BR>[Called By]<UL><LI><a href="#[1ac]">&gt;&gt;</a>&nbsp;&nbsp;&nbsp;nrf_atomic_u32_fetch_store
</UL>

<P><STRONG><a name="[269]"></a>__asm___12_nrf_atomic_c_85ca2469__nrf_atomic_internal_orr</STRONG> (Thumb, 26 bytes, Stack size 0 bytes, nrf_atomic.o(.emb_text))
<BR><BR>[Called By]<UL><LI><a href="#[264]">&gt;&gt;</a>&nbsp;&nbsp;&nbsp;nrf_atomic_u32_or
<LI><a href="#[263]">&gt;&gt;</a>&nbsp;&nbsp;&nbsp;nrf_atomic_u32_fetch_or
</UL>

<P><STRONG><a name="[267]"></a>__asm___12_nrf_atomic_c_85ca2469__nrf_atomic_internal_and</STRONG> (Thumb, 26 bytes, Stack size 0 bytes, nrf_atomic.o(.emb_text))
<BR><BR>[Called By]<UL><LI><a href="#[165]">&gt;&gt;</a>&nbsp;&nbsp;&nbsp;nrf_atomic_u32_and
<LI><a href="#[265]">&gt;&gt;</a>&nbsp;&nbsp;&nbsp;nrf_atomic_u32_fetch_and
</UL>

<P><STRONG><a name="[350]"></a>__asm___12_nrf_atomic_c_85ca2469__nrf_atomic_internal_eor</STRONG> (Thumb, 26 bytes, Stack size 0 bytes, nrf_atomic.o(.emb_text), UNUSED)

<P><STRONG><a name="[266]"></a>__asm___12_nrf_atomic_c_85ca2469__nrf_atomic_internal_add</STRONG> (Thumb, 26 bytes, Stack size 0 bytes, nrf_atomic.o(.emb_text))
<BR><BR>[Called By]<UL><LI><a href="#[268]">&gt;&gt;</a>&nbsp;&nbsp;&nbsp;nrf_atomic_u32_fetch_add
<LI><a href="#[18e]">&gt;&gt;</a>&nbsp;&nbsp;&nbsp;nrf_atomic_u32_add
</UL>

<P><STRONG><a name="[26c]"></a>__asm___12_nrf_atomic_c_85ca2469__nrf_atomic_internal_sub</STRONG> (Thumb, 26 bytes, Stack size 0 bytes, nrf_atomic.o(.emb_text))
<BR><BR>[Called By]<UL><LI><a href="#[26b]">&gt;&gt;</a>&nbsp;&nbsp;&nbsp;nrf_atomic_u32_sub
</UL>

<P><STRONG><a name="[351]"></a>__asm___12_nrf_atomic_c_85ca2469__nrf_atomic_internal_cmp_exch</STRONG> (Thumb, 42 bytes, Stack size 0 bytes, nrf_atomic.o(.emb_text), UNUSED)

<P><STRONG><a name="[352]"></a>__asm___12_nrf_atomic_c_85ca2469__nrf_atomic_internal_sub_hs</STRONG> (Thumb, 30 bytes, Stack size 0 bytes, nrf_atomic.o(.emb_text), UNUSED)

<P><STRONG><a name="[27]"></a>Reset_Handler</STRONG> (Thumb, 8 bytes, Stack size 0 bytes, arm_startup_nrf52.o(.text))
<BR>[Address Reference Count : 1]<UL><LI> arm_startup_nrf52.o(RESET)
</UL>
<P><STRONG><a name="[28]"></a>NMI_Handler</STRONG> (Thumb, 2 bytes, Stack size 0 bytes, arm_startup_nrf52.o(.text))
<BR><BR>[Calls]<UL><LI><a href="#[28]">&gt;&gt;</a>&nbsp;&nbsp;&nbsp;NMI_Handler
</UL>
<BR>[Called By]<UL><LI><a href="#[28]">&gt;&gt;</a>&nbsp;&nbsp;&nbsp;NMI_Handler
</UL>
<BR>[Address Reference Count : 1]<UL><LI> arm_startup_nrf52.o(RESET)
</UL>
<P><STRONG><a name="[29]"></a>HardFault_Handler</STRONG> (Thumb, 2 bytes, Stack size 0 bytes, arm_startup_nrf52.o(.text))
<BR><BR>[Calls]<UL><LI><a href="#[29]">&gt;&gt;</a>&nbsp;&nbsp;&nbsp;HardFault_Handler
</UL>
<BR>[Called By]<UL><LI><a href="#[29]">&gt;&gt;</a>&nbsp;&nbsp;&nbsp;HardFault_Handler
</UL>
<BR>[Address Reference Count : 1]<UL><LI> arm_startup_nrf52.o(RESET)
</UL>
<P><STRONG><a name="[2a]"></a>MemoryManagement_Handler</STRONG> (Thumb, 2 bytes, Stack size 0 bytes, arm_startup_nrf52.o(.text))
<BR><BR>[Calls]<UL><LI><a href="#[2a]">&gt;&gt;</a>&nbsp;&nbsp;&nbsp;MemoryManagement_Handler
</UL>
<BR>[Called By]<UL><LI><a href="#[2a]">&gt;&gt;</a>&nbsp;&nbsp;&nbsp;MemoryManagement_Handler
</UL>
<BR>[Address Reference Count : 1]<UL><LI> arm_startup_nrf52.o(RESET)
</UL>
<P><STRONG><a name="[2b]"></a>BusFault_Handler</STRONG> (Thumb, 2 bytes, Stack size 0 bytes, arm_startup_nrf52.o(.text))
<BR><BR>[Calls]<UL><LI><a href="#[2b]">&gt;&gt;</a>&nbsp;&nbsp;&nbsp;BusFault_Handler
</UL>
<BR>[Called By]<UL><LI><a href="#[2b]">&gt;&gt;</a>&nbsp;&nbsp;&nbsp;BusFault_Handler
</UL>
<BR>[Address Reference Count : 1]<UL><LI> arm_startup_nrf52.o(RESET)
</UL>
<P><STRONG><a name="[2c]"></a>UsageFault_Handler</STRONG> (Thumb, 2 bytes, Stack size 0 bytes, arm_startup_nrf52.o(.text))
<BR><BR>[Calls]<UL><LI><a href="#[2c]">&gt;&gt;</a>&nbsp;&nbsp;&nbsp;UsageFault_Handler
</UL>
<BR>[Called By]<UL><LI><a href="#[2c]">&gt;&gt;</a>&nbsp;&nbsp;&nbsp;UsageFault_Handler
</UL>
<BR>[Address Reference Count : 1]<UL><LI> arm_startup_nrf52.o(RESET)
</UL>
<P><STRONG><a name="[2d]"></a>SVC_Handler</STRONG> (Thumb, 2 bytes, Stack size 0 bytes, arm_startup_nrf52.o(.text))
<BR><BR>[Calls]<UL><LI><a href="#[2d]">&gt;&gt;</a>&nbsp;&nbsp;&nbsp;SVC_Handler
</UL>
<BR>[Called By]<UL><LI><a href="#[2d]">&gt;&gt;</a>&nbsp;&nbsp;&nbsp;SVC_Handler
</UL>
<BR>[Address Reference Count : 1]<UL><LI> arm_startup_nrf52.o(RESET)
</UL>
<P><STRONG><a name="[2e]"></a>DebugMon_Handler</STRONG> (Thumb, 2 bytes, Stack size 0 bytes, arm_startup_nrf52.o(.text))
<BR><BR>[Calls]<UL><LI><a href="#[2e]">&gt;&gt;</a>&nbsp;&nbsp;&nbsp;DebugMon_Handler
</UL>
<BR>[Called By]<UL><LI><a href="#[2e]">&gt;&gt;</a>&nbsp;&nbsp;&nbsp;DebugMon_Handler
</UL>
<BR>[Address Reference Count : 1]<UL><LI> arm_startup_nrf52.o(RESET)
</UL>
<P><STRONG><a name="[2f]"></a>PendSV_Handler</STRONG> (Thumb, 2 bytes, Stack size 0 bytes, arm_startup_nrf52.o(.text))
<BR><BR>[Calls]<UL><LI><a href="#[2f]">&gt;&gt;</a>&nbsp;&nbsp;&nbsp;PendSV_Handler
</UL>
<BR>[Called By]<UL><LI><a href="#[2f]">&gt;&gt;</a>&nbsp;&nbsp;&nbsp;PendSV_Handler
</UL>
<BR>[Address Reference Count : 1]<UL><LI> arm_startup_nrf52.o(RESET)
</UL>
<P><STRONG><a name="[30]"></a>SysTick_Handler</STRONG> (Thumb, 2 bytes, Stack size 0 bytes, arm_startup_nrf52.o(.text))
<BR><BR>[Calls]<UL><LI><a href="#[30]">&gt;&gt;</a>&nbsp;&nbsp;&nbsp;SysTick_Handler
</UL>
<BR>[Called By]<UL><LI><a href="#[30]">&gt;&gt;</a>&nbsp;&nbsp;&nbsp;SysTick_Handler
</UL>
<BR>[Address Reference Count : 1]<UL><LI> arm_startup_nrf52.o(RESET)
</UL>
<P><STRONG><a name="[40]"></a>CCM_AAR_IRQHandler</STRONG> (Thumb, 0 bytes, Stack size 0 bytes, arm_startup_nrf52.o(.text))
<BR><BR>[Calls]<UL><LI><a href="#[40]">&gt;&gt;</a>&nbsp;&nbsp;&nbsp;CCM_AAR_IRQHandler
</UL>
<BR>[Called By]<UL><LI><a href="#[40]">&gt;&gt;</a>&nbsp;&nbsp;&nbsp;CCM_AAR_IRQHandler
</UL>
<BR>[Address Reference Count : 1]<UL><LI> arm_startup_nrf52.o(RESET)
</UL>
<P><STRONG><a name="[44]"></a>COMP_LPCOMP_IRQHandler</STRONG> (Thumb, 0 bytes, Stack size 0 bytes, arm_startup_nrf52.o(.text))
<BR>[Address Reference Count : 1]<UL><LI> arm_startup_nrf52.o(RESET)
</UL>
<P><STRONG><a name="[3f]"></a>ECB_IRQHandler</STRONG> (Thumb, 0 bytes, Stack size 0 bytes, arm_startup_nrf52.o(.text))
<BR>[Address Reference Count : 1]<UL><LI> arm_startup_nrf52.o(RESET)
</UL>
<P><STRONG><a name="[55]"></a>FPU_IRQHandler</STRONG> (Thumb, 0 bytes, Stack size 0 bytes, arm_startup_nrf52.o(.text))
<BR>[Address Reference Count : 1]<UL><LI> arm_startup_nrf52.o(RESET)
</UL>
<P><STRONG><a name="[54]"></a>I2S_IRQHandler</STRONG> (Thumb, 0 bytes, Stack size 0 bytes, arm_startup_nrf52.o(.text))
<BR>[Address Reference Count : 1]<UL><LI> arm_startup_nrf52.o(RESET)
</UL>
<P><STRONG><a name="[4f]"></a>MWU_IRQHandler</STRONG> (Thumb, 0 bytes, Stack size 0 bytes, arm_startup_nrf52.o(.text))
<BR>[Address Reference Count : 1]<UL><LI> arm_startup_nrf52.o(RESET)
</UL>
<P><STRONG><a name="[36]"></a>NFCT_IRQHandler</STRONG> (Thumb, 0 bytes, Stack size 0 bytes, arm_startup_nrf52.o(.text))
<BR>[Address Reference Count : 1]<UL><LI> arm_startup_nrf52.o(RESET)
</UL>
<P><STRONG><a name="[4e]"></a>PDM_IRQHandler</STRONG> (Thumb, 0 bytes, Stack size 0 bytes, arm_startup_nrf52.o(.text))
<BR>[Address Reference Count : 1]<UL><LI> arm_startup_nrf52.o(RESET)
</UL>
<P><STRONG><a name="[4d]"></a>PWM0_IRQHandler</STRONG> (Thumb, 0 bytes, Stack size 0 bytes, arm_startup_nrf52.o(.text))
<BR>[Address Reference Count : 1]<UL><LI> arm_startup_nrf52.o(RESET)
</UL>
<P><STRONG><a name="[50]"></a>PWM1_IRQHandler</STRONG> (Thumb, 0 bytes, Stack size 0 bytes, arm_startup_nrf52.o(.text))
<BR>[Address Reference Count : 1]<UL><LI> arm_startup_nrf52.o(RESET)
</UL>
<P><STRONG><a name="[51]"></a>PWM2_IRQHandler</STRONG> (Thumb, 0 bytes, Stack size 0 bytes, arm_startup_nrf52.o(.text))
<BR>[Address Reference Count : 1]<UL><LI> arm_startup_nrf52.o(RESET)
</UL>
<P><STRONG><a name="[43]"></a>QDEC_IRQHandler</STRONG> (Thumb, 0 bytes, Stack size 0 bytes, arm_startup_nrf52.o(.text))
<BR>[Address Reference Count : 1]<UL><LI> arm_startup_nrf52.o(RESET)
</UL>
<P><STRONG><a name="[32]"></a>RADIO_IRQHandler</STRONG> (Thumb, 0 bytes, Stack size 0 bytes, arm_startup_nrf52.o(.text))
<BR>[Address Reference Count : 1]<UL><LI> arm_startup_nrf52.o(RESET)
</UL>
<P><STRONG><a name="[3e]"></a>RNG_IRQHandler</STRONG> (Thumb, 0 bytes, Stack size 0 bytes, arm_startup_nrf52.o(.text))
<BR>[Address Reference Count : 1]<UL><LI> arm_startup_nrf52.o(RESET)
</UL>
<P><STRONG><a name="[3c]"></a>RTC0_IRQHandler</STRONG> (Thumb, 0 bytes, Stack size 0 bytes, arm_startup_nrf52.o(.text))
<BR>[Address Reference Count : 1]<UL><LI> arm_startup_nrf52.o(RESET)
</UL>
<P><STRONG><a name="[53]"></a>RTC2_IRQHandler</STRONG> (Thumb, 0 bytes, Stack size 0 bytes, arm_startup_nrf52.o(.text))
<BR>[Address Reference Count : 1]<UL><LI> arm_startup_nrf52.o(RESET)
</UL>
<P><STRONG><a name="[38]"></a>SAADC_IRQHandler</STRONG> (Thumb, 0 bytes, Stack size 0 bytes, arm_startup_nrf52.o(.text))
<BR>[Address Reference Count : 1]<UL><LI> arm_startup_nrf52.o(RESET)
</UL>
<P><STRONG><a name="[52]"></a>SPIM2_SPIS2_SPI2_IRQHandler</STRONG> (Thumb, 0 bytes, Stack size 0 bytes, arm_startup_nrf52.o(.text))
<BR>[Address Reference Count : 1]<UL><LI> arm_startup_nrf52.o(RESET)
</UL>
<P><STRONG><a name="[45]"></a>SWI0_EGU0_IRQHandler</STRONG> (Thumb, 0 bytes, Stack size 0 bytes, arm_startup_nrf52.o(.text))
<BR>[Address Reference Count : 1]<UL><LI> arm_startup_nrf52.o(RESET)
</UL>
<P><STRONG><a name="[46]"></a>SWI1_EGU1_IRQHandler</STRONG> (Thumb, 0 bytes, Stack size 0 bytes, arm_startup_nrf52.o(.text))
<BR>[Address Reference Count : 1]<UL><LI> arm_startup_nrf52.o(RESET)
</UL>
<P><STRONG><a name="[48]"></a>SWI3_EGU3_IRQHandler</STRONG> (Thumb, 0 bytes, Stack size 0 bytes, arm_startup_nrf52.o(.text))
<BR>[Address Reference Count : 1]<UL><LI> arm_startup_nrf52.o(RESET)
</UL>
<P><STRONG><a name="[49]"></a>SWI4_EGU4_IRQHandler</STRONG> (Thumb, 0 bytes, Stack size 0 bytes, arm_startup_nrf52.o(.text))
<BR>[Address Reference Count : 1]<UL><LI> arm_startup_nrf52.o(RESET)
</UL>
<P><STRONG><a name="[4a]"></a>SWI5_EGU5_IRQHandler</STRONG> (Thumb, 0 bytes, Stack size 0 bytes, arm_startup_nrf52.o(.text))
<BR>[Address Reference Count : 1]<UL><LI> arm_startup_nrf52.o(RESET)
</UL>
<P><STRONG><a name="[3d]"></a>TEMP_IRQHandler</STRONG> (Thumb, 0 bytes, Stack size 0 bytes, arm_startup_nrf52.o(.text))
<BR>[Address Reference Count : 1]<UL><LI> arm_startup_nrf52.o(RESET)
</UL>
<P><STRONG><a name="[39]"></a>TIMER0_IRQHandler</STRONG> (Thumb, 0 bytes, Stack size 0 bytes, arm_startup_nrf52.o(.text))
<BR>[Address Reference Count : 1]<UL><LI> arm_startup_nrf52.o(RESET)
</UL>
<P><STRONG><a name="[3a]"></a>TIMER1_IRQHandler</STRONG> (Thumb, 0 bytes, Stack size 0 bytes, arm_startup_nrf52.o(.text))
<BR>[Address Reference Count : 1]<UL><LI> arm_startup_nrf52.o(RESET)
</UL>
<P><STRONG><a name="[3b]"></a>TIMER2_IRQHandler</STRONG> (Thumb, 0 bytes, Stack size 0 bytes, arm_startup_nrf52.o(.text))
<BR>[Address Reference Count : 1]<UL><LI> arm_startup_nrf52.o(RESET)
</UL>
<P><STRONG><a name="[4b]"></a>TIMER3_IRQHandler</STRONG> (Thumb, 0 bytes, Stack size 0 bytes, arm_startup_nrf52.o(.text))
<BR>[Address Reference Count : 1]<UL><LI> arm_startup_nrf52.o(RESET)
</UL>
<P><STRONG><a name="[4c]"></a>TIMER4_IRQHandler</STRONG> (Thumb, 0 bytes, Stack size 0 bytes, arm_startup_nrf52.o(.text))
<BR>[Address Reference Count : 1]<UL><LI> arm_startup_nrf52.o(RESET)
</UL>
<P><STRONG><a name="[41]"></a>WDT_IRQHandler</STRONG> (Thumb, 0 bytes, Stack size 0 bytes, arm_startup_nrf52.o(.text))
<BR>[Address Reference Count : 1]<UL><LI> arm_startup_nrf52.o(RESET)
</UL>
<P><STRONG><a name="[b2]"></a>__aeabi_uldivmod</STRONG> (Thumb, 98 bytes, Stack size 40 bytes, uldiv.o(.text))
<BR><BR>[Stack]<UL><LI>Max Depth = 40<LI>Call Chain = __aeabi_uldivmod
</UL>
<BR>[Calls]<UL><LI><a href="#[b3]">&gt;&gt;</a>&nbsp;&nbsp;&nbsp;__aeabi_llsr
<LI><a href="#[b4]">&gt;&gt;</a>&nbsp;&nbsp;&nbsp;__aeabi_llsl
</UL>
<BR>[Called By]<UL><LI><a href="#[188]">&gt;&gt;</a>&nbsp;&nbsp;&nbsp;bsp_led_indication
</UL>

<P><STRONG><a name="[b4]"></a>__aeabi_llsl</STRONG> (Thumb, 30 bytes, Stack size 0 bytes, llshl.o(.text))
<BR><BR>[Called By]<UL><LI><a href="#[1b3]">&gt;&gt;</a>&nbsp;&nbsp;&nbsp;evt_handle
<LI><a href="#[b2]">&gt;&gt;</a>&nbsp;&nbsp;&nbsp;__aeabi_uldivmod
</UL>

<P><STRONG><a name="[353]"></a>_ll_shift_l</STRONG> (Thumb, 0 bytes, Stack size 0 bytes, llshl.o(.text), UNUSED)

<P><STRONG><a name="[2a4]"></a>__rt_ctype_table</STRONG> (Thumb, 4 bytes, Stack size 0 bytes, ctype_o.o(.text))
<BR><BR>[Called By]<UL><LI><a href="#[297]">&gt;&gt;</a>&nbsp;&nbsp;&nbsp;nrf_log_hexdump_entry_process
</UL>

<P><STRONG><a name="[ed]"></a>__aeabi_memcpy</STRONG> (Thumb, 36 bytes, Stack size 0 bytes, memcpya.o(.text))
<BR><BR>[Called By]<UL><LI><a href="#[13e]">&gt;&gt;</a>&nbsp;&nbsp;&nbsp;service_data_encode
<LI><a href="#[13d]">&gt;&gt;</a>&nbsp;&nbsp;&nbsp;manuf_specific_data_encode
<LI><a href="#[173]">&gt;&gt;</a>&nbsp;&nbsp;&nbsp;ble_hids_inp_rep_send
<LI><a href="#[16c]">&gt;&gt;</a>&nbsp;&nbsp;&nbsp;ble_hids_boot_mouse_inp_rep_send
<LI><a href="#[21f]">&gt;&gt;</a>&nbsp;&nbsp;&nbsp;im_whitelist_set
<LI><a href="#[216]">&gt;&gt;</a>&nbsp;&nbsp;&nbsp;im_device_identities_list_set
<LI><a href="#[21e]">&gt;&gt;</a>&nbsp;&nbsp;&nbsp;peers_id_keys_get
<LI><a href="#[194]">&gt;&gt;</a>&nbsp;&nbsp;&nbsp;pds_peer_data_read
<LI><a href="#[235]">&gt;&gt;</a>&nbsp;&nbsp;&nbsp;lsm6dso_write_reg
<LI><a href="#[2d8]">&gt;&gt;</a>&nbsp;&nbsp;&nbsp;on_report_value_write
<LI><a href="#[c7]">&gt;&gt;</a>&nbsp;&nbsp;&nbsp;app_sched_event_put
<LI><a href="#[258]">&gt;&gt;</a>&nbsp;&nbsp;&nbsp;memobj_op
<LI><a href="#[94]">&gt;&gt;</a>&nbsp;&nbsp;&nbsp;read
</UL>

<P><STRONG><a name="[d6]"></a>__aeabi_memcpy4</STRONG> (Thumb, 0 bytes, Stack size 0 bytes, memcpya.o(.text))
<BR><BR>[Called By]<UL><LI><a href="#[ba]">&gt;&gt;</a>&nbsp;&nbsp;&nbsp;nrfx_twi_rx
<LI><a href="#[325]">&gt;&gt;</a>&nbsp;&nbsp;&nbsp;service_changed_send_in_evt
<LI><a href="#[22d]">&gt;&gt;</a>&nbsp;&nbsp;&nbsp;send_unexpected_error
<LI><a href="#[1ad]">&gt;&gt;</a>&nbsp;&nbsp;&nbsp;local_db_update_in_evt
<LI><a href="#[14e]">&gt;&gt;</a>&nbsp;&nbsp;&nbsp;conn_handle_list_get
<LI><a href="#[9d]">&gt;&gt;</a>&nbsp;&nbsp;&nbsp;ble_evt_handler
<LI><a href="#[9e]">&gt;&gt;</a>&nbsp;&nbsp;&nbsp;nrf_ble_gatt_on_ble_evt
<LI><a href="#[14d]">&gt;&gt;</a>&nbsp;&nbsp;&nbsp;ble_conn_params_init
<LI><a href="#[d7]">&gt;&gt;</a>&nbsp;&nbsp;&nbsp;ble_advertising_init
<LI><a href="#[d4]">&gt;&gt;</a>&nbsp;&nbsp;&nbsp;advertising_init
<LI><a href="#[1cd]">&gt;&gt;</a>&nbsp;&nbsp;&nbsp;peer_data_delete_process
<LI><a href="#[168]">&gt;&gt;</a>&nbsp;&nbsp;&nbsp;im_ble_evt_handler
<LI><a href="#[16a]">&gt;&gt;</a>&nbsp;&nbsp;&nbsp;gcm_ble_evt_handler
<LI><a href="#[1c3]">&gt;&gt;</a>&nbsp;&nbsp;&nbsp;new_evt
<LI><a href="#[32e]">&gt;&gt;</a>&nbsp;&nbsp;&nbsp;smd_ble_evt_handler
<LI><a href="#[109]">&gt;&gt;</a>&nbsp;&nbsp;&nbsp;send_unexpected_error
<LI><a href="#[327]">&gt;&gt;</a>&nbsp;&nbsp;&nbsp;sec_proc_start
<LI><a href="#[199]">&gt;&gt;</a>&nbsp;&nbsp;&nbsp;conn_sec_failure
<LI><a href="#[101]">&gt;&gt;</a>&nbsp;&nbsp;&nbsp;auth_status_success_process
<LI><a href="#[30a]">&gt;&gt;</a>&nbsp;&nbsp;&nbsp;pm_handler_flash_clean_on_return
<LI><a href="#[282]">&gt;&gt;</a>&nbsp;&nbsp;&nbsp;nrf_drv_uart_init
<LI><a href="#[2c5]">&gt;&gt;</a>&nbsp;&nbsp;&nbsp;twi_xfer
<LI><a href="#[c3]">&gt;&gt;</a>&nbsp;&nbsp;&nbsp;twi_irq_handler
<LI><a href="#[29a]">&gt;&gt;</a>&nbsp;&nbsp;&nbsp;uart_init
</UL>

<P><STRONG><a name="[354]"></a>__aeabi_memcpy8</STRONG> (Thumb, 0 bytes, Stack size 0 bytes, memcpya.o(.text), UNUSED)

<P><STRONG><a name="[b6]"></a>__aeabi_memset</STRONG> (Thumb, 14 bytes, Stack size 0 bytes, memseta.o(.text))
<BR><BR>[Called By]<UL><LI><a href="#[b7]">&gt;&gt;</a>&nbsp;&nbsp;&nbsp;_memset$wrapper
<LI><a href="#[b5]">&gt;&gt;</a>&nbsp;&nbsp;&nbsp;__aeabi_memclr
</UL>

<P><STRONG><a name="[355]"></a>__aeabi_memset4</STRONG> (Thumb, 0 bytes, Stack size 0 bytes, memseta.o(.text), UNUSED)

<P><STRONG><a name="[356]"></a>__aeabi_memset8</STRONG> (Thumb, 0 bytes, Stack size 0 bytes, memseta.o(.text), UNUSED)

<P><STRONG><a name="[b5]"></a>__aeabi_memclr</STRONG> (Thumb, 4 bytes, Stack size 0 bytes, memseta.o(.text))
<BR><BR>[Calls]<UL><LI><a href="#[b6]">&gt;&gt;</a>&nbsp;&nbsp;&nbsp;__aeabi_memset
</UL>
<BR>[Called By]<UL><LI><a href="#[e4]">&gt;&gt;</a>&nbsp;&nbsp;&nbsp;app_button_init
<LI><a href="#[20e]">&gt;&gt;</a>&nbsp;&nbsp;&nbsp;hids_init
<LI><a href="#[21f]">&gt;&gt;</a>&nbsp;&nbsp;&nbsp;im_whitelist_set
<LI><a href="#[328]">&gt;&gt;</a>&nbsp;&nbsp;&nbsp;sec_keyset_fill
<LI><a href="#[1e2]">&gt;&gt;</a>&nbsp;&nbsp;&nbsp;fds_stat
<LI><a href="#[175]">&gt;&gt;</a>&nbsp;&nbsp;&nbsp;on_connect
</UL>

<P><STRONG><a name="[d5]"></a>__aeabi_memclr4</STRONG> (Thumb, 0 bytes, Stack size 0 bytes, memseta.o(.text))
<BR><BR>[Called By]<UL><LI><a href="#[bc]">&gt;&gt;</a>&nbsp;&nbsp;&nbsp;nrfx_twi_tx
<LI><a href="#[12f]">&gt;&gt;</a>&nbsp;&nbsp;&nbsp;bl_enter_update_with_i2c
<LI><a href="#[ff]">&gt;&gt;</a>&nbsp;&nbsp;&nbsp;local_db_apply_in_evt
<LI><a href="#[12c]">&gt;&gt;</a>&nbsp;&nbsp;&nbsp;descriptor_add
<LI><a href="#[12a]">&gt;&gt;</a>&nbsp;&nbsp;&nbsp;characteristic_add
<LI><a href="#[db]">&gt;&gt;</a>&nbsp;&nbsp;&nbsp;pm_peers_delete
<LI><a href="#[16d]">&gt;&gt;</a>&nbsp;&nbsp;&nbsp;ble_hids_init
<LI><a href="#[dd]">&gt;&gt;</a>&nbsp;&nbsp;&nbsp;ble_advertising_start
<LI><a href="#[56]">&gt;&gt;</a>&nbsp;&nbsp;&nbsp;main
<LI><a href="#[250]">&gt;&gt;</a>&nbsp;&nbsp;&nbsp;services_init
<LI><a href="#[20e]">&gt;&gt;</a>&nbsp;&nbsp;&nbsp;hids_init
<LI><a href="#[d4]">&gt;&gt;</a>&nbsp;&nbsp;&nbsp;advertising_init
<LI><a href="#[89]">&gt;&gt;</a>&nbsp;&nbsp;&nbsp;pm_pdb_evt_handler
<LI><a href="#[2ee]">&gt;&gt;</a>&nbsp;&nbsp;&nbsp;peer_id_init
<LI><a href="#[1d4]">&gt;&gt;</a>&nbsp;&nbsp;&nbsp;fds_init
<LI><a href="#[79]">&gt;&gt;</a>&nbsp;&nbsp;&nbsp;fds_evt_handler
<LI><a href="#[21f]">&gt;&gt;</a>&nbsp;&nbsp;&nbsp;im_whitelist_set
<LI><a href="#[216]">&gt;&gt;</a>&nbsp;&nbsp;&nbsp;im_device_identities_list_set
<LI><a href="#[de]">&gt;&gt;</a>&nbsp;&nbsp;&nbsp;ah
<LI><a href="#[21e]">&gt;&gt;</a>&nbsp;&nbsp;&nbsp;peers_id_keys_get
<LI><a href="#[203]">&gt;&gt;</a>&nbsp;&nbsp;&nbsp;service_changed_pending_set
<LI><a href="#[1c3]">&gt;&gt;</a>&nbsp;&nbsp;&nbsp;new_evt
<LI><a href="#[330]">&gt;&gt;</a>&nbsp;&nbsp;&nbsp;smd_params_reply
<LI><a href="#[107]">&gt;&gt;</a>&nbsp;&nbsp;&nbsp;send_config_req
<LI><a href="#[307]">&gt;&gt;</a>&nbsp;&nbsp;&nbsp;rank_highest
<LI><a href="#[306]">&gt;&gt;</a>&nbsp;&nbsp;&nbsp;pm_peer_rank_highest
<LI><a href="#[a2]">&gt;&gt;</a>&nbsp;&nbsp;&nbsp;ble_evt_handler
<LI><a href="#[121]">&gt;&gt;</a>&nbsp;&nbsp;&nbsp;aw8623x_read_reg_array
<LI><a href="#[170]">&gt;&gt;</a>&nbsp;&nbsp;&nbsp;rep_map_char_add
<LI><a href="#[16f]">&gt;&gt;</a>&nbsp;&nbsp;&nbsp;rep_char_add
<LI><a href="#[172]">&gt;&gt;</a>&nbsp;&nbsp;&nbsp;hid_information_char_add
<LI><a href="#[171]">&gt;&gt;</a>&nbsp;&nbsp;&nbsp;boot_inp_rep_char_add
<LI><a href="#[15c]">&gt;&gt;</a>&nbsp;&nbsp;&nbsp;char_add
<LI><a href="#[129]">&gt;&gt;</a>&nbsp;&nbsp;&nbsp;battery_level_char_add
<LI><a href="#[1e8]">&gt;&gt;</a>&nbsp;&nbsp;&nbsp;queue_process
<LI><a href="#[1d0]">&gt;&gt;</a>&nbsp;&nbsp;&nbsp;queue_buf_get
<LI><a href="#[293]">&gt;&gt;</a>&nbsp;&nbsp;&nbsp;nrf_log_backend_serial_put
<LI><a href="#[95]">&gt;&gt;</a>&nbsp;&nbsp;&nbsp;write
<LI><a href="#[93]">&gt;&gt;</a>&nbsp;&nbsp;&nbsp;uninit
<LI><a href="#[1c1]">&gt;&gt;</a>&nbsp;&nbsp;&nbsp;event_send
<LI><a href="#[96]">&gt;&gt;</a>&nbsp;&nbsp;&nbsp;erase
</UL>

<P><STRONG><a name="[357]"></a>__aeabi_memclr8</STRONG> (Thumb, 0 bytes, Stack size 0 bytes, memseta.o(.text), UNUSED)

<P><STRONG><a name="[b7]"></a>_memset$wrapper</STRONG> (Thumb, 18 bytes, Stack size 8 bytes, memseta.o(.text), UNUSED)
<BR><BR>[Calls]<UL><LI><a href="#[b6]">&gt;&gt;</a>&nbsp;&nbsp;&nbsp;__aeabi_memset
</UL>

<P><STRONG><a name="[178]"></a>strlen</STRONG> (Thumb, 14 bytes, Stack size 0 bytes, strlen.o(.text))
<BR><BR>[Called By]<UL><LI><a href="#[177]">&gt;&gt;</a>&nbsp;&nbsp;&nbsp;ble_srv_ascii_to_utf8
<LI><a href="#[286]">&gt;&gt;</a>&nbsp;&nbsp;&nbsp;nrf_fprintf_fmt
</UL>

<P><STRONG><a name="[d1]"></a>memcmp</STRONG> (Thumb, 26 bytes, Stack size 12 bytes, memcmp.o(.text))
<BR><BR>[Stack]<UL><LI>Max Depth = 12<LI>Call Chain = memcmp
</UL>
<BR>[Called By]<UL><LI><a href="#[219]">&gt;&gt;</a>&nbsp;&nbsp;&nbsp;im_master_ids_compare
<LI><a href="#[217]">&gt;&gt;</a>&nbsp;&nbsp;&nbsp;im_is_duplicate_bonding_data
<LI><a href="#[212]">&gt;&gt;</a>&nbsp;&nbsp;&nbsp;im_address_resolve
<LI><a href="#[d0]">&gt;&gt;</a>&nbsp;&nbsp;&nbsp;addr_compare
<LI><a href="#[201]">&gt;&gt;</a>&nbsp;&nbsp;&nbsp;gscm_local_db_cache_update
</UL>

<P><STRONG><a name="[b3]"></a>__aeabi_llsr</STRONG> (Thumb, 32 bytes, Stack size 0 bytes, llushr.o(.text))
<BR><BR>[Called By]<UL><LI><a href="#[b2]">&gt;&gt;</a>&nbsp;&nbsp;&nbsp;__aeabi_uldivmod
</UL>

<P><STRONG><a name="[358]"></a>_ll_ushift_r</STRONG> (Thumb, 0 bytes, Stack size 0 bytes, llushr.o(.text), UNUSED)

<P><STRONG><a name="[af]"></a>__scatterload</STRONG> (Thumb, 28 bytes, Stack size 0 bytes, init.o(.text))
<BR><BR>[Calls]<UL><LI><a href="#[b8]">&gt;&gt;</a>&nbsp;&nbsp;&nbsp;__main_after_scatterload
</UL>
<BR>[Called By]<UL><LI><a href="#[ae]">&gt;&gt;</a>&nbsp;&nbsp;&nbsp;_main_scatterload
</UL>

<P><STRONG><a name="[359]"></a>__scatterload_rt2</STRONG> (Thumb, 0 bytes, Stack size 0 bytes, init.o(.text), UNUSED)

<P><STRONG><a name="[35a]"></a>__decompress</STRONG> (Thumb, 0 bytes, Stack size unknown bytes, __dczerorl2.o(.text), UNUSED)

<P><STRONG><a name="[35b]"></a>__decompress1</STRONG> (Thumb, 86 bytes, Stack size unknown bytes, __dczerorl2.o(.text), UNUSED)

<P><STRONG><a name="[b9]"></a>CTP_FLASH_I2C_READ</STRONG> (Thumb, 36 bytes, Stack size 16 bytes, tp_ts.o(i.CTP_FLASH_I2C_READ))
<BR><BR>[Stack]<UL><LI>Max Depth = 160<LI>Call Chain = CTP_FLASH_I2C_READ &rArr; nrfx_twi_rx &rArr; nrfx_twi_xfer &rArr; twi_xfer &rArr; twi_tx_start_transfer &rArr; twi_transfer &rArr; nrf_twi_event_clear
</UL>
<BR>[Calls]<UL><LI><a href="#[ba]">&gt;&gt;</a>&nbsp;&nbsp;&nbsp;nrfx_twi_rx
</UL>
<BR>[Called By]<UL><LI><a href="#[131]">&gt;&gt;</a>&nbsp;&nbsp;&nbsp;bl_i2c_transfer
</UL>

<P><STRONG><a name="[bb]"></a>CTP_FLASH_I2C_WRITE</STRONG> (Thumb, 38 bytes, Stack size 24 bytes, tp_ts.o(i.CTP_FLASH_I2C_WRITE))
<BR><BR>[Stack]<UL><LI>Max Depth = 176<LI>Call Chain = CTP_FLASH_I2C_WRITE &rArr; nrfx_twi_tx &rArr; nrfx_twi_xfer &rArr; twi_xfer &rArr; twi_tx_start_transfer &rArr; twi_transfer &rArr; nrf_twi_event_clear
</UL>
<BR>[Calls]<UL><LI><a href="#[bc]">&gt;&gt;</a>&nbsp;&nbsp;&nbsp;nrfx_twi_tx
</UL>
<BR>[Called By]<UL><LI><a href="#[131]">&gt;&gt;</a>&nbsp;&nbsp;&nbsp;bl_i2c_transfer
</UL>

<P><STRONG><a name="[37]"></a>GPIOTE_IRQHandler</STRONG> (Thumb, 154 bytes, Stack size 32 bytes, nrfx_gpiote.o(i.GPIOTE_IRQHandler))
<BR><BR>[Stack]<UL><LI>Max Depth = 88<LI>Call Chain = GPIOTE_IRQHandler &rArr; port_event_handle &rArr; nrf_gpio_latches_read_and_clear
</UL>
<BR>[Calls]<UL><LI><a href="#[c0]">&gt;&gt;</a>&nbsp;&nbsp;&nbsp;port_event_handle
<LI><a href="#[bd]">&gt;&gt;</a>&nbsp;&nbsp;&nbsp;nrf_gpiote_event_is_set
<LI><a href="#[be]">&gt;&gt;</a>&nbsp;&nbsp;&nbsp;nrf_gpiote_event_clear
<LI><a href="#[bf]">&gt;&gt;</a>&nbsp;&nbsp;&nbsp;nrf_gpio_latches_read_and_clear
</UL>
<BR>[Address Reference Count : 1]<UL><LI> arm_startup_nrf52.o(RESET)
</UL>
<P><STRONG><a name="[31]"></a>POWER_CLOCK_IRQHandler</STRONG> (Thumb, 82 bytes, Stack size 16 bytes, nrfx_clock.o(i.POWER_CLOCK_IRQHandler))
<BR><BR>[Stack]<UL><LI>Max Depth = 24<LI>Call Chain = POWER_CLOCK_IRQHandler &rArr; nrf_clock_event_clear
</UL>
<BR>[Calls]<UL><LI><a href="#[c2]">&gt;&gt;</a>&nbsp;&nbsp;&nbsp;nrf_clock_event_clear
<LI><a href="#[c1]">&gt;&gt;</a>&nbsp;&nbsp;&nbsp;nrf_clock_event_check
</UL>
<BR>[Address Reference Count : 1]<UL><LI> arm_startup_nrf52.o(RESET)
</UL>
<P><STRONG><a name="[42]"></a>RTC1_IRQHandler</STRONG> (Thumb, 12 bytes, Stack size 0 bytes, drv_rtc.o(i.RTC1_IRQHandler))
<BR>[Address Reference Count : 1]<UL><LI> arm_startup_nrf52.o(RESET)
</UL>
<P><STRONG><a name="[34]"></a>SPIM0_SPIS0_TWIM0_TWIS0_SPI0_TWI0_IRQHandler</STRONG> (Thumb, 8 bytes, Stack size 0 bytes, nrfx_twi.o(i.SPIM0_SPIS0_TWIM0_TWIS0_SPI0_TWI0_IRQHandler))
<BR><BR>[Stack]<UL><LI>Max Depth = 112<LI>Call Chain = SPIM0_SPIS0_TWIM0_TWIS0_SPI0_TWI0_IRQHandler &rArr; twi_irq_handler &rArr; twi_tx_start_transfer &rArr; twi_transfer &rArr; nrf_twi_event_clear
</UL>
<BR>[Calls]<UL><LI><a href="#[c3]">&gt;&gt;</a>&nbsp;&nbsp;&nbsp;twi_irq_handler
</UL>
<BR>[Address Reference Count : 2]<UL><LI> nrfx_twi.o(.constdata)
<LI> arm_startup_nrf52.o(RESET)
</UL>
<P><STRONG><a name="[35]"></a>SPIM1_SPIS1_TWIM1_TWIS1_SPI1_TWI1_IRQHandler</STRONG> (Thumb, 78 bytes, Stack size 24 bytes, nrfx_spim.o(i.SPIM1_SPIS1_TWIM1_TWIS1_SPI1_TWI1_IRQHandler))
<BR><BR>[Stack]<UL><LI>Max Depth = 24<LI>Call Chain = SPIM1_SPIS1_TWIM1_TWIS1_SPI1_TWI1_IRQHandler
</UL>
<BR>[Calls]<UL><LI><a href="#[c4]">&gt;&gt;</a>&nbsp;&nbsp;&nbsp;nrf_spim_event_check
<LI><a href="#[c6]">&gt;&gt;</a>&nbsp;&nbsp;&nbsp;nrf_gpio_pin_set
<LI><a href="#[c5]">&gt;&gt;</a>&nbsp;&nbsp;&nbsp;nrf_gpio_pin_clear
</UL>
<BR>[Address Reference Count : 2]<UL><LI> nrfx_spim.o(.constdata)
<LI> arm_startup_nrf52.o(RESET)
</UL>
<P><STRONG><a name="[47]"></a>SWI2_EGU2_IRQHandler</STRONG> (Thumb, 26 bytes, Stack size 8 bytes, nrf_sdh.o(i.SWI2_EGU2_IRQHandler))
<BR><BR>[Stack]<UL><LI>Max Depth = 228<LI>Call Chain = SWI2_EGU2_IRQHandler &rArr; app_error_handler_bare &rArr; app_error_fault_handler &rArr; nrf_log_frontend_std_0 &rArr; std_n &rArr; nrf_log_frontend_dequeue &rArr;  nrf_log_frontend_std_0 (Cycle)
</UL>
<BR>[Calls]<UL><LI><a href="#[c8]">&gt;&gt;</a>&nbsp;&nbsp;&nbsp;app_error_handler_bare
<LI><a href="#[c7]">&gt;&gt;</a>&nbsp;&nbsp;&nbsp;app_sched_event_put
</UL>
<BR>[Address Reference Count : 1]<UL><LI> arm_startup_nrf52.o(RESET)
</UL>
<P><STRONG><a name="[57]"></a>SystemInit</STRONG> (Thumb, 660 bytes, Stack size 20 bytes, system_nrf52.o(i.SystemInit))
<BR><BR>[Stack]<UL><LI>Max Depth = 20<LI>Call Chain = SystemInit
</UL>
<BR>[Calls]<UL><LI><a href="#[c9]">&gt;&gt;</a>&nbsp;&nbsp;&nbsp;nvmc_config
</UL>
<BR>[Address Reference Count : 1]<UL><LI> arm_startup_nrf52.o(.text)
</UL>
<P><STRONG><a name="[33]"></a>UARTE0_UART0_IRQHandler</STRONG> (Thumb, 6 bytes, Stack size 0 bytes, nrfx_prs.o(i.UARTE0_UART0_IRQHandler))
<BR>[Address Reference Count : 1]<UL><LI> arm_startup_nrf52.o(RESET)
</UL>
<P><STRONG><a name="[35c]"></a>__scatterload_copy</STRONG> (Thumb, 14 bytes, Stack size unknown bytes, handlers.o(i.__scatterload_copy), UNUSED)

<P><STRONG><a name="[35d]"></a>__scatterload_null</STRONG> (Thumb, 2 bytes, Stack size unknown bytes, handlers.o(i.__scatterload_null), UNUSED)

<P><STRONG><a name="[35e]"></a>__scatterload_zeroinit</STRONG> (Thumb, 14 bytes, Stack size unknown bytes, handlers.o(i.__scatterload_zeroinit), UNUSED)

<P><STRONG><a name="[d0]"></a>addr_compare</STRONG> (Thumb, 38 bytes, Stack size 8 bytes, id_manager.o(i.addr_compare))
<BR><BR>[Stack]<UL><LI>Max Depth = 20<LI>Call Chain = addr_compare &rArr; memcmp
</UL>
<BR>[Calls]<UL><LI><a href="#[d1]">&gt;&gt;</a>&nbsp;&nbsp;&nbsp;memcmp
</UL>
<BR>[Called By]<UL><LI><a href="#[217]">&gt;&gt;</a>&nbsp;&nbsp;&nbsp;im_is_duplicate_bonding_data
<LI><a href="#[168]">&gt;&gt;</a>&nbsp;&nbsp;&nbsp;im_ble_evt_handler
</UL>

<P><STRONG><a name="[de]"></a>ah</STRONG> (Thumb, 82 bytes, Stack size 64 bytes, id_manager.o(i.ah))
<BR><BR>[Stack]<UL><LI>Max Depth = 64<LI>Call Chain = ah
</UL>
<BR>[Calls]<UL><LI><a href="#[d5]">&gt;&gt;</a>&nbsp;&nbsp;&nbsp;__aeabi_memclr4
</UL>
<BR>[Called By]<UL><LI><a href="#[212]">&gt;&gt;</a>&nbsp;&nbsp;&nbsp;im_address_resolve
</UL>

<P><STRONG><a name="[e2]"></a>app_button_enable</STRONG> (Thumb, 32 bytes, Stack size 16 bytes, app_button.o(i.app_button_enable))
<BR><BR>[Stack]<UL><LI>Max Depth = 48<LI>Call Chain = app_button_enable &rArr; nrfx_gpiote_in_event_enable &rArr; nrf_gpiote_event_clear
</UL>
<BR>[Calls]<UL><LI><a href="#[e3]">&gt;&gt;</a>&nbsp;&nbsp;&nbsp;nrfx_gpiote_in_event_enable
</UL>
<BR>[Called By]<UL><LI><a href="#[189]">&gt;&gt;</a>&nbsp;&nbsp;&nbsp;bsp_init
</UL>

<P><STRONG><a name="[e4]"></a>app_button_init</STRONG> (Thumb, 106 bytes, Stack size 24 bytes, app_button.o(i.app_button_init))
<BR><BR>[Stack]<UL><LI>Max Depth = 76<LI>Call Chain = app_button_init &rArr; nrfx_gpiote_in_init &rArr; channel_port_alloc
</UL>
<BR>[Calls]<UL><LI><a href="#[e8]">&gt;&gt;</a>&nbsp;&nbsp;&nbsp;app_timer_create
<LI><a href="#[e5]">&gt;&gt;</a>&nbsp;&nbsp;&nbsp;nrfx_gpiote_is_init
<LI><a href="#[e6]">&gt;&gt;</a>&nbsp;&nbsp;&nbsp;nrfx_gpiote_init
<LI><a href="#[e7]">&gt;&gt;</a>&nbsp;&nbsp;&nbsp;nrfx_gpiote_in_init
<LI><a href="#[b5]">&gt;&gt;</a>&nbsp;&nbsp;&nbsp;__aeabi_memclr
</UL>
<BR>[Called By]<UL><LI><a href="#[189]">&gt;&gt;</a>&nbsp;&nbsp;&nbsp;bsp_init
</UL>

<P><STRONG><a name="[78]"></a>app_error_fault_handler</STRONG> (Thumb, 86 bytes, Stack size 0 bytes, app_error_weak.o(i.app_error_fault_handler))
<BR><BR>[Stack]<UL><LI>Max Depth = 204<LI>Call Chain = app_error_fault_handler &rArr; nrf_log_frontend_std_0 &rArr; std_n &rArr; nrf_log_frontend_dequeue &rArr;  nrf_log_frontend_std_0 (Cycle)
</UL>
<BR>[Calls]<UL><LI><a href="#[da]">&gt;&gt;</a>&nbsp;&nbsp;&nbsp;nrf_log_frontend_std_0
<LI><a href="#[ea]">&gt;&gt;</a>&nbsp;&nbsp;&nbsp;nrf_log_frontend_dequeue
<LI><a href="#[e9]">&gt;&gt;</a>&nbsp;&nbsp;&nbsp;nrf_log_panic
</UL>
<BR>[Called By]<UL><LI><a href="#[c8]">&gt;&gt;</a>&nbsp;&nbsp;&nbsp;app_error_handler_bare
</UL>
<BR>[Address Reference Count : 1]<UL><LI> nrf_sdh.o(i.nrf_sdh_enable_request)
</UL>
<P><STRONG><a name="[c8]"></a>app_error_handler_bare</STRONG> (Thumb, 22 bytes, Stack size 16 bytes, app_error.o(i.app_error_handler_bare))
<BR><BR>[Stack]<UL><LI>Max Depth = 220<LI>Call Chain = app_error_handler_bare &rArr; app_error_fault_handler &rArr; nrf_log_frontend_std_0 &rArr; std_n &rArr; nrf_log_frontend_dequeue &rArr;  nrf_log_frontend_std_0 (Cycle)
</UL>
<BR>[Calls]<UL><LI><a href="#[78]">&gt;&gt;</a>&nbsp;&nbsp;&nbsp;app_error_fault_handler
</UL>
<BR>[Called By]<UL><LI><a href="#[9d]">&gt;&gt;</a>&nbsp;&nbsp;&nbsp;ble_evt_handler
<LI><a href="#[303]">&gt;&gt;</a>&nbsp;&nbsp;&nbsp;pm_handler_on_pm_evt
<LI><a href="#[305]">&gt;&gt;</a>&nbsp;&nbsp;&nbsp;pm_handler_flash_clean
<LI><a href="#[304]">&gt;&gt;</a>&nbsp;&nbsp;&nbsp;pm_handler_disconnect_on_sec_failure
<LI><a href="#[253]">&gt;&gt;</a>&nbsp;&nbsp;&nbsp;pen_twi_init
<LI><a href="#[254]">&gt;&gt;</a>&nbsp;&nbsp;&nbsp;pen_spi_init
<LI><a href="#[56]">&gt;&gt;</a>&nbsp;&nbsp;&nbsp;main
<LI><a href="#[dc]">&gt;&gt;</a>&nbsp;&nbsp;&nbsp;whitelist_set
<LI><a href="#[186]">&gt;&gt;</a>&nbsp;&nbsp;&nbsp;sleep_mode_enter
<LI><a href="#[250]">&gt;&gt;</a>&nbsp;&nbsp;&nbsp;services_init
<LI><a href="#[6e]">&gt;&gt;</a>&nbsp;&nbsp;&nbsp;service_error_handler
<LI><a href="#[252]">&gt;&gt;</a>&nbsp;&nbsp;&nbsp;peer_manager_init
<LI><a href="#[5a]">&gt;&gt;</a>&nbsp;&nbsp;&nbsp;on_adv_evt
<LI><a href="#[7e]">&gt;&gt;</a>&nbsp;&nbsp;&nbsp;nrf_qwr_error_handler
<LI><a href="#[187]">&gt;&gt;</a>&nbsp;&nbsp;&nbsp;mouse_movement_send
<LI><a href="#[20f]">&gt;&gt;</a>&nbsp;&nbsp;&nbsp;identities_set
<LI><a href="#[20e]">&gt;&gt;</a>&nbsp;&nbsp;&nbsp;hids_init
<LI><a href="#[1e9]">&gt;&gt;</a>&nbsp;&nbsp;&nbsp;gap_params_init
<LI><a href="#[71]">&gt;&gt;</a>&nbsp;&nbsp;&nbsp;conn_params_error_handler
<LI><a href="#[70]">&gt;&gt;</a>&nbsp;&nbsp;&nbsp;bsp_event_handler
<LI><a href="#[a6]">&gt;&gt;</a>&nbsp;&nbsp;&nbsp;ble_evt_handler
<LI><a href="#[5b]">&gt;&gt;</a>&nbsp;&nbsp;&nbsp;ble_advertising_error_handler
<LI><a href="#[6f]">&gt;&gt;</a>&nbsp;&nbsp;&nbsp;battery_level_meas_timeout_handler
<LI><a href="#[d9]">&gt;&gt;</a>&nbsp;&nbsp;&nbsp;advertising_start
<LI><a href="#[d4]">&gt;&gt;</a>&nbsp;&nbsp;&nbsp;advertising_init
<LI><a href="#[ca]">&gt;&gt;</a>&nbsp;&nbsp;&nbsp;_conn_secure
<LI><a href="#[15d]">&gt;&gt;</a>&nbsp;&nbsp;&nbsp;sys_id_encode
<LI><a href="#[15e]">&gt;&gt;</a>&nbsp;&nbsp;&nbsp;pnp_id_encode
<LI><a href="#[15c]">&gt;&gt;</a>&nbsp;&nbsp;&nbsp;char_add
<LI><a href="#[319]">&gt;&gt;</a>&nbsp;&nbsp;&nbsp;timer_expire
<LI><a href="#[29a]">&gt;&gt;</a>&nbsp;&nbsp;&nbsp;uart_init
<LI><a href="#[77]">&gt;&gt;</a>&nbsp;&nbsp;&nbsp;serial_tx
<LI><a href="#[2b2]">&gt;&gt;</a>&nbsp;&nbsp;&nbsp;softdevices_evt_irq_enable
<LI><a href="#[2b1]">&gt;&gt;</a>&nbsp;&nbsp;&nbsp;softdevice_evt_irq_disable
<LI><a href="#[ab]">&gt;&gt;</a>&nbsp;&nbsp;&nbsp;nrf_sdh_soc_evts_poll
<LI><a href="#[aa]">&gt;&gt;</a>&nbsp;&nbsp;&nbsp;nrf_sdh_ble_evts_poll
<LI><a href="#[47]">&gt;&gt;</a>&nbsp;&nbsp;&nbsp;SWI2_EGU2_IRQHandler
</UL>

<P><STRONG><a name="[c7]"></a>app_sched_event_put</STRONG> (Thumb, 154 bytes, Stack size 40 bytes, app_scheduler.o(i.app_sched_event_put))
<BR><BR>[Stack]<UL><LI>Max Depth = 52<LI>Call Chain = app_sched_event_put &rArr; app_util_critical_region_enter
</UL>
<BR>[Calls]<UL><LI><a href="#[ec]">&gt;&gt;</a>&nbsp;&nbsp;&nbsp;app_util_critical_region_exit
<LI><a href="#[eb]">&gt;&gt;</a>&nbsp;&nbsp;&nbsp;app_util_critical_region_enter
<LI><a href="#[ed]">&gt;&gt;</a>&nbsp;&nbsp;&nbsp;__aeabi_memcpy
</UL>
<BR>[Called By]<UL><LI><a href="#[319]">&gt;&gt;</a>&nbsp;&nbsp;&nbsp;timer_expire
<LI><a href="#[47]">&gt;&gt;</a>&nbsp;&nbsp;&nbsp;SWI2_EGU2_IRQHandler
</UL>

<P><STRONG><a name="[256]"></a>app_sched_execute</STRONG> (Thumb, 58 bytes, Stack size 8 bytes, app_scheduler.o(i.app_sched_execute))
<BR><BR>[Stack]<UL><LI>Max Depth = 8<LI>Call Chain = app_sched_execute
</UL>
<BR>[Called By]<UL><LI><a href="#[56]">&gt;&gt;</a>&nbsp;&nbsp;&nbsp;main
</UL>

<P><STRONG><a name="[24e]"></a>app_sched_init</STRONG> (Thumb, 40 bytes, Stack size 12 bytes, app_scheduler.o(i.app_sched_init))
<BR><BR>[Stack]<UL><LI>Max Depth = 12<LI>Call Chain = app_sched_init
</UL>
<BR>[Called By]<UL><LI><a href="#[56]">&gt;&gt;</a>&nbsp;&nbsp;&nbsp;main
</UL>

<P><STRONG><a name="[ee]"></a>app_timer_cnt_get</STRONG> (Thumb, 6 bytes, Stack size 0 bytes, app_timer2.o(i.app_timer_cnt_get))
<BR><BR>[Calls]<UL><LI><a href="#[ef]">&gt;&gt;</a>&nbsp;&nbsp;&nbsp;drv_rtc_counter_get
</UL>
<BR>[Called By]<UL><LI><a href="#[31c]">&gt;&gt;</a>&nbsp;&nbsp;&nbsp;rtc_schedule
</UL>

<P><STRONG><a name="[e8]"></a>app_timer_create</STRONG> (Thumb, 32 bytes, Stack size 8 bytes, app_timer2.o(i.app_timer_create))
<BR><BR>[Stack]<UL><LI>Max Depth = 8<LI>Call Chain = app_timer_create
</UL>
<BR>[Called By]<UL><LI><a href="#[e4]">&gt;&gt;</a>&nbsp;&nbsp;&nbsp;app_button_init
<LI><a href="#[189]">&gt;&gt;</a>&nbsp;&nbsp;&nbsp;bsp_init
<LI><a href="#[14d]">&gt;&gt;</a>&nbsp;&nbsp;&nbsp;ble_conn_params_init
<LI><a href="#[56]">&gt;&gt;</a>&nbsp;&nbsp;&nbsp;main
</UL>

<P><STRONG><a name="[f0]"></a>app_timer_init</STRONG> (Thumb, 70 bytes, Stack size 16 bytes, app_timer2.o(i.app_timer_init))
<BR><BR>[Stack]<UL><LI>Max Depth = 236<LI>Call Chain = app_timer_init &rArr; drv_rtc_init &rArr; nrf_log_frontend_std_0 &rArr; std_n &rArr; nrf_log_frontend_dequeue &rArr;  nrf_log_frontend_std_0 (Cycle)
</UL>
<BR>[Calls]<UL><LI><a href="#[f1]">&gt;&gt;</a>&nbsp;&nbsp;&nbsp;nrf_atfifo_init
<LI><a href="#[f3]">&gt;&gt;</a>&nbsp;&nbsp;&nbsp;drv_rtc_overflow_enable
<LI><a href="#[f2]">&gt;&gt;</a>&nbsp;&nbsp;&nbsp;drv_rtc_init
<LI><a href="#[f4]">&gt;&gt;</a>&nbsp;&nbsp;&nbsp;drv_rtc_compare_set
</UL>
<BR>[Called By]<UL><LI><a href="#[56]">&gt;&gt;</a>&nbsp;&nbsp;&nbsp;main
</UL>

<P><STRONG><a name="[f5]"></a>app_timer_start</STRONG> (Thumb, 84 bytes, Stack size 24 bytes, app_timer2.o(i.app_timer_start))
<BR><BR>[Stack]<UL><LI>Max Depth = 64<LI>Call Chain = app_timer_start &rArr; timer_req_schedule &rArr; nrf_atfifo_item_alloc
</UL>
<BR>[Calls]<UL><LI><a href="#[ec]">&gt;&gt;</a>&nbsp;&nbsp;&nbsp;app_util_critical_region_exit
<LI><a href="#[eb]">&gt;&gt;</a>&nbsp;&nbsp;&nbsp;app_util_critical_region_enter
<LI><a href="#[f7]">&gt;&gt;</a>&nbsp;&nbsp;&nbsp;timer_req_schedule
<LI><a href="#[f6]">&gt;&gt;</a>&nbsp;&nbsp;&nbsp;get_now
</UL>
<BR>[Called By]<UL><LI><a href="#[164]">&gt;&gt;</a>&nbsp;&nbsp;&nbsp;conn_params_negotiation
<LI><a href="#[56]">&gt;&gt;</a>&nbsp;&nbsp;&nbsp;main
<LI><a href="#[188]">&gt;&gt;</a>&nbsp;&nbsp;&nbsp;bsp_led_indication
<LI><a href="#[85]">&gt;&gt;</a>&nbsp;&nbsp;&nbsp;bsp_button_event_handler
<LI><a href="#[1b4]">&gt;&gt;</a>&nbsp;&nbsp;&nbsp;timer_start
</UL>

<P><STRONG><a name="[f8]"></a>app_timer_stop</STRONG> (Thumb, 68 bytes, Stack size 16 bytes, app_timer2.o(i.app_timer_stop))
<BR><BR>[Stack]<UL><LI>Max Depth = 56<LI>Call Chain = app_timer_stop &rArr; timer_req_schedule &rArr; nrf_atfifo_item_alloc
</UL>
<BR>[Calls]<UL><LI><a href="#[ec]">&gt;&gt;</a>&nbsp;&nbsp;&nbsp;app_util_critical_region_exit
<LI><a href="#[eb]">&gt;&gt;</a>&nbsp;&nbsp;&nbsp;app_util_critical_region_enter
<LI><a href="#[f7]">&gt;&gt;</a>&nbsp;&nbsp;&nbsp;timer_req_schedule
</UL>
<BR>[Called By]<UL><LI><a href="#[a1]">&gt;&gt;</a>&nbsp;&nbsp;&nbsp;ble_evt_handler
<LI><a href="#[188]">&gt;&gt;</a>&nbsp;&nbsp;&nbsp;bsp_led_indication
<LI><a href="#[85]">&gt;&gt;</a>&nbsp;&nbsp;&nbsp;bsp_button_event_handler
</UL>

<P><STRONG><a name="[eb]"></a>app_util_critical_region_enter</STRONG> (Thumb, 64 bytes, Stack size 12 bytes, app_util_platform.o(i.app_util_critical_region_enter))
<BR><BR>[Stack]<UL><LI>Max Depth = 12<LI>Call Chain = app_util_critical_region_enter
</UL>
<BR>[Called By]<UL><LI><a href="#[f8]">&gt;&gt;</a>&nbsp;&nbsp;&nbsp;app_timer_stop
<LI><a href="#[24b]">&gt;&gt;</a>&nbsp;&nbsp;&nbsp;nrf_sdh_enable_request
<LI><a href="#[257]">&gt;&gt;</a>&nbsp;&nbsp;&nbsp;nrf_pwr_mgmt_run
<LI><a href="#[ea]">&gt;&gt;</a>&nbsp;&nbsp;&nbsp;nrf_log_frontend_dequeue
<LI><a href="#[f5]">&gt;&gt;</a>&nbsp;&nbsp;&nbsp;app_timer_start
<LI><a href="#[2bf]">&gt;&gt;</a>&nbsp;&nbsp;&nbsp;nrfx_prs_acquire
<LI><a href="#[277]">&gt;&gt;</a>&nbsp;&nbsp;&nbsp;nrf_drv_clock_lfclk_release
<LI><a href="#[ac]">&gt;&gt;</a>&nbsp;&nbsp;&nbsp;sd_state_evt_handler
<LI><a href="#[319]">&gt;&gt;</a>&nbsp;&nbsp;&nbsp;timer_expire
<LI><a href="#[c7]">&gt;&gt;</a>&nbsp;&nbsp;&nbsp;app_sched_event_put
<LI><a href="#[1b3]">&gt;&gt;</a>&nbsp;&nbsp;&nbsp;evt_handle
<LI><a href="#[26e]">&gt;&gt;</a>&nbsp;&nbsp;&nbsp;nrf_balloc_free
<LI><a href="#[26d]">&gt;&gt;</a>&nbsp;&nbsp;&nbsp;nrf_balloc_alloc
<LI><a href="#[18d]">&gt;&gt;</a>&nbsp;&nbsp;&nbsp;buf_prealloc
<LI><a href="#[2ae]">&gt;&gt;</a>&nbsp;&nbsp;&nbsp;nrf_sdh_disable_request
</UL>

<P><STRONG><a name="[ec]"></a>app_util_critical_region_exit</STRONG> (Thumb, 46 bytes, Stack size 0 bytes, app_util_platform.o(i.app_util_critical_region_exit))
<BR><BR>[Called By]<UL><LI><a href="#[f8]">&gt;&gt;</a>&nbsp;&nbsp;&nbsp;app_timer_stop
<LI><a href="#[24b]">&gt;&gt;</a>&nbsp;&nbsp;&nbsp;nrf_sdh_enable_request
<LI><a href="#[257]">&gt;&gt;</a>&nbsp;&nbsp;&nbsp;nrf_pwr_mgmt_run
<LI><a href="#[ea]">&gt;&gt;</a>&nbsp;&nbsp;&nbsp;nrf_log_frontend_dequeue
<LI><a href="#[f5]">&gt;&gt;</a>&nbsp;&nbsp;&nbsp;app_timer_start
<LI><a href="#[2bf]">&gt;&gt;</a>&nbsp;&nbsp;&nbsp;nrfx_prs_acquire
<LI><a href="#[277]">&gt;&gt;</a>&nbsp;&nbsp;&nbsp;nrf_drv_clock_lfclk_release
<LI><a href="#[ac]">&gt;&gt;</a>&nbsp;&nbsp;&nbsp;sd_state_evt_handler
<LI><a href="#[319]">&gt;&gt;</a>&nbsp;&nbsp;&nbsp;timer_expire
<LI><a href="#[c7]">&gt;&gt;</a>&nbsp;&nbsp;&nbsp;app_sched_event_put
<LI><a href="#[1b3]">&gt;&gt;</a>&nbsp;&nbsp;&nbsp;evt_handle
<LI><a href="#[26e]">&gt;&gt;</a>&nbsp;&nbsp;&nbsp;nrf_balloc_free
<LI><a href="#[26d]">&gt;&gt;</a>&nbsp;&nbsp;&nbsp;nrf_balloc_alloc
<LI><a href="#[18d]">&gt;&gt;</a>&nbsp;&nbsp;&nbsp;buf_prealloc
<LI><a href="#[2ae]">&gt;&gt;</a>&nbsp;&nbsp;&nbsp;nrf_sdh_disable_request
</UL>

<P><STRONG><a name="[10f]"></a>aw320xx_charging_disable</STRONG> (Thumb, 10 bytes, Stack size 0 bytes, aw320xx.o(i.aw320xx_charging_disable))
<BR><BR>[Stack]<UL><LI>Max Depth = 284<LI>Call Chain = aw320xx_charging_disable &rArr; aw320xx_i2c_write_bits &rArr; aw320xx_i2c_read &rArr; nrf_log_frontend_std_1 &rArr; std_n &rArr; nrf_log_frontend_dequeue &rArr;  nrf_log_frontend_std_0 (Cycle)
</UL>
<BR>[Calls]<UL><LI><a href="#[110]">&gt;&gt;</a>&nbsp;&nbsp;&nbsp;aw320xx_i2c_write_bits
</UL>
<BR>[Called By]<UL><LI><a href="#[112]">&gt;&gt;</a>&nbsp;&nbsp;&nbsp;aw320xx_enter
</UL>

<P><STRONG><a name="[111]"></a>aw320xx_charging_enable</STRONG> (Thumb, 10 bytes, Stack size 0 bytes, aw320xx.o(i.aw320xx_charging_enable))
<BR><BR>[Stack]<UL><LI>Max Depth = 284<LI>Call Chain = aw320xx_charging_enable &rArr; aw320xx_i2c_write_bits &rArr; aw320xx_i2c_read &rArr; nrf_log_frontend_std_1 &rArr; std_n &rArr; nrf_log_frontend_dequeue &rArr;  nrf_log_frontend_std_0 (Cycle)
</UL>
<BR>[Calls]<UL><LI><a href="#[110]">&gt;&gt;</a>&nbsp;&nbsp;&nbsp;aw320xx_i2c_write_bits
</UL>
<BR>[Called By]<UL><LI><a href="#[112]">&gt;&gt;</a>&nbsp;&nbsp;&nbsp;aw320xx_enter
</UL>

<P><STRONG><a name="[112]"></a>aw320xx_enter</STRONG> (Thumb, 160 bytes, Stack size 24 bytes, aw320xx.o(i.aw320xx_enter))
<BR><BR>[Stack]<UL><LI>Max Depth = 316<LI>Call Chain = aw320xx_enter &rArr; aw320xx_read_chipid &rArr; aw320xx_i2c_read &rArr; nrf_log_frontend_std_1 &rArr; std_n &rArr; nrf_log_frontend_dequeue &rArr;  nrf_log_frontend_std_0 (Cycle)
</UL>
<BR>[Calls]<UL><LI><a href="#[da]">&gt;&gt;</a>&nbsp;&nbsp;&nbsp;nrf_log_frontend_std_0
<LI><a href="#[115]">&gt;&gt;</a>&nbsp;&nbsp;&nbsp;aw320xx_reg_data_init
<LI><a href="#[114]">&gt;&gt;</a>&nbsp;&nbsp;&nbsp;aw320xx_i2c_read
<LI><a href="#[111]">&gt;&gt;</a>&nbsp;&nbsp;&nbsp;aw320xx_charging_enable
<LI><a href="#[10f]">&gt;&gt;</a>&nbsp;&nbsp;&nbsp;aw320xx_charging_disable
<LI><a href="#[113]">&gt;&gt;</a>&nbsp;&nbsp;&nbsp;aw320xx_read_chipid
</UL>
<BR>[Called By]<UL><LI><a href="#[56]">&gt;&gt;</a>&nbsp;&nbsp;&nbsp;main
</UL>

<P><STRONG><a name="[114]"></a>aw320xx_i2c_read</STRONG> (Thumb, 120 bytes, Stack size 48 bytes, aw320xx.o(i.aw320xx_i2c_read))
<BR><BR>[Stack]<UL><LI>Max Depth = 260<LI>Call Chain = aw320xx_i2c_read &rArr; nrf_log_frontend_std_1 &rArr; std_n &rArr; nrf_log_frontend_dequeue &rArr;  nrf_log_frontend_std_0 (Cycle)
</UL>
<BR>[Calls]<UL><LI><a href="#[ba]">&gt;&gt;</a>&nbsp;&nbsp;&nbsp;nrfx_twi_rx
<LI><a href="#[116]">&gt;&gt;</a>&nbsp;&nbsp;&nbsp;nrf_drv_twi_tx
<LI><a href="#[cd]">&gt;&gt;</a>&nbsp;&nbsp;&nbsp;nrf_log_frontend_std_1
</UL>
<BR>[Called By]<UL><LI><a href="#[112]">&gt;&gt;</a>&nbsp;&nbsp;&nbsp;aw320xx_enter
<LI><a href="#[110]">&gt;&gt;</a>&nbsp;&nbsp;&nbsp;aw320xx_i2c_write_bits
<LI><a href="#[113]">&gt;&gt;</a>&nbsp;&nbsp;&nbsp;aw320xx_read_chipid
</UL>

<P><STRONG><a name="[117]"></a>aw320xx_i2c_write</STRONG> (Thumb, 68 bytes, Stack size 24 bytes, aw320xx.o(i.aw320xx_i2c_write))
<BR><BR>[Stack]<UL><LI>Max Depth = 236<LI>Call Chain = aw320xx_i2c_write &rArr; nrf_log_frontend_std_1 &rArr; std_n &rArr; nrf_log_frontend_dequeue &rArr;  nrf_log_frontend_std_0 (Cycle)
</UL>
<BR>[Calls]<UL><LI><a href="#[116]">&gt;&gt;</a>&nbsp;&nbsp;&nbsp;nrf_drv_twi_tx
<LI><a href="#[cd]">&gt;&gt;</a>&nbsp;&nbsp;&nbsp;nrf_log_frontend_std_1
</UL>
<BR>[Called By]<UL><LI><a href="#[110]">&gt;&gt;</a>&nbsp;&nbsp;&nbsp;aw320xx_i2c_write_bits
</UL>

<P><STRONG><a name="[110]"></a>aw320xx_i2c_write_bits</STRONG> (Thumb, 46 bytes, Stack size 24 bytes, aw320xx.o(i.aw320xx_i2c_write_bits))
<BR><BR>[Stack]<UL><LI>Max Depth = 284<LI>Call Chain = aw320xx_i2c_write_bits &rArr; aw320xx_i2c_read &rArr; nrf_log_frontend_std_1 &rArr; std_n &rArr; nrf_log_frontend_dequeue &rArr;  nrf_log_frontend_std_0 (Cycle)
</UL>
<BR>[Calls]<UL><LI><a href="#[117]">&gt;&gt;</a>&nbsp;&nbsp;&nbsp;aw320xx_i2c_write
<LI><a href="#[114]">&gt;&gt;</a>&nbsp;&nbsp;&nbsp;aw320xx_i2c_read
</UL>
<BR>[Called By]<UL><LI><a href="#[118]">&gt;&gt;</a>&nbsp;&nbsp;&nbsp;aw320xx_reg_value_init
<LI><a href="#[111]">&gt;&gt;</a>&nbsp;&nbsp;&nbsp;aw320xx_charging_enable
<LI><a href="#[10f]">&gt;&gt;</a>&nbsp;&nbsp;&nbsp;aw320xx_charging_disable
</UL>

<P><STRONG><a name="[115]"></a>aw320xx_reg_data_init</STRONG> (Thumb, 74 bytes, Stack size 0 bytes, aw320xx.o(i.aw320xx_reg_data_init))
<BR><BR>[Called By]<UL><LI><a href="#[112]">&gt;&gt;</a>&nbsp;&nbsp;&nbsp;aw320xx_enter
</UL>

<P><STRONG><a name="[118]"></a>aw320xx_reg_value_init</STRONG> (Thumb, 278 bytes, Stack size 8 bytes, aw320xx.o(i.aw320xx_reg_value_init), UNUSED)
<BR><BR>[Calls]<UL><LI><a href="#[110]">&gt;&gt;</a>&nbsp;&nbsp;&nbsp;aw320xx_i2c_write_bits
</UL>

<P><STRONG><a name="[12f]"></a>bl_enter_update_with_i2c</STRONG> (Thumb, 62 bytes, Stack size 208 bytes, fw_update.o(i.bl_enter_update_with_i2c))
<BR><BR>[Stack]<UL><LI>Max Depth = 392<LI>Call Chain = bl_enter_update_with_i2c &rArr; bl_i2c_transfer &rArr; CTP_FLASH_I2C_WRITE &rArr; nrfx_twi_tx &rArr; nrfx_twi_xfer &rArr; twi_xfer &rArr; twi_tx_start_transfer &rArr; twi_transfer &rArr; nrf_twi_event_clear
</UL>
<BR>[Calls]<UL><LI><a href="#[132]">&gt;&gt;</a>&nbsp;&nbsp;&nbsp;ctp_delay_ms
<LI><a href="#[130]">&gt;&gt;</a>&nbsp;&nbsp;&nbsp;bl_ts_reset_wakeup
<LI><a href="#[131]">&gt;&gt;</a>&nbsp;&nbsp;&nbsp;bl_i2c_transfer
<LI><a href="#[d5]">&gt;&gt;</a>&nbsp;&nbsp;&nbsp;__aeabi_memclr4
</UL>
<BR>[Called By]<UL><LI><a href="#[1a0]">&gt;&gt;</a>&nbsp;&nbsp;&nbsp;ctp_bl_ts_init
</UL>

<P><STRONG><a name="[133]"></a>bl_exit_update_with_i2c</STRONG> (Thumb, 44 bytes, Stack size 8 bytes, fw_update.o(i.bl_exit_update_with_i2c))
<BR><BR>[Stack]<UL><LI>Max Depth = 192<LI>Call Chain = bl_exit_update_with_i2c &rArr; bl_i2c_transfer &rArr; CTP_FLASH_I2C_WRITE &rArr; nrfx_twi_tx &rArr; nrfx_twi_xfer &rArr; twi_xfer &rArr; twi_tx_start_transfer &rArr; twi_transfer &rArr; nrf_twi_event_clear
</UL>
<BR>[Calls]<UL><LI><a href="#[132]">&gt;&gt;</a>&nbsp;&nbsp;&nbsp;ctp_delay_ms
<LI><a href="#[130]">&gt;&gt;</a>&nbsp;&nbsp;&nbsp;bl_ts_reset_wakeup
<LI><a href="#[131]">&gt;&gt;</a>&nbsp;&nbsp;&nbsp;bl_i2c_transfer
</UL>
<BR>[Called By]<UL><LI><a href="#[1a0]">&gt;&gt;</a>&nbsp;&nbsp;&nbsp;ctp_bl_ts_init
</UL>

<P><STRONG><a name="[134]"></a>bl_get_chip_sub_id</STRONG> (Thumb, 66 bytes, Stack size 16 bytes, fw_update.o(i.bl_get_chip_sub_id))
<BR><BR>[Stack]<UL><LI>Max Depth = 200<LI>Call Chain = bl_get_chip_sub_id &rArr; bl_i2c_transfer &rArr; CTP_FLASH_I2C_WRITE &rArr; nrfx_twi_tx &rArr; nrfx_twi_xfer &rArr; twi_xfer &rArr; twi_tx_start_transfer &rArr; twi_transfer &rArr; nrf_twi_event_clear
</UL>
<BR>[Calls]<UL><LI><a href="#[131]">&gt;&gt;</a>&nbsp;&nbsp;&nbsp;bl_i2c_transfer
</UL>
<BR>[Called By]<UL><LI><a href="#[1a0]">&gt;&gt;</a>&nbsp;&nbsp;&nbsp;ctp_bl_ts_init
</UL>

<P><STRONG><a name="[131]"></a>bl_i2c_transfer</STRONG> (Thumb, 38 bytes, Stack size 8 bytes, fw_update.o(i.bl_i2c_transfer))
<BR><BR>[Stack]<UL><LI>Max Depth = 184<LI>Call Chain = bl_i2c_transfer &rArr; CTP_FLASH_I2C_WRITE &rArr; nrfx_twi_tx &rArr; nrfx_twi_xfer &rArr; twi_xfer &rArr; twi_tx_start_transfer &rArr; twi_transfer &rArr; nrf_twi_event_clear
</UL>
<BR>[Calls]<UL><LI><a href="#[bb]">&gt;&gt;</a>&nbsp;&nbsp;&nbsp;CTP_FLASH_I2C_WRITE
<LI><a href="#[b9]">&gt;&gt;</a>&nbsp;&nbsp;&nbsp;CTP_FLASH_I2C_READ
</UL>
<BR>[Called By]<UL><LI><a href="#[134]">&gt;&gt;</a>&nbsp;&nbsp;&nbsp;bl_get_chip_sub_id
<LI><a href="#[133]">&gt;&gt;</a>&nbsp;&nbsp;&nbsp;bl_exit_update_with_i2c
<LI><a href="#[12f]">&gt;&gt;</a>&nbsp;&nbsp;&nbsp;bl_enter_update_with_i2c
</UL>

<P><STRONG><a name="[130]"></a>bl_ts_reset_wakeup</STRONG> (Thumb, 50 bytes, Stack size 16 bytes, tp_ts.o(i.bl_ts_reset_wakeup))
<BR><BR>[Stack]<UL><LI>Max Depth = 48<LI>Call Chain = bl_ts_reset_wakeup &rArr; nrf_gpio_cfg_output &rArr; nrf_gpio_cfg
</UL>
<BR>[Calls]<UL><LI><a href="#[135]">&gt;&gt;</a>&nbsp;&nbsp;&nbsp;nrf_gpio_cfg_output
<LI><a href="#[132]">&gt;&gt;</a>&nbsp;&nbsp;&nbsp;ctp_delay_ms
</UL>
<BR>[Called By]<UL><LI><a href="#[133]">&gt;&gt;</a>&nbsp;&nbsp;&nbsp;bl_exit_update_with_i2c
<LI><a href="#[12f]">&gt;&gt;</a>&nbsp;&nbsp;&nbsp;bl_enter_update_with_i2c
<LI><a href="#[1a0]">&gt;&gt;</a>&nbsp;&nbsp;&nbsp;ctp_bl_ts_init
</UL>

<P><STRONG><a name="[136]"></a>blcm_link_ctx_get</STRONG> (Thumb, 72 bytes, Stack size 16 bytes, ble_link_ctx_manager.o(i.blcm_link_ctx_get))
<BR><BR>[Stack]<UL><LI>Max Depth = 24<LI>Call Chain = blcm_link_ctx_get &rArr; ble_conn_state_conn_idx
</UL>
<BR>[Calls]<UL><LI><a href="#[137]">&gt;&gt;</a>&nbsp;&nbsp;&nbsp;ble_conn_state_conn_idx
</UL>
<BR>[Called By]<UL><LI><a href="#[173]">&gt;&gt;</a>&nbsp;&nbsp;&nbsp;ble_hids_inp_rep_send
<LI><a href="#[16c]">&gt;&gt;</a>&nbsp;&nbsp;&nbsp;ble_hids_boot_mouse_inp_rep_send
<LI><a href="#[2d5]">&gt;&gt;</a>&nbsp;&nbsp;&nbsp;on_protocol_mode_read_auth
<LI><a href="#[176]">&gt;&gt;</a>&nbsp;&nbsp;&nbsp;on_write
<LI><a href="#[2d8]">&gt;&gt;</a>&nbsp;&nbsp;&nbsp;on_report_value_write
<LI><a href="#[2d7]">&gt;&gt;</a>&nbsp;&nbsp;&nbsp;on_report_value_read_auth
<LI><a href="#[175]">&gt;&gt;</a>&nbsp;&nbsp;&nbsp;on_connect
</UL>

<P><STRONG><a name="[138]"></a>ble_advdata_encode</STRONG> (Thumb, 386 bytes, Stack size 40 bytes, ble_advdata.o(i.ble_advdata_encode))
<BR><BR>[Stack]<UL><LI>Max Depth = 120<LI>Call Chain = ble_advdata_encode &rArr; uuid_list_encode &rArr; uuid_list_sized_encode
</UL>
<BR>[Calls]<UL><LI><a href="#[13b]">&gt;&gt;</a>&nbsp;&nbsp;&nbsp;uuid_list_encode
<LI><a href="#[13a]">&gt;&gt;</a>&nbsp;&nbsp;&nbsp;uint16_encode
<LI><a href="#[13e]">&gt;&gt;</a>&nbsp;&nbsp;&nbsp;service_data_encode
<LI><a href="#[13f]">&gt;&gt;</a>&nbsp;&nbsp;&nbsp;name_encode
<LI><a href="#[13d]">&gt;&gt;</a>&nbsp;&nbsp;&nbsp;manuf_specific_data_encode
<LI><a href="#[13c]">&gt;&gt;</a>&nbsp;&nbsp;&nbsp;conn_int_encode
<LI><a href="#[139]">&gt;&gt;</a>&nbsp;&nbsp;&nbsp;ble_device_addr_encode
</UL>
<BR>[Called By]<UL><LI><a href="#[d7]">&gt;&gt;</a>&nbsp;&nbsp;&nbsp;ble_advertising_init
<LI><a href="#[142]">&gt;&gt;</a>&nbsp;&nbsp;&nbsp;ble_advertising_advdata_update
</UL>

<P><STRONG><a name="[140]"></a>ble_advdata_parse</STRONG> (Thumb, 32 bytes, Stack size 12 bytes, ble_advdata.o(i.ble_advdata_parse))
<BR><BR>[Stack]<UL><LI>Max Depth = 28<LI>Call Chain = ble_advdata_parse &rArr; ble_advdata_search
</UL>
<BR>[Calls]<UL><LI><a href="#[141]">&gt;&gt;</a>&nbsp;&nbsp;&nbsp;ble_advdata_search
</UL>
<BR>[Called By]<UL><LI><a href="#[145]">&gt;&gt;</a>&nbsp;&nbsp;&nbsp;flags_set
</UL>

<P><STRONG><a name="[141]"></a>ble_advdata_search</STRONG> (Thumb, 70 bytes, Stack size 16 bytes, ble_advdata.o(i.ble_advdata_search))
<BR><BR>[Stack]<UL><LI>Max Depth = 16<LI>Call Chain = ble_advdata_search
</UL>
<BR>[Called By]<UL><LI><a href="#[140]">&gt;&gt;</a>&nbsp;&nbsp;&nbsp;ble_advdata_parse
</UL>

<P><STRONG><a name="[142]"></a>ble_advertising_advdata_update</STRONG> (Thumb, 160 bytes, Stack size 32 bytes, ble_advertising.o(i.ble_advertising_advdata_update))
<BR><BR>[Stack]<UL><LI>Max Depth = 152<LI>Call Chain = ble_advertising_advdata_update &rArr; ble_advdata_encode &rArr; uuid_list_encode &rArr; uuid_list_sized_encode
</UL>
<BR>[Calls]<UL><LI><a href="#[143]">&gt;&gt;</a>&nbsp;&nbsp;&nbsp;adv_set_data_size_max_get
[...]
<LI><a href="#[286]">&gt;&gt;</a>&nbsp;&nbsp;&nbsp;nrf_fprintf_fmt
</UL>

<P><STRONG><a name="[28b]"></a>addr_is_aligned32</STRONG> (Thumb, 12 bytes, Stack size 0 bytes, nrf_fstorage.o(i.addr_is_aligned32))
<BR><BR>[Called By]<UL><LI><a href="#[1f3]">&gt;&gt;</a>&nbsp;&nbsp;&nbsp;nrf_fstorage_write
</UL>

<P><STRONG><a name="[287]"></a>addr_is_within_bounds</STRONG> (Thumb, 24 bytes, Stack size 0 bytes, nrf_fstorage.o(i.addr_is_within_bounds))
<BR><BR>[Called By]<UL><LI><a href="#[1f3]">&gt;&gt;</a>&nbsp;&nbsp;&nbsp;nrf_fstorage_write
<LI><a href="#[1f2]">&gt;&gt;</a>&nbsp;&nbsp;&nbsp;nrf_fstorage_erase
</UL>

<P><STRONG><a name="[96]"></a>erase</STRONG> (Thumb, 72 bytes, Stack size 32 bytes, nrf_fstorage_sd.o(i.erase))
<BR><BR>[Stack]<UL><LI>Max Depth = 332<LI>Call Chain = erase &rArr; queue_start &rArr; queue_process &rArr; nrf_fstorage_sys_evt_handler &rArr;  queue_process (Cycle)
</UL>
<BR>[Calls]<UL><LI><a href="#[1bf]">&gt;&gt;</a>&nbsp;&nbsp;&nbsp;nrf_atfifo_item_put
<LI><a href="#[1be]">&gt;&gt;</a>&nbsp;&nbsp;&nbsp;nrf_atfifo_item_alloc
<LI><a href="#[1c0]">&gt;&gt;</a>&nbsp;&nbsp;&nbsp;queue_start
<LI><a href="#[d5]">&gt;&gt;</a>&nbsp;&nbsp;&nbsp;__aeabi_memclr4
</UL>
<BR>[Address Reference Count : 1]<UL><LI> nrf_fstorage_sd.o(.constdata)
</UL>
<P><STRONG><a name="[1c1]"></a>event_send</STRONG> (Thumb, 84 bytes, Stack size 40 bytes, nrf_fstorage_sd.o(i.event_send))
<BR><BR>[Stack]<UL><LI>Max Depth = 40<LI>Call Chain = event_send
</UL>
<BR>[Calls]<UL><LI><a href="#[d5]">&gt;&gt;</a>&nbsp;&nbsp;&nbsp;__aeabi_memclr4
</UL>
<BR>[Called By]<UL><LI><a href="#[a9]">&gt;&gt;</a>&nbsp;&nbsp;&nbsp;nrf_fstorage_sys_evt_handler
<LI><a href="#[288]">&gt;&gt;</a>&nbsp;&nbsp;&nbsp;queue_process
</UL>

<P><STRONG><a name="[92]"></a>init</STRONG> (Thumb, 42 bytes, Stack size 8 bytes, nrf_fstorage_sd.o(i.init))
<BR><BR>[Stack]<UL><LI>Max Depth = 16<LI>Call Chain = init &rArr; nrf_atfifo_init
</UL>
<BR>[Calls]<UL><LI><a href="#[220]">&gt;&gt;</a>&nbsp;&nbsp;&nbsp;nrf_sdh_is_enabled
<LI><a href="#[f1]">&gt;&gt;</a>&nbsp;&nbsp;&nbsp;nrf_atfifo_init
<LI><a href="#[1d6]">&gt;&gt;</a>&nbsp;&nbsp;&nbsp;nrf_atomic_flag_set_fetch
</UL>
<BR>[Address Reference Count : 1]<UL><LI> nrf_fstorage_sd.o(.constdata)
</UL>
<P><STRONG><a name="[99]"></a>is_busy</STRONG> (Thumb, 12 bytes, Stack size 0 bytes, nrf_fstorage_sd.o(i.is_busy))
<BR>[Address Reference Count : 1]<UL><LI> nrf_fstorage_sd.o(.constdata)
</UL>
<P><STRONG><a name="[289]"></a>queue_free</STRONG> (Thumb, 10 bytes, Stack size 0 bytes, nrf_fstorage_sd.o(i.queue_free))
<BR><BR>[Stack]<UL><LI>Max Depth = 8<LI>Call Chain = queue_free &rArr; nrf_atfifo_item_free
</UL>
<BR>[Calls]<UL><LI><a href="#[260]">&gt;&gt;</a>&nbsp;&nbsp;&nbsp;nrf_atfifo_item_free
</UL>
<BR>[Called By]<UL><LI><a href="#[a9]">&gt;&gt;</a>&nbsp;&nbsp;&nbsp;nrf_fstorage_sys_evt_handler
<LI><a href="#[288]">&gt;&gt;</a>&nbsp;&nbsp;&nbsp;queue_process
</UL>

<P><STRONG><a name="[288]"></a>queue_process</STRONG> (Thumb, 148 bytes, Stack size 24 bytes, nrf_fstorage_sd.o(i.queue_process))
<BR><BR>[Stack]<UL><LI>Max Depth = 292<LI>Call Chain = queue_process &rArr; nrf_fstorage_sys_evt_handler &rArr;  queue_process (Cycle)
</UL>
<BR>[Calls]<UL><LI><a href="#[261]">&gt;&gt;</a>&nbsp;&nbsp;&nbsp;nrf_atfifo_item_get
<LI><a href="#[a9]">&gt;&gt;</a>&nbsp;&nbsp;&nbsp;nrf_fstorage_sys_evt_handler
<LI><a href="#[289]">&gt;&gt;</a>&nbsp;&nbsp;&nbsp;queue_free
<LI><a href="#[1c1]">&gt;&gt;</a>&nbsp;&nbsp;&nbsp;event_send
</UL>
<BR>[Called By]<UL><LI><a href="#[a9]">&gt;&gt;</a>&nbsp;&nbsp;&nbsp;nrf_fstorage_sys_evt_handler
<LI><a href="#[ad]">&gt;&gt;</a>&nbsp;&nbsp;&nbsp;nrf_fstorage_sdh_state_handler
<LI><a href="#[1c0]">&gt;&gt;</a>&nbsp;&nbsp;&nbsp;queue_start
</UL>

<P><STRONG><a name="[1c0]"></a>queue_start</STRONG> (Thumb, 30 bytes, Stack size 8 bytes, nrf_fstorage_sd.o(i.queue_start))
<BR><BR>[Stack]<UL><LI>Max Depth = 300<LI>Call Chain = queue_start &rArr; queue_process &rArr; nrf_fstorage_sys_evt_handler &rArr;  queue_process (Cycle)
</UL>
<BR>[Calls]<UL><LI><a href="#[1d6]">&gt;&gt;</a>&nbsp;&nbsp;&nbsp;nrf_atomic_flag_set_fetch
<LI><a href="#[288]">&gt;&gt;</a>&nbsp;&nbsp;&nbsp;queue_process
</UL>
<BR>[Called By]<UL><LI><a href="#[95]">&gt;&gt;</a>&nbsp;&nbsp;&nbsp;write
<LI><a href="#[96]">&gt;&gt;</a>&nbsp;&nbsp;&nbsp;erase
</UL>

<P><STRONG><a name="[94]"></a>read</STRONG> (Thumb, 14 bytes, Stack size 8 bytes, nrf_fstorage_sd.o(i.read))
<BR><BR>[Stack]<UL><LI>Max Depth = 8<LI>Call Chain = read
</UL>
<BR>[Calls]<UL><LI><a href="#[ed]">&gt;&gt;</a>&nbsp;&nbsp;&nbsp;__aeabi_memcpy
</UL>
<BR>[Address Reference Count : 1]<UL><LI> nrf_fstorage_sd.o(.constdata)
</UL>
<P><STRONG><a name="[97]"></a>rmap</STRONG> (Thumb, 4 bytes, Stack size 0 bytes, nrf_fstorage_sd.o(i.rmap))
<BR>[Address Reference Count : 1]<UL><LI> nrf_fstorage_sd.o(.constdata)
</UL>
<P><STRONG><a name="[93]"></a>uninit</STRONG> (Thumb, 22 bytes, Stack size 8 bytes, nrf_fstorage_sd.o(i.uninit))
<BR><BR>[Stack]<UL><LI>Max Depth = 16<LI>Call Chain = uninit &rArr; nrf_atfifo_clear
</UL>
<BR>[Calls]<UL><LI><a href="#[25d]">&gt;&gt;</a>&nbsp;&nbsp;&nbsp;nrf_atfifo_clear
<LI><a href="#[d5]">&gt;&gt;</a>&nbsp;&nbsp;&nbsp;__aeabi_memclr4
</UL>
<BR>[Address Reference Count : 1]<UL><LI> nrf_fstorage_sd.o(.constdata)
</UL>
<P><STRONG><a name="[98]"></a>wmap</STRONG> (Thumb, 4 bytes, Stack size 0 bytes, nrf_fstorage_sd.o(i.wmap))
<BR>[Address Reference Count : 1]<UL><LI> nrf_fstorage_sd.o(.constdata)
</UL>
<P><STRONG><a name="[95]"></a>write</STRONG> (Thumb, 74 bytes, Stack size 40 bytes, nrf_fstorage_sd.o(i.write))
<BR><BR>[Stack]<UL><LI>Max Depth = 340<LI>Call Chain = write &rArr; queue_start &rArr; queue_process &rArr; nrf_fstorage_sys_evt_handler &rArr;  queue_process (Cycle)
</UL>
<BR>[Calls]<UL><LI><a href="#[1bf]">&gt;&gt;</a>&nbsp;&nbsp;&nbsp;nrf_atfifo_item_put
<LI><a href="#[1be]">&gt;&gt;</a>&nbsp;&nbsp;&nbsp;nrf_atfifo_item_alloc
<LI><a href="#[1c0]">&gt;&gt;</a>&nbsp;&nbsp;&nbsp;queue_start
<LI><a href="#[d5]">&gt;&gt;</a>&nbsp;&nbsp;&nbsp;__aeabi_memclr4
</UL>
<BR>[Address Reference Count : 1]<UL><LI> nrf_fstorage_sd.o(.constdata)
</UL>
<P><STRONG><a name="[258]"></a>memobj_op</STRONG> (Thumb, 126 bytes, Stack size 32 bytes, nrf_memobj.o(i.memobj_op))
<BR><BR>[Stack]<UL><LI>Max Depth = 32<LI>Call Chain = memobj_op
</UL>
<BR>[Calls]<UL><LI><a href="#[ed]">&gt;&gt;</a>&nbsp;&nbsp;&nbsp;__aeabi_memcpy
</UL>
<BR>[Called By]<UL><LI><a href="#[2a0]">&gt;&gt;</a>&nbsp;&nbsp;&nbsp;nrf_memobj_write
<LI><a href="#[295]">&gt;&gt;</a>&nbsp;&nbsp;&nbsp;nrf_memobj_read
</UL>

<P><STRONG><a name="[2b3]"></a>nrf_section_iter_item_set</STRONG> (Thumb, 36 bytes, Stack size 8 bytes, nrf_section_iter.o(i.nrf_section_iter_item_set))
<BR><BR>[Stack]<UL><LI>Max Depth = 8<LI>Call Chain = nrf_section_iter_item_set
</UL>
<BR>[Called By]<UL><LI><a href="#[2ad]">&gt;&gt;</a>&nbsp;&nbsp;&nbsp;nrf_section_iter_next
</UL>

<P><STRONG><a name="[9c]"></a>nrf_log_backend_uart_flush</STRONG> (Thumb, 2 bytes, Stack size 0 bytes, nrf_log_backend_uart.o(i.nrf_log_backend_uart_flush))
<BR>[Address Reference Count : 1]<UL><LI> nrf_log_backend_uart.o(.constdata)
</UL>
<P><STRONG><a name="[9b]"></a>nrf_log_backend_uart_panic_set</STRONG> (Thumb, 36 bytes, Stack size 8 bytes, nrf_log_backend_uart.o(i.nrf_log_backend_uart_panic_set))
<BR><BR>[Stack]<UL><LI>Max Depth = 268<LI>Call Chain = nrf_log_backend_uart_panic_set &rArr; uart_init &rArr; app_error_handler_bare &rArr; app_error_fault_handler &rArr; nrf_log_frontend_std_0 &rArr; std_n &rArr; nrf_log_frontend_dequeue &rArr;  nrf_log_frontend_std_0 (Cycle)
</UL>
<BR>[Calls]<UL><LI><a href="#[29b]">&gt;&gt;</a>&nbsp;&nbsp;&nbsp;nrfx_uarte_uninit
<LI><a href="#[29c]">&gt;&gt;</a>&nbsp;&nbsp;&nbsp;nrfx_uart_uninit
<LI><a href="#[29a]">&gt;&gt;</a>&nbsp;&nbsp;&nbsp;uart_init
</UL>
<BR>[Address Reference Count : 1]<UL><LI> nrf_log_backend_uart.o(.constdata)
</UL>
<P><STRONG><a name="[9a]"></a>nrf_log_backend_uart_put</STRONG> (Thumb, 16 bytes, Stack size 8 bytes, nrf_log_backend_uart.o(i.nrf_log_backend_uart_put))
<BR><BR>[Stack]<UL><LI>Max Depth = 352<LI>Call Chain = nrf_log_backend_uart_put &rArr; nrf_log_backend_serial_put &rArr; nrf_log_std_entry_process &rArr; prefix_process &rArr; nrf_fprintf &rArr; nrf_fprintf_fmt &rArr; int_print &rArr; unsigned_print &rArr; buffer_add &rArr;  buffer_add (Cycle)
</UL>
<BR>[Calls]<UL><LI><a href="#[293]">&gt;&gt;</a>&nbsp;&nbsp;&nbsp;nrf_log_backend_serial_put
</UL>
<BR>[Address Reference Count : 1]<UL><LI> nrf_log_backend_uart.o(.constdata)
</UL>
<P><STRONG><a name="[77]"></a>serial_tx</STRONG> (Thumb, 54 bytes, Stack size 16 bytes, nrf_log_backend_uart.o(i.serial_tx))
<BR><BR>[Stack]<UL><LI>Max Depth = 236<LI>Call Chain = serial_tx &rArr; app_error_handler_bare &rArr; app_error_fault_handler &rArr; nrf_log_frontend_std_0 &rArr; std_n &rArr; nrf_log_frontend_dequeue &rArr;  nrf_log_frontend_std_0 (Cycle)
</UL>
<BR>[Calls]<UL><LI><a href="#[c8]">&gt;&gt;</a>&nbsp;&nbsp;&nbsp;app_error_handler_bare
<LI><a href="#[2cd]">&gt;&gt;</a>&nbsp;&nbsp;&nbsp;nrfx_uarte_tx
<LI><a href="#[2c8]">&gt;&gt;</a>&nbsp;&nbsp;&nbsp;nrfx_uart_tx
</UL>
<BR>[Address Reference Count : 1]<UL><LI> nrf_log_backend_uart.o(i.nrf_log_backend_uart_put)
</UL>
<P><STRONG><a name="[82]"></a>uart_evt_handler</STRONG> (Thumb, 8 bytes, Stack size 0 bytes, nrf_log_backend_uart.o(i.uart_evt_handler))
<BR>[Address Reference Count : 1]<UL><LI> nrf_log_backend_uart.o(i.uart_init)
</UL>
<P><STRONG><a name="[29a]"></a>uart_init</STRONG> (Thumb, 66 bytes, Stack size 40 bytes, nrf_log_backend_uart.o(i.uart_init))
<BR><BR>[Stack]<UL><LI>Max Depth = 260<LI>Call Chain = uart_init &rArr; app_error_handler_bare &rArr; app_error_fault_handler &rArr; nrf_log_frontend_std_0 &rArr; std_n &rArr; nrf_log_frontend_dequeue &rArr;  nrf_log_frontend_std_0 (Cycle)
</UL>
<BR>[Calls]<UL><LI><a href="#[c8]">&gt;&gt;</a>&nbsp;&nbsp;&nbsp;app_error_handler_bare
<LI><a href="#[282]">&gt;&gt;</a>&nbsp;&nbsp;&nbsp;nrf_drv_uart_init
<LI><a href="#[d6]">&gt;&gt;</a>&nbsp;&nbsp;&nbsp;__aeabi_memcpy4
</UL>
<BR>[Called By]<UL><LI><a href="#[9b]">&gt;&gt;</a>&nbsp;&nbsp;&nbsp;nrf_log_backend_uart_panic_set
<LI><a href="#[299]">&gt;&gt;</a>&nbsp;&nbsp;&nbsp;nrf_log_backend_uart_init
</UL>

<P><STRONG><a name="[18d]"></a>buf_prealloc</STRONG> (Thumb, 140 bytes, Stack size 40 bytes, nrf_log_frontend.o(i.buf_prealloc))
<BR><BR>[Stack]<UL><LI>Max Depth = 88<LI>Call Chain = buf_prealloc &rArr; log_skip &rArr; nrf_atomic_flag_set &rArr; nrf_atomic_u32_or
</UL>
<BR>[Calls]<UL><LI><a href="#[ec]">&gt;&gt;</a>&nbsp;&nbsp;&nbsp;app_util_critical_region_exit
<LI><a href="#[eb]">&gt;&gt;</a>&nbsp;&nbsp;&nbsp;app_util_critical_region_enter
<LI><a href="#[18e]">&gt;&gt;</a>&nbsp;&nbsp;&nbsp;nrf_atomic_u32_add
<LI><a href="#[18f]">&gt;&gt;</a>&nbsp;&nbsp;&nbsp;log_skip
</UL>
<BR>[Called By]<UL><LI><a href="#[2a1]">&gt;&gt;</a>&nbsp;&nbsp;&nbsp;std_n
</UL>

<P><STRONG><a name="[1b5]"></a>dropped_sat16_get</STRONG> (Thumb, 16 bytes, Stack size 8 bytes, nrf_log_frontend.o(i.dropped_sat16_get))
<BR><BR>[Stack]<UL><LI>Max Depth = 16<LI>Call Chain = dropped_sat16_get &rArr; nrf_atomic_u32_fetch_store
</UL>
<BR>[Calls]<UL><LI><a href="#[1ac]">&gt;&gt;</a>&nbsp;&nbsp;&nbsp;nrf_atomic_u32_fetch_store
</UL>
<BR>[Called By]<UL><LI><a href="#[2a1]">&gt;&gt;</a>&nbsp;&nbsp;&nbsp;std_n
</UL>

<P><STRONG><a name="[22f]"></a>invalid_packets_omit</STRONG> (Thumb, 52 bytes, Stack size 0 bytes, nrf_log_frontend.o(i.invalid_packets_omit))
<BR><BR>[Called By]<UL><LI><a href="#[ea]">&gt;&gt;</a>&nbsp;&nbsp;&nbsp;nrf_log_frontend_dequeue
<LI><a href="#[18f]">&gt;&gt;</a>&nbsp;&nbsp;&nbsp;log_skip
</UL>

<P><STRONG><a name="[18f]"></a>log_skip</STRONG> (Thumb, 150 bytes, Stack size 40 bytes, nrf_log_frontend.o(i.log_skip))
<BR><BR>[Stack]<UL><LI>Max Depth = 48<LI>Call Chain = log_skip &rArr; nrf_atomic_flag_set &rArr; nrf_atomic_u32_or
</UL>
<BR>[Calls]<UL><LI><a href="#[22e]">&gt;&gt;</a>&nbsp;&nbsp;&nbsp;nrf_atomic_flag_set
<LI><a href="#[230]">&gt;&gt;</a>&nbsp;&nbsp;&nbsp;nrf_atomic_flag_clear_fetch
<LI><a href="#[22f]">&gt;&gt;</a>&nbsp;&nbsp;&nbsp;invalid_packets_omit
</UL>
<BR>[Called By]<UL><LI><a href="#[18d]">&gt;&gt;</a>&nbsp;&nbsp;&nbsp;buf_prealloc
</UL>

<P><STRONG><a name="[259]"></a>module_idx_get</STRONG> (Thumb, 42 bytes, Stack size 12 bytes, nrf_log_frontend.o(i.module_idx_get))
<BR><BR>[Stack]<UL><LI>Max Depth = 12<LI>Call Chain = module_idx_get
</UL>
<BR>[Calls]<UL><LI><a href="#[25a]">&gt;&gt;</a>&nbsp;&nbsp;&nbsp;nrf_log_module_cnt_get
</UL>
<BR>[Called By]<UL><LI><a href="#[2a8]">&gt;&gt;</a>&nbsp;&nbsp;&nbsp;nrf_log_module_name_get
</UL>

<P><STRONG><a name="[2a1]"></a>std_n</STRONG> (Thumb, 144 bytes, Stack size 40 bytes, nrf_log_frontend.o(i.std_n))
<BR><BR>[Stack]<UL><LI>Max Depth = 204<LI>Call Chain = std_n &rArr; nrf_log_frontend_dequeue &rArr;  nrf_log_frontend_std_0 (Cycle)
</UL>
<BR>[Calls]<UL><LI><a href="#[ea]">&gt;&gt;</a>&nbsp;&nbsp;&nbsp;nrf_log_frontend_dequeue
<LI><a href="#[334]">&gt;&gt;</a>&nbsp;&nbsp;&nbsp;log_pending_hook
<LI><a href="#[1b5]">&gt;&gt;</a>&nbsp;&nbsp;&nbsp;dropped_sat16_get
<LI><a href="#[18d]">&gt;&gt;</a>&nbsp;&nbsp;&nbsp;buf_prealloc
</UL>
<BR>[Called By]<UL><LI><a href="#[cf]">&gt;&gt;</a>&nbsp;&nbsp;&nbsp;nrf_log_frontend_std_2
<LI><a href="#[da]">&gt;&gt;</a>&nbsp;&nbsp;&nbsp;nrf_log_frontend_std_0
<LI><a href="#[cd]">&gt;&gt;</a>&nbsp;&nbsp;&nbsp;nrf_log_frontend_std_1
<LI><a href="#[10b]">&gt;&gt;</a>&nbsp;&nbsp;&nbsp;nrf_log_frontend_std_3
<LI><a href="#[2a2]">&gt;&gt;</a>&nbsp;&nbsp;&nbsp;nrf_log_frontend_std_4
</UL>

<P><STRONG><a name="[2a5]"></a>postfix_process</STRONG> (Thumb, 48 bytes, Stack size 8 bytes, nrf_log_str_formatter.o(i.postfix_process))
<BR><BR>[Stack]<UL><LI>Max Depth = 184<LI>Call Chain = postfix_process &rArr; nrf_fprintf &rArr; nrf_fprintf_fmt &rArr; int_print &rArr; unsigned_print &rArr; buffer_add &rArr;  buffer_add (Cycle)
</UL>
<BR>[Calls]<UL><LI><a href="#[191]">&gt;&gt;</a>&nbsp;&nbsp;&nbsp;nrf_fprintf_buffer_flush
<LI><a href="#[285]">&gt;&gt;</a>&nbsp;&nbsp;&nbsp;nrf_fprintf
</UL>
<BR>[Called By]<UL><LI><a href="#[296]">&gt;&gt;</a>&nbsp;&nbsp;&nbsp;nrf_log_std_entry_process
<LI><a href="#[297]">&gt;&gt;</a>&nbsp;&nbsp;&nbsp;nrf_log_hexdump_entry_process
</UL>

<P><STRONG><a name="[2a3]"></a>prefix_process</STRONG> (Thumb, 90 bytes, Stack size 16 bytes, nrf_log_str_formatter.o(i.prefix_process))
<BR><BR>[Stack]<UL><LI>Max Depth = 192<LI>Call Chain = prefix_process &rArr; nrf_fprintf &rArr; nrf_fprintf_fmt &rArr; int_print &rArr; unsigned_print &rArr; buffer_add &rArr;  buffer_add (Cycle)
</UL>
<BR>[Calls]<UL><LI><a href="#[285]">&gt;&gt;</a>&nbsp;&nbsp;&nbsp;nrf_fprintf
<LI><a href="#[2a8]">&gt;&gt;</a>&nbsp;&nbsp;&nbsp;nrf_log_module_name_get
<LI><a href="#[315]">&gt;&gt;</a>&nbsp;&nbsp;&nbsp;nrf_log_color_id_get
</UL>
<BR>[Called By]<UL><LI><a href="#[296]">&gt;&gt;</a>&nbsp;&nbsp;&nbsp;nrf_log_std_entry_process
<LI><a href="#[297]">&gt;&gt;</a>&nbsp;&nbsp;&nbsp;nrf_log_hexdump_entry_process
</UL>

<P><STRONG><a name="[331]"></a>__sd_nvic_app_accessible_irq</STRONG> (Thumb, 32 bytes, Stack size 0 bytes, nrf_sdh.o(i.__sd_nvic_app_accessible_irq))
<BR><BR>[Called By]<UL><LI><a href="#[2b2]">&gt;&gt;</a>&nbsp;&nbsp;&nbsp;softdevices_evt_irq_enable
<LI><a href="#[2b1]">&gt;&gt;</a>&nbsp;&nbsp;&nbsp;softdevice_evt_irq_disable
</UL>

<P><STRONG><a name="[59]"></a>appsh_events_poll</STRONG> (Thumb, 4 bytes, Stack size 0 bytes, nrf_sdh.o(i.appsh_events_poll))
<BR><BR>[Stack]<UL><LI>Max Depth = 24<LI>Call Chain = appsh_events_poll &rArr; nrf_sdh_evts_poll &rArr; nrf_section_iter_next &rArr; nrf_section_iter_item_set
</UL>
<BR>[Calls]<UL><LI><a href="#[100]">&gt;&gt;</a>&nbsp;&nbsp;&nbsp;nrf_sdh_evts_poll
</UL>
<BR>[Address Reference Count : 1]<UL><LI> nrf_sdh.o(i.SWI2_EGU2_IRQHandler)
</UL>
<P><STRONG><a name="[2af]"></a>sdh_request_observer_notify</STRONG> (Thumb, 44 bytes, Stack size 24 bytes, nrf_sdh.o(i.sdh_request_observer_notify))
<BR><BR>[Stack]<UL><LI>Max Depth = 32<LI>Call Chain = sdh_request_observer_notify &rArr; nrf_section_iter_next &rArr; nrf_section_iter_item_set
</UL>
<BR>[Calls]<UL><LI><a href="#[2ad]">&gt;&gt;</a>&nbsp;&nbsp;&nbsp;nrf_section_iter_next
<LI><a href="#[2ab]">&gt;&gt;</a>&nbsp;&nbsp;&nbsp;nrf_section_iter_init
</UL>
<BR>[Called By]<UL><LI><a href="#[24b]">&gt;&gt;</a>&nbsp;&nbsp;&nbsp;nrf_sdh_enable_request
<LI><a href="#[2ae]">&gt;&gt;</a>&nbsp;&nbsp;&nbsp;nrf_sdh_disable_request
</UL>

<P><STRONG><a name="[2b0]"></a>sdh_state_observer_notify</STRONG> (Thumb, 38 bytes, Stack size 24 bytes, nrf_sdh.o(i.sdh_state_observer_notify))
<BR><BR>[Stack]<UL><LI>Max Depth = 32<LI>Call Chain = sdh_state_observer_notify &rArr; nrf_section_iter_next &rArr; nrf_section_iter_item_set
</UL>
<BR>[Calls]<UL><LI><a href="#[2ad]">&gt;&gt;</a>&nbsp;&nbsp;&nbsp;nrf_section_iter_next
<LI><a href="#[2ab]">&gt;&gt;</a>&nbsp;&nbsp;&nbsp;nrf_section_iter_init
</UL>
<BR>[Called By]<UL><LI><a href="#[24b]">&gt;&gt;</a>&nbsp;&nbsp;&nbsp;nrf_sdh_enable_request
<LI><a href="#[2ae]">&gt;&gt;</a>&nbsp;&nbsp;&nbsp;nrf_sdh_disable_request
</UL>

<P><STRONG><a name="[2b1]"></a>softdevice_evt_irq_disable</STRONG> (Thumb, 60 bytes, Stack size 8 bytes, nrf_sdh.o(i.softdevice_evt_irq_disable))
<BR><BR>[Stack]<UL><LI>Max Depth = 228<LI>Call Chain = softdevice_evt_irq_disable &rArr; app_error_handler_bare &rArr; app_error_fault_handler &rArr; nrf_log_frontend_std_0 &rArr; std_n &rArr; nrf_log_frontend_dequeue &rArr;  nrf_log_frontend_std_0 (Cycle)
</UL>
<BR>[Calls]<UL><LI><a href="#[c8]">&gt;&gt;</a>&nbsp;&nbsp;&nbsp;app_error_handler_bare
<LI><a href="#[331]">&gt;&gt;</a>&nbsp;&nbsp;&nbsp;__sd_nvic_app_accessible_irq
</UL>
<BR>[Called By]<UL><LI><a href="#[2ae]">&gt;&gt;</a>&nbsp;&nbsp;&nbsp;nrf_sdh_disable_request
</UL>

<P><STRONG><a name="[2b2]"></a>softdevices_evt_irq_enable</STRONG> (Thumb, 80 bytes, Stack size 8 bytes, nrf_sdh.o(i.softdevices_evt_irq_enable))
<BR><BR>[Stack]<UL><LI>Max Depth = 228<LI>Call Chain = softdevices_evt_irq_enable &rArr; app_error_handler_bare &rArr; app_error_fault_handler &rArr; nrf_log_frontend_std_0 &rArr; std_n &rArr; nrf_log_frontend_dequeue &rArr;  nrf_log_frontend_std_0 (Cycle)
</UL>
<BR>[Calls]<UL><LI><a href="#[c8]">&gt;&gt;</a>&nbsp;&nbsp;&nbsp;app_error_handler_bare
<LI><a href="#[331]">&gt;&gt;</a>&nbsp;&nbsp;&nbsp;__sd_nvic_app_accessible_irq
</UL>
<BR>[Called By]<UL><LI><a href="#[24b]">&gt;&gt;</a>&nbsp;&nbsp;&nbsp;nrf_sdh_enable_request
</UL>

<P><STRONG><a name="[aa]"></a>nrf_sdh_ble_evts_poll</STRONG> (Thumb, 82 bytes, Stack size 80 bytes, nrf_sdh_ble.o(i.nrf_sdh_ble_evts_poll))
<BR><BR>[Stack]<UL><LI>Max Depth = 300<LI>Call Chain = nrf_sdh_ble_evts_poll &rArr; app_error_handler_bare &rArr; app_error_fault_handler &rArr; nrf_log_frontend_std_0 &rArr; std_n &rArr; nrf_log_frontend_dequeue &rArr;  nrf_log_frontend_std_0 (Cycle)
</UL>
<BR>[Calls]<UL><LI><a href="#[c8]">&gt;&gt;</a>&nbsp;&nbsp;&nbsp;app_error_handler_bare
<LI><a href="#[2ad]">&gt;&gt;</a>&nbsp;&nbsp;&nbsp;nrf_section_iter_next
<LI><a href="#[2ab]">&gt;&gt;</a>&nbsp;&nbsp;&nbsp;nrf_section_iter_init
</UL>
<BR>[Address Reference Count : 1]<UL><LI> nrf_sdh_ble.o(sdh_stack_observers0)
</UL>
<P><STRONG><a name="[ab]"></a>nrf_sdh_soc_evts_poll</STRONG> (Thumb, 56 bytes, Stack size 24 bytes, nrf_sdh_soc.o(i.nrf_sdh_soc_evts_poll))
<BR><BR>[Stack]<UL><LI>Max Depth = 244<LI>Call Chain = nrf_sdh_soc_evts_poll &rArr; app_error_handler_bare &rArr; app_error_fault_handler &rArr; nrf_log_frontend_std_0 &rArr; std_n &rArr; nrf_log_frontend_dequeue &rArr;  nrf_log_frontend_std_0 (Cycle)
</UL>
<BR>[Calls]<UL><LI><a href="#[c8]">&gt;&gt;</a>&nbsp;&nbsp;&nbsp;app_error_handler_bare
<LI><a href="#[2ad]">&gt;&gt;</a>&nbsp;&nbsp;&nbsp;nrf_section_iter_next
<LI><a href="#[2ab]">&gt;&gt;</a>&nbsp;&nbsp;&nbsp;nrf_section_iter_init
</UL>
<BR>[Address Reference Count : 1]<UL><LI> nrf_sdh_soc.o(sdh_stack_observers0)
</UL><P>
<H3>
Undefined Global Symbols
</H3><HR></body></html>
