Component: ARM Compiler 5.06 update 6 (build 750) Tool: armlink [4d35ed]

==============================================================================

Section Cross References

    main.o(i.advertising_init) refers to memseta.o(.text) for __aeabi_memclr4
    main.o(i.advertising_init) refers to memcpya.o(.text) for __aeabi_memcpy4
    main.o(i.advertising_init) refers to ble_advertising.o(i.ble_advertising_init) for ble_advertising_init
    main.o(i.advertising_init) refers to app_error.o(i.app_error_handler_bare) for app_error_handler_bare
    main.o(i.advertising_init) refers to ble_advertising.o(i.ble_advertising_conn_cfg_tag_set) for ble_advertising_conn_cfg_tag_set
    main.o(i.advertising_init) refers to main.o(.data) for .data
    main.o(i.advertising_init) refers to main.o(.bss) for .bss
    main.o(i.advertising_init) refers to main.o(i.on_adv_evt) for on_adv_evt
    main.o(i.advertising_init) refers to main.o(i.ble_advertising_error_handler) for ble_advertising_error_handler
    main.o(i.advertising_start) refers to nrf_log_frontend.o(i.nrf_log_frontend_std_0) for nrf_log_frontend_std_0
    main.o(i.advertising_start) refers to peer_manager.o(i.pm_peers_delete) for pm_peers_delete
    main.o(i.advertising_start) refers to main.o(i.whitelist_set) for whitelist_set
    main.o(i.advertising_start) refers to ble_advertising.o(i.ble_advertising_start) for ble_advertising_start
    main.o(i.advertising_start) refers to app_error.o(i.app_error_handler_bare) for app_error_handler_bare
    main.o(i.advertising_start) refers to nrf_log_frontend.o(log_const_data) for m_nrf_log_app_logs_data_const
    main.o(i.advertising_start) refers to main.o(.bss) for .bss
    main.o(i.assert_nrf_callback) refers to app_error_handler_keil.o(.emb_text) for app_error_handler
    main.o(i.battery_level_meas_timeout_handler) refers to sensorsim.o(i.sensorsim_measure) for sensorsim_measure
    main.o(i.battery_level_meas_timeout_handler) refers to ble_bas.o(i.ble_bas_battery_level_update) for ble_bas_battery_level_update
    main.o(i.battery_level_meas_timeout_handler) refers to app_error.o(i.app_error_handler_bare) for app_error_handler_bare
    main.o(i.battery_level_meas_timeout_handler) refers to main.o(.bss) for .bss
    main.o(i.battery_level_meas_timeout_handler) refers to main.o(.data) for .data
    main.o(i.ble_advertising_error_handler) refers to app_error.o(i.app_error_handler_bare) for app_error_handler_bare
    main.o(i.ble_evt_handler) refers to nrf_log_frontend.o(i.nrf_log_frontend_std_0) for nrf_log_frontend_std_0
    main.o(i.ble_evt_handler) refers to bsp.o(i.bsp_indication_set) for bsp_indication_set
    main.o(i.ble_evt_handler) refers to app_error.o(i.app_error_handler_bare) for app_error_handler_bare
    main.o(i.ble_evt_handler) refers to nrf_ble_qwr.o(i.nrf_ble_qwr_conn_handle_assign) for nrf_ble_qwr_conn_handle_assign
    main.o(i.ble_evt_handler) refers to nrf_log_frontend.o(log_const_data) for m_nrf_log_app_logs_data_const
    main.o(i.ble_evt_handler) refers to main.o(.data) for .data
    main.o(i.ble_evt_handler) refers to main.o(.bss) for .bss
    main.o(i.bsp_event_handler) refers to main.o(i.sleep_mode_enter) for sleep_mode_enter
    main.o(i.bsp_event_handler) refers to app_error.o(i.app_error_handler_bare) for app_error_handler_bare
    main.o(i.bsp_event_handler) refers to ble_advertising.o(i.ble_advertising_restart_without_whitelist) for ble_advertising_restart_without_whitelist
    main.o(i.bsp_event_handler) refers to main.o(i.mouse_movement_send) for mouse_movement_send
    main.o(i.bsp_event_handler) refers to main.o(.data) for .data
    main.o(i.bsp_event_handler) refers to main.o(.bss) for .bss
    main.o(i.conn_params_error_handler) refers to app_error.o(i.app_error_handler_bare) for app_error_handler_bare
    main.o(i.gap_params_init) refers to app_error.o(i.app_error_handler_bare) for app_error_handler_bare
    main.o(i.hids_init) refers to memseta.o(.text) for __aeabi_memclr
    main.o(i.hids_init) refers to ble_hids.o(i.ble_hids_init) for ble_hids_init
    main.o(i.hids_init) refers to app_error.o(i.app_error_handler_bare) for app_error_handler_bare
    main.o(i.hids_init) refers to main.o(.bss) for .bss
    main.o(i.hids_init) refers to main.o(i.on_hids_evt) for on_hids_evt
    main.o(i.hids_init) refers to main.o(i.service_error_handler) for service_error_handler
    main.o(i.hids_init) refers to main.o(.data) for .data
    main.o(i.identities_set) refers to peer_manager.o(i.pm_peer_id_list) for pm_peer_id_list
    main.o(i.identities_set) refers to app_error.o(i.app_error_handler_bare) for app_error_handler_bare
    main.o(i.identities_set) refers to peer_manager.o(i.pm_device_identities_list_set) for pm_device_identities_list_set
    main.o(i.main) refers to nrf_log_frontend.o(i.nrf_log_init) for nrf_log_init
    main.o(i.main) refers to app_error.o(i.app_error_handler_bare) for app_error_handler_bare
[...]
    0x0002b620   0x0002b620   0x0000004c   Code   RO         8833    i.fds_record_open   fds.o
    0x0002b66c   0x0002b66c   0x00000010   Code   RO         8834    i.fds_record_update  fds.o
    0x0002b67c   0x0002b67c   0x00000008   Code   RO         8835    i.fds_record_write  fds.o
    0x0002b684   0x0002b684   0x00000030   Code   RO         8837    i.fds_register      fds.o
    0x0002b6b4   0x0002b6b4   0x000000a0   Code   RO         8840    i.fds_stat          fds.o
    0x0002b754   0x0002b754   0x00000014   Code   RO         5275    i.file_id_within_pm_range  peer_data_storage.o
    0x0002b768   0x0002b768   0x00000012   Code   RO         6084    i.flag_id_init      security_dispatcher.o
    0x0002b77a   0x0002b77a   0x00000012   Code   RO         6222    i.flag_id_init      security_manager.o
    0x0002b78c   0x0002b78c   0x0000000a   Code   RO         4470    i.flag_toggle       ble_conn_state.o
    0x0002b796   0x0002b796   0x00000028   Code   RO         4295    i.flags_set         ble_advertising.o
    0x0002b7be   0x0002b7be   0x00000002   PAD
    0x0002b7c0   0x0002b7c0   0x00000030   Code   RO         6223    i.flags_set_from_err_code  security_manager.o
    0x0002b7f0   0x0002b7f0   0x00000030   Code   RO         4471    i.for_each_set_flag  ble_conn_state.o
    0x0002b820   0x0002b820   0x00000050   Code   RO        11248    i.free              mc_w.l(malloc.o)
    0x0002b870   0x0002b870   0x00000006   Code   RO         8841    i.fs_event_handler  fds.o
    0x0002b876   0x0002b876   0x00000002   PAD
    0x0002b878   0x0002b878   0x0000006c   Code   RO           12    i.gap_params_init   main.o
    0x0002b8e4   0x0002b8e4   0x00000080   Code   RO         8842    i.gc_execute        fds.o
    0x0002b964   0x0002b964   0x0000004c   Code   RO         8843    i.gc_next_page      fds.o
    0x0002b9b0   0x0002b9b0   0x00000040   Code   RO         8844    i.gc_page_erase     fds.o
    0x0002b9f0   0x0002b9f0   0x00000034   Code   RO         8845    i.gc_record_copy    fds.o
    0x0002ba24   0x0002ba24   0x00000024   Code   RO         8846    i.gc_record_find_next  fds.o
    0x0002ba48   0x0002ba48   0x00000070   Code   RO         8847    i.gc_state_advance  fds.o
    0x0002bab8   0x0002bab8   0x00000030   Code   RO         8848    i.gc_swap_pages     fds.o
    0x0002bae8   0x0002bae8   0x00000230   Code   RO         4709    i.gcm_ble_evt_handler  gatt_cache_manager.o
    0x0002bd18   0x0002bd18   0x0000003c   Code   RO         4710    i.gcm_im_evt_handler  gatt_cache_manager.o
    0x0002bd54   0x0002bd54   0x00000094   Code   RO         4711    i.gcm_init          gatt_cache_manager.o
    0x0002bde8   0x0002bde8   0x00000088   Code   RO         4714    i.gcm_pdb_evt_handler  gatt_cache_manager.o
    0x0002be70   0x0002be70   0x00000068   Code   RO         3189    i.get_base_addr     haptic_nv.o
    0x0002bed8   0x0002bed8   0x00000034   Code   RO         8424    i.get_now           app_timer2.o
    0x0002bf0c   0x0002bf0c   0x00000028   Code   RO         3190    i.get_ram_num       haptic_nv.o
    0x0002bf34   0x0002bf34   0x0000003c   Code   RO         8196    i.gpiote_event_handler  app_button.o
    0x0002bf70   0x0002bf70   0x0000001c   Code   RO         4871    i.gscm_db_change_notification_done  gatts_cache_manager.o
    0x0002bf8c   0x0002bf8c   0x00000014   Code   RO         4872    i.gscm_init         gatts_cache_manager.o
    0x0002bfa0   0x0002bfa0   0x00000090   Code   RO         4874    i.gscm_local_db_cache_apply  gatts_cache_manager.o
    0x0002c030   0x0002c030   0x00000148   Code   RO         4875    i.gscm_local_db_cache_update  gatts_cache_manager.o
    0x0002c178   0x0002c178   0x00000018   Code   RO         4876    i.gscm_pdb_evt_handler  gatts_cache_manager.o
    0x0002c190   0x0002c190   0x0000001e   Code   RO         4877    i.gscm_service_changed_ind_needed  gatts_cache_manager.o
    0x0002c1ae   0x0002c1ae   0x00000002   PAD
    0x0002c1b0   0x0002c1b0   0x0000005c   Code   RO         4878    i.gscm_service_changed_ind_send  gatts_cache_manager.o
    0x0002c20c   0x0002c20c   0x000000d4   Code   RO         3191    i.haptic_nv_boot_init  haptic_nv.o
    0x0002c2e0   0x0002c2e0   0x000000ac   Code   RO         3306    i.haptic_nv_i2c_reads  haptic_nv_config.o
    0x0002c38c   0x0002c38c   0x00000032   Code   RO         3307    i.haptic_nv_i2c_write_bits  haptic_nv_config.o
    0x0002c3be   0x0002c3be   0x00000002   PAD
    0x0002c3c0   0x0002c3c0   0x00000068   Code   RO         3308    i.haptic_nv_i2c_writes  haptic_nv_config.o
    0x0002c428   0x0002c428   0x00000020   Code   RO         3309    i.haptic_nv_mdelay  haptic_nv_config.o
    0x0002c448   0x0002c448   0x00000058   Code   RO         3310    i.haptic_nv_read_chipid  haptic_nv_config.o
    0x0002c4a0   0x0002c4a0   0x00000002   Code   RO         3311    i.haptic_nv_start_hrtimer  haptic_nv_config.o
    0x0002c4a2   0x0002c4a2   0x00000002   Code   RO         3312    i.haptic_nv_stop_hrtimer  haptic_nv_config.o
    0x0002c4a4   0x0002c4a4   0x00000002   Code   RO         3313    i.haptic_nv_udelay  haptic_nv_config.o
    0x0002c4a6   0x0002c4a6   0x00000002   PAD
    0x0002c4a8   0x0002c4a8   0x0000002c   Code   RO         3192    i.haptic_nv_vib_work_cancel  haptic_nv.o
    0x0002c4d4   0x0002c4d4   0x0000002c   Code   RO         8849    i.header_check      fds.o
    0x0002c500   0x0002c500   0x00000012   Code   RO         8850    i.header_has_next   fds.o
    0x0002c512   0x0002c512   0x00000062   Code   RO         6503    i.hid_information_char_add  ble_hids.o
    0x0002c574   0x0002c574   0x000000d0   Code   RO           13    i.hids_init         main.o
    0x0002c644   0x0002c644   0x00000030   Code   RO           14    i.identities_set    main.o
    0x0002c674   0x0002c674   0x00000046   Code   RO         4967    i.im_address_resolve  id_manager.o
    0x0002c6ba   0x0002c6ba   0x00000002   PAD
    0x0002c6bc   0x0002c6bc   0x00000038   Code   RO         4968    i.im_ble_addr_get   id_manager.o
    0x0002c6f4   0x0002c6f4   0x000000dc   Code   RO         4969    i.im_ble_evt_handler  id_manager.o
    0x0002c7d0   0x0002c7d0   0x00000040   Code   RO         4970    i.im_conn_handle_get  id_manager.o
    0x0002c810   0x0002c810   0x000000ec   Code   RO         4971    i.im_device_identities_list_set  id_manager.o
    0x0002c8fc   0x0002c8fc   0x00000038   Code   RO         4972    i.im_find_duplicate_bonding_data  id_manager.o
    0x0002c934   0x0002c934   0x00000072   Code   RO         4975    i.im_is_duplicate_bonding_data  id_manager.o
    0x0002c9a6   0x0002c9a6   0x00000018   Code   RO         4976    i.im_master_id_is_valid  id_manager.o
    0x0002c9be   0x0002c9be   0x0000002a   Code   RO         4977    i.im_master_ids_compare  id_manager.o
    0x0002c9e8   0x0002c9e8   0x00000014   Code   RO         4978    i.im_new_peer_id    id_manager.o
    0x0002c9fc   0x0002c9fc   0x0000002c   Code   RO         4979    i.im_peer_free      id_manager.o
    0x0002ca28   0x0002ca28   0x00000024   Code   RO         4980    i.im_peer_id_get_by_conn_handle  id_manager.o
    0x0002ca4c   0x0002ca4c   0x0000003c   Code   RO         4981    i.im_peer_id_get_by_master_id  id_manager.o
    0x0002ca88   0x0002ca88   0x00000038   Code   RO         4984    i.im_whitelist_get  id_manager.o
    0x0002cac0   0x0002cac0   0x00000074   Code   RO         4985    i.im_whitelist_set  id_manager.o
    0x0002cb34   0x0002cb34   0x00000034   Code   RO         9663    i.init              nrf_fstorage_sd.o
    0x0002cb68   0x0002cb68   0x000000c4   Code   RO         8851    i.init_execute      fds.o
    0x0002cc2c   0x0002cc2c   0x0000006c   Code   RO         6504    i.inp_rep_characteristics_add  ble_hids.o
    0x0002cc98   0x0002cc98   0x00000014   Code   RO         4382    i.instance_get      ble_conn_params.o
    0x0002ccac   0x0002ccac   0x000000a6   Code   RO         9535    i.int_print         nrf_fprintf_format.o
    0x0002cd52   0x0002cd52   0x00000002   PAD
    0x0002cd54   0x0002cd54   0x00000088   Code   RO         7647    i.interrupts_enable  nrfx_uarte.o
    0x0002cddc   0x0002cddc   0x00000034   Code   RO        10307    i.invalid_packets_omit  nrf_log_frontend.o
    0x0002ce10   0x0002ce10   0x00000010   Code   RO         9664    i.is_busy           nrf_fstorage_sd.o
    0x0002ce20   0x0002ce20   0x00000044   Code   RO         4383    i.is_conn_params_ok  ble_conn_params.o
    0x0002ce64   0x0002ce64   0x00000014   Code   RO         4986    i.is_valid_irk      id_manager.o
    0x0002ce78   0x0002ce78   0x0000000c   Code   RO         8852    i.is_word_aligned   fds.o
    0x0002ce84   0x0002ce84   0x00000038   Code   RO         3193    i.judge_within_cali_range  haptic_nv.o
    0x0002cebc   0x0002cebc   0x00000030   Code   RO         3946    i.leds_off          bsp.o
    0x0002ceec   0x0002ceec   0x00000014   Code   RO         3947    i.leds_timer_handler  bsp.o
    0x0002cf00   0x0002cf00   0x00000014   Code   RO         5132    i.link_init         nrf_ble_gatt.o
    0x0002cf14   0x0002cf14   0x000000d0   Code   RO         6224    i.link_secure       security_manager.o
    0x0002cfe4   0x0002cfe4   0x0000003c   Code   RO         6085    i.link_secure_failure  security_dispatcher.o
    0x0002d020   0x0002d020   0x0000002c   Code   RO         6225    i.link_secure_pending_handle  security_manager.o
    0x0002d04c   0x0002d04c   0x000000a8   Code   RO         4715    i.local_db_apply_in_evt  gatt_cache_manager.o
    0x0002d0f4   0x0002d0f4   0x00000010   Code   RO         4716    i.local_db_update   gatt_cache_manager.o
    0x0002d104   0x0002d104   0x00000114   Code   RO         4717    i.local_db_update_in_evt  gatt_cache_manager.o
    0x0002d218   0x0002d218   0x00000002   Code   RO        10308    i.log_pending_hook  nrf_log_frontend.o
    0x0002d21a   0x0002d21a   0x00000002   PAD
    0x0002d21c   0x0002d21c   0x000000a4   Code   RO        10309    i.log_skip          nrf_log_frontend.o
    0x0002d2c0   0x0002d2c0   0x00000054   Code   RO         3194    i.long_vib_work     haptic_nv.o
    0x0002d314   0x0002d314   0x0000002e   Code   RO         1017    i.lsm6dso_aux_spi_mode_set  lsm6dso_reg.o
    0x0002d342   0x0002d342   0x0000000e   Code   RO         1057    i.lsm6dso_device_id_get  lsm6dso_reg.o
    0x0002d350   0x0002d350   0x00000052   Code   RO         1105    i.lsm6dso_fsm_data_rate_get  lsm6dso_reg.o
    0x0002d3a2   0x0002d3a2   0x00000028   Code   RO         1107    i.lsm6dso_fsm_enable_get  lsm6dso_reg.o
    0x0002d3ca   0x0002d3ca   0x0000005a   Code   RO         1136    i.lsm6dso_i3c_disable_set  lsm6dso_reg.o
    0x0002d424   0x0002d424   0x0000001e   Code   RO         1169    i.lsm6dso_mem_bank_set  lsm6dso_reg.o
    0x0002d442   0x0002d442   0x000001ec   Code   RO         1187    i.lsm6dso_pin_int1_route_get  lsm6dso_reg.o
    0x0002d62e   0x0002d62e   0x000001f8   Code   RO         1189    i.lsm6dso_pin_int2_route_get  lsm6dso_reg.o
    0x0002d826   0x0002d826   0x00000360   Code   RO         1190    i.lsm6dso_pin_int2_route_set  lsm6dso_reg.o
    0x0002db86   0x0002db86   0x00000024   Code   RO         1195    i.lsm6dso_read_reg  lsm6dso_reg.o
    0x0002dbaa   0x0002dbaa   0x0000001a   Code   RO         1196    i.lsm6dso_reset_get  lsm6dso_reg.o
    0x0002dbc4   0x0002dbc4   0x0000002e   Code   RO         1197    i.lsm6dso_reset_set  lsm6dso_reg.o
    0x0002dbf2   0x0002dbf2   0x0000002e   Code   RO         1263    i.lsm6dso_wkup_threshold_set  lsm6dso_reg.o
    0x0002dc20   0x0002dc20   0x00000036   Code   RO         1266    i.lsm6dso_write_reg  lsm6dso_reg.o
    0x0002dc56   0x0002dc56   0x000000ee   Code   RO         1268    i.lsm6dso_xl_data_rate_set  lsm6dso_reg.o
    0x0002dd44   0x0002dd44   0x0000002e   Code   RO         1275    i.lsm6dso_xl_full_scale_set  lsm6dso_reg.o
    0x0002dd72   0x0002dd72   0x0000002e   Code   RO         1277    i.lsm6dso_xl_hp_path_internal_set  lsm6dso_reg.o
    0x0002dda0   0x0002dda0   0x000001b0   Code   RO           15    i.main              main.o
    0x0002df50   0x0002df50   0x00000012   Code   RO         6505    i.make_char_id      ble_hids.o
    0x0002df62   0x0002df62   0x00000002   PAD
    0x0002df64   0x0002df64   0x0000006c   Code   RO        11249    i.malloc            mc_w.l(malloc.o)
    0x0002dfd0   0x0002dfd0   0x00000064   Code   RO         4187    i.manuf_specific_data_encode  ble_advdata.o
    0x0002e034   0x0002e034   0x0000007e   Code   RO         9773    i.memobj_op         nrf_memobj.o
    0x0002e0b2   0x0002e0b2   0x00000002   PAD
    0x0002e0b4   0x0002e0b4   0x00000030   Code   RO        10310    i.module_idx_get    nrf_log_frontend.o
    0x0002e0e4   0x0002e0e4   0x0000008c   Code   RO           16    i.mouse_movement_send  main.o
    0x0002e170   0x0002e170   0x00000008   Code   RO         6032    i.mutex_lock_status_get  pm_buffer.o
    0x0002e178   0x0002e178   0x000000a6   Code   RO         4188    i.name_encode       ble_advdata.o
    0x0002e21e   0x0002e21e   0x00000002   PAD
    0x0002e220   0x0002e220   0x00000014   Code   RO         6226    i.new_context_get   security_manager.o
    0x0002e234   0x0002e234   0x00000032   Code   RO         6227    i.new_evt           security_manager.o
    0x0002e266   0x0002e266   0x00000030   Code   RO         5534    i.next_id_get       peer_id.o
    0x0002e296   0x0002e296   0x00000010   Code   RO         9188    i.nrf_atfifo_clear  nrf_atfifo.o
    0x0002e2a6   0x0002e2a6   0x00000026   Code   RO         9190    i.nrf_atfifo_init   nrf_atfifo.o
    0x0002e2cc   0x0002e2cc   0x00000016   Code   RO         9191    i.nrf_atfifo_item_alloc  nrf_atfifo.o
    0x0002e2e2   0x0002e2e2   0x00000016   Code   RO         9192    i.nrf_atfifo_item_free  nrf_atfifo.o
    0x0002e2f8   0x0002e2f8   0x00000016   Code   RO         9193    i.nrf_atfifo_item_get  nrf_atfifo.o
    0x0002e30e   0x0002e30e   0x00000016   Code   RO         9194    i.nrf_atfifo_item_put  nrf_atfifo.o
    0x0002e324   0x0002e324   0x00000016   Code   RO         9256    i.nrf_atflags_clear  nrf_atflags.o
    0x0002e33a   0x0002e33a   0x00000020   Code   RO         9258    i.nrf_atflags_fetch_set  nrf_atflags.o
    0x0002e35a   0x0002e35a   0x0000004a   Code   RO         9260    i.nrf_atflags_find_and_set_flag  nrf_atflags.o
    0x0002e3a4   0x0002e3a4   0x00000016   Code   RO         9261    i.nrf_atflags_get   nrf_atflags.o
    0x0002e3ba   0x0002e3ba   0x00000014   Code   RO         9263    i.nrf_atflags_set   nrf_atflags.o
    0x0002e3ce   0x0002e3ce   0x00000006   Code   RO         9324    i.nrf_atomic_flag_clear_fetch  nrf_atomic.o
    0x0002e3d4   0x0002e3d4   0x00000006   Code   RO         9325    i.nrf_atomic_flag_set  nrf_atomic.o
    0x0002e3da   0x0002e3da   0x00000006   Code   RO         9326    i.nrf_atomic_flag_set_fetch  nrf_atomic.o
    0x0002e3e0   0x0002e3e0   0x0000000c   Code   RO         9327    i.nrf_atomic_u32_add  nrf_atomic.o
    0x0002e3ec   0x0002e3ec   0x0000000c   Code   RO         9328    i.nrf_atomic_u32_and  nrf_atomic.o
    0x0002e3f8   0x0002e3f8   0x0000000a   Code   RO         9330    i.nrf_atomic_u32_fetch_add  nrf_atomic.o
    0x0002e402   0x0002e402   0x0000000a   Code   RO         9331    i.nrf_atomic_u32_fetch_and  nrf_atomic.o
    0x0002e40c   0x0002e40c   0x0000000a   Code   RO         9332    i.nrf_atomic_u32_fetch_or  nrf_atomic.o
    0x0002e416   0x0002e416   0x0000000a   Code   RO         9333    i.nrf_atomic_u32_fetch_store  nrf_atomic.o
    0x0002e420   0x0002e420   0x0000000c   Code   RO         9337    i.nrf_atomic_u32_or  nrf_atomic.o
    0x0002e42c   0x0002e42c   0x0000000c   Code   RO         9339    i.nrf_atomic_u32_sub  nrf_atomic.o
    0x0002e438   0x0002e438   0x00000044   Code   RO         9458    i.nrf_balloc_alloc  nrf_balloc.o
    0x0002e47c   0x0002e47c   0x00000030   Code   RO         9459    i.nrf_balloc_free   nrf_balloc.o
    0x0002e4ac   0x0002e4ac   0x00000030   Code   RO         9460    i.nrf_balloc_init   nrf_balloc.o
    0x0002e4dc   0x0002e4dc   0x00000010   Code   RO         7103    i.nrf_bitmask_bit_is_set  nrfx_gpiote.o
    0x0002e4ec   0x0002e4ec   0x00000022   Code   RO         5138    i.nrf_ble_gatt_init  nrf_ble_gatt.o
    0x0002e50e   0x0002e50e   0x00000002   PAD
    0x0002e510   0x0002e510   0x00000150   Code   RO         5139    i.nrf_ble_gatt_on_ble_evt  nrf_ble_gatt.o
    0x0002e660   0x0002e660   0x00000016   Code   RO         5233    i.nrf_ble_qwr_conn_handle_assign  nrf_ble_qwr.o
    0x0002e676   0x0002e676   0x00000024   Code   RO         5234    i.nrf_ble_qwr_init  nrf_ble_qwr.o
    0x0002e69a   0x0002e69a   0x000000b6   Code   RO         5235    i.nrf_ble_qwr_on_ble_evt  nrf_ble_qwr.o
    0x0002e750   0x0002e750   0x0000000e   Code   RO         6961    i.nrf_clock_event_check  nrfx_clock.o
    0x0002e75e   0x0002e75e   0x00000010   Code   RO         6962    i.nrf_clock_event_clear  nrfx_clock.o
    0x0002e76e   0x0002e76e   0x00000002   PAD
    0x0002e770   0x0002e770   0x00000040   Code   RO         6629    i.nrf_drv_clock_init  nrf_drv_clock.o
    0x0002e7b0   0x0002e7b0   0x00000034   Code   RO         6633    i.nrf_drv_clock_lfclk_release  nrf_drv_clock.o
    0x0002e7e4   0x0002e7e4   0x00000070   Code   RO         7859    i.nrf_drv_spi_init  nrf_drv_spi.o
    0x0002e854   0x0002e854   0x00000016   Code   RO          539    i.nrf_drv_spi_transfer  spi.o
    0x0002e86a   0x0002e86a   0x00000002   PAD
    0x0002e86c   0x0002e86c   0x00000040   Code   RO         7806    i.nrf_drv_twi_init  nrf_drv_twi.o
    0x0002e8ac   0x0002e8ac   0x00000006   Code   RO         3548    i.nrf_drv_twi_rx    cps4019.o
    0x0002e8b2   0x0002e8b2   0x0000000e   Code   RO         3314    i.nrf_drv_twi_tx    haptic_nv_config.o
    0x0002e8c0   0x0002e8c0   0x0000000e   Code   RO         3418    i.nrf_drv_twi_tx    aw320xx.o
    0x0002e8ce   0x0002e8ce   0x0000000e   Code   RO         3549    i.nrf_drv_twi_tx    cps4019.o
    0x0002e8dc   0x0002e8dc   0x0000000e   Code   RO         3703    i.nrf_drv_twi_tx    cellwise_cw221x.o
    0x0002e8ea   0x0002e8ea   0x00000002   PAD
    0x0002e8ec   0x0002e8ec   0x00000068   Code   RO         6775    i.nrf_drv_uart_init  nrf_drv_uart.o
    0x0002e954   0x0002e954   0x0000001a   Code   RO         9495    i.nrf_fprintf       nrf_fprintf.o
    0x0002e96e   0x0002e96e   0x00000018   Code   RO         9496    i.nrf_fprintf_buffer_flush  nrf_fprintf.o
    0x0002e986   0x0002e986   0x000001da   Code   RO         9536    i.nrf_fprintf_fmt   nrf_fprintf_format.o
    0x0002eb60   0x0002eb60   0x00000138   Code   RO         9576    i.nrf_fstorage_erase  nrf_fstorage.o
    0x0002ec98   0x0002ec98   0x00000094   Code   RO         9577    i.nrf_fstorage_init  nrf_fstorage.o
    0x0002ed2c   0x0002ed2c   0x00000018   Code   RO         9665    i.nrf_fstorage_sdh_req_handler  nrf_fstorage_sd.o
    0x0002ed44   0x0002ed44   0x00000020   Code   RO         9666    i.nrf_fstorage_sdh_state_handler  nrf_fstorage_sd.o
    0x0002ed64   0x0002ed64   0x000000a4   Code   RO         9667    i.nrf_fstorage_sys_evt_handler  nrf_fstorage_sd.o
    0x0002ee08   0x0002ee08   0x000001dc   Code   RO         9583    i.nrf_fstorage_write  nrf_fstorage.o
    0x0002efe4   0x0002efe4   0x00000024   Code   RO          859    i.nrf_gpio_cfg      tp_ts.o
    0x0002f008   0x0002f008   0x00000024   Code   RO         3843    i.nrf_gpio_cfg      boards.o
    0x0002f02c   0x0002f02c   0x00000024   Code   RO         7104    i.nrf_gpio_cfg      nrfx_gpiote.o
    0x0002f050   0x0002f050   0x00000024   Code   RO         7459    i.nrf_gpio_cfg      nrfx_uart.o
    0x0002f074   0x0002f074   0x00000024   Code   RO         7648    i.nrf_gpio_cfg      nrfx_uarte.o
    0x0002f098   0x0002f098   0x00000024   Code   RO         7895    i.nrf_gpio_cfg      nrfx_twi.o
    0x0002f0bc   0x0002f0bc   0x00000024   Code   RO         8073    i.nrf_gpio_cfg      nrfx_spim.o
    0x0002f0e0   0x0002f0e0   0x00000012   Code   RO         7460    i.nrf_gpio_cfg_default  nrfx_uart.o
    0x0002f0f2   0x0002f0f2   0x00000012   Code   RO         7649    i.nrf_gpio_cfg_default  nrfx_uarte.o
    0x0002f104   0x0002f104   0x00000012   Code   RO         7461    i.nrf_gpio_cfg_input  nrfx_uart.o
    0x0002f116   0x0002f116   0x00000012   Code   RO         7650    i.nrf_gpio_cfg_input  nrfx_uarte.o
    0x0002f128   0x0002f128   0x00000014   Code   RO          860    i.nrf_gpio_cfg_output  tp_ts.o
    0x0002f13c   0x0002f13c   0x00000014   Code   RO         7462    i.nrf_gpio_cfg_output  nrfx_uart.o
    0x0002f150   0x0002f150   0x00000014   Code   RO         7651    i.nrf_gpio_cfg_output  nrfx_uarte.o
    0x0002f164   0x0002f164   0x00000014   Code   RO         8074    i.nrf_gpio_cfg_output  nrfx_spim.o
    0x0002f178   0x0002f178   0x00000022   Code   RO         7106    i.nrf_gpio_cfg_sense_set  nrfx_gpiote.o
    0x0002f19a   0x0002f19a   0x00000002   PAD
    0x0002f19c   0x0002f19c   0x0000002c   Code   RO         7107    i.nrf_gpio_latches_read_and_clear  nrfx_gpiote.o
    0x0002f1c8   0x0002f1c8   0x0000000e   Code   RO         8075    i.nrf_gpio_pin_clear  nrfx_spim.o
    0x0002f1d6   0x0002f1d6   0x0000001e   Code   RO         7108    i.nrf_gpio_pin_present_check  nrfx_gpiote.o
    0x0002f1f4   0x0002f1f4   0x0000000e   Code   RO         7807    i.nrf_gpio_pin_set  nrf_drv_twi.o
    0x0002f202   0x0002f202   0x0000000e   Code   RO         8076    i.nrf_gpio_pin_set  nrfx_spim.o
    0x0002f210   0x0002f210   0x00000016   Code   RO         3844    i.nrf_gpio_pin_write  boards.o
    0x0002f226   0x0002f226   0x00000002   PAD
    0x0002f228   0x0002f228   0x00000014   Code   RO         7109    i.nrf_gpiote_event_clear  nrfx_gpiote.o
    0x0002f23c   0x0002f23c   0x00000010   Code   RO         7110    i.nrf_gpiote_event_is_set  nrfx_gpiote.o
    0x0002f24c   0x0002f24c   0x0000005c   Code   RO        10311    i.nrf_log_backend_add  nrf_log_frontend.o
    0x0002f2a8   0x0002f2a8   0x000000c8   Code   RO        10155    i.nrf_log_backend_serial_put  nrf_log_backend_serial.o
    0x0002f370   0x0002f370   0x00000002   Code   RO        10195    i.nrf_log_backend_uart_flush  nrf_log_backend_uart.o
    0x0002f372   0x0002f372   0x00000006   Code   RO        10196    i.nrf_log_backend_uart_init  nrf_log_backend_uart.o
    0x0002f378   0x0002f378   0x0000002c   Code   RO        10197    i.nrf_log_backend_uart_panic_set  nrf_log_backend_uart.o
    0x0002f3a4   0x0002f3a4   0x00000018   Code   RO        10198    i.nrf_log_backend_uart_put  nrf_log_backend_uart.o
    0x0002f3bc   0x0002f3bc   0x00000030   Code   RO        10313    i.nrf_log_color_id_get  nrf_log_frontend.o
    0x0002f3ec   0x0002f3ec   0x0000001c   Code   RO        10268    i.nrf_log_default_backends_init  nrf_log_default_backends.o
    0x0002f408   0x0002f408   0x00000238   Code   RO        10314    i.nrf_log_frontend_dequeue  nrf_log_frontend.o
    0x0002f640   0x0002f640   0x00000008   Code   RO        10316    i.nrf_log_frontend_std_0  nrf_log_frontend.o
    0x0002f648   0x0002f648   0x0000000e   Code   RO        10317    i.nrf_log_frontend_std_1  nrf_log_frontend.o
    0x0002f656   0x0002f656   0x00000010   Code   RO        10318    i.nrf_log_frontend_std_2  nrf_log_frontend.o
    0x0002f666   0x0002f666   0x00000012   Code   RO        10319    i.nrf_log_frontend_std_3  nrf_log_frontend.o
    0x0002f678   0x0002f678   0x00000014   Code   RO        10320    i.nrf_log_frontend_std_4  nrf_log_frontend.o
    0x0002f68c   0x0002f68c   0x000000b0   Code   RO        10497    i.nrf_log_hexdump_entry_process  nrf_log_str_formatter.o
    0x0002f73c   0x0002f73c   0x00000028   Code   RO        10323    i.nrf_log_init      nrf_log_frontend.o
    0x0002f764   0x0002f764   0x00000014   Code   RO        10324    i.nrf_log_module_cnt_get  nrf_log_frontend.o
    0x0002f778   0x0002f778   0x0000001c   Code   RO        10327    i.nrf_log_module_name_get  nrf_log_frontend.o
    0x0002f794   0x0002f794   0x00000028   Code   RO        10328    i.nrf_log_panic     nrf_log_frontend.o
    0x0002f7bc   0x0002f7bc   0x000000b6   Code   RO        10498    i.nrf_log_std_entry_process  nrf_log_str_formatter.o
    0x0002f872   0x0002f872   0x00000060   Code   RO         9774    i.nrf_memobj_alloc  nrf_memobj.o
    0x0002f8d2   0x0002f8d2   0x00000032   Code   RO         9775    i.nrf_memobj_free   nrf_memobj.o
    0x0002f904   0x0002f904   0x00000008   Code   RO         9776    i.nrf_memobj_get    nrf_memobj.o
    0x0002f90c   0x0002f90c   0x00000004   Code   RO         9777    i.nrf_memobj_pool_init  nrf_memobj.o
    0x0002f910   0x0002f910   0x0000001e   Code   RO         9778    i.nrf_memobj_put    nrf_memobj.o
    0x0002f92e   0x0002f92e   0x00000010   Code   RO         9779    i.nrf_memobj_read   nrf_memobj.o
    0x0002f93e   0x0002f93e   0x00000010   Code   RO         9780    i.nrf_memobj_write  nrf_memobj.o
    0x0002f94e   0x0002f94e   0x00000002   PAD
    0x0002f950   0x0002f950   0x00000028   Code   RO         9852    i.nrf_pwr_mgmt_init  nrf_pwr_mgmt.o
    0x0002f978   0x0002f978   0x00000044   Code   RO         9853    i.nrf_pwr_mgmt_run  nrf_pwr_mgmt.o
    0x0002f9bc   0x0002f9bc   0x00000004   Code   RO           17    i.nrf_qwr_error_handler  main.o
    0x0002f9c0   0x0002f9c0   0x0000001c   Code   RO         9926    i.nrf_ringbuf_init  nrf_ringbuf.o
    0x0002f9dc   0x0002f9dc   0x0000000c   Code   RO         8674    i.nrf_rtc_event_clear  drv_rtc.o
    0x0002f9e8   0x0002f9e8   0x00000014   Code   RO        11037    i.nrf_sdh_ble_app_ram_start_get  nrf_sdh_ble.o
    0x0002f9fc   0x0002f9fc   0x00000100   Code   RO        11038    i.nrf_sdh_ble_default_cfg_set  nrf_sdh_ble.o
    0x0002fafc   0x0002fafc   0x00000130   Code   RO        11039    i.nrf_sdh_ble_enable  nrf_sdh_ble.o
    0x0002fc2c   0x0002fc2c   0x0000005c   Code   RO        11040    i.nrf_sdh_ble_evts_poll  nrf_sdh_ble.o
    0x0002fc88   0x0002fc88   0x00000054   Code   RO        10914    i.nrf_sdh_disable_request  nrf_sdh.o
    0x0002fcdc   0x0002fcdc   0x00000074   Code   RO        10915    i.nrf_sdh_enable_request  nrf_sdh.o
    0x0002fd50   0x0002fd50   0x00000024   Code   RO        10916    i.nrf_sdh_evts_poll  nrf_sdh.o
    0x0002fd74   0x0002fd74   0x0000000c   Code   RO        10917    i.nrf_sdh_is_enabled  nrf_sdh.o
    0x0002fd80   0x0002fd80   0x0000001c   Code   RO        10919    i.nrf_sdh_request_continue  nrf_sdh.o
    0x0002fd9c   0x0002fd9c   0x0000003c   Code   RO        11091    i.nrf_sdh_soc_evts_poll  nrf_sdh_soc.o
    0x0002fdd8   0x0002fdd8   0x0000000a   Code   RO         9984    i.nrf_section_iter_init  nrf_section_iter.o
    0x0002fde2   0x0002fde2   0x00000024   Code   RO         9985    i.nrf_section_iter_item_set  nrf_section_iter.o
    0x0002fe06   0x0002fe06   0x00000020   Code   RO         9986    i.nrf_section_iter_next  nrf_section_iter.o
    0x0002fe26   0x0002fe26   0x00000022   Code   RO        10019    i.nrf_sortlist_add  nrf_sortlist.o
    0x0002fe48   0x0002fe48   0x00000006   Code   RO        10021    i.nrf_sortlist_peek  nrf_sortlist.o
    0x0002fe4e   0x0002fe4e   0x0000000e   Code   RO        10022    i.nrf_sortlist_pop  nrf_sortlist.o
    0x0002fe5c   0x0002fe5c   0x0000001e   Code   RO        10023    i.nrf_sortlist_remove  nrf_sortlist.o
    0x0002fe7a   0x0002fe7a   0x0000000a   Code   RO         8077    i.nrf_spim_event_check  nrfx_spim.o
    0x0002fe84   0x0002fe84   0x00000038   Code   RO        10075    i.nrf_strerror_find  nrf_strerror.o
    0x0002febc   0x0002febc   0x00000014   Code   RO        10076    i.nrf_strerror_get  nrf_strerror.o
    0x0002fed0   0x0002fed0   0x0000000a   Code   RO         7897    i.nrf_twi_event_check  nrfx_twi.o
    0x0002feda   0x0002feda   0x0000000c   Code   RO         7898    i.nrf_twi_event_clear  nrfx_twi.o
    0x0002fee6   0x0002fee6   0x0000000a   Code   RO         7463    i.nrf_uart_event_check  nrfx_uart.o
    0x0002fef0   0x0002fef0   0x0000000c   Code   RO         7464    i.nrf_uart_event_clear  nrfx_uart.o
    0x0002fefc   0x0002fefc   0x0000000c   Code   RO         7465    i.nrf_uart_int_enable_check  nrfx_uart.o
    0x0002ff08   0x0002ff08   0x0000000a   Code   RO         7652    i.nrf_uarte_event_check  nrfx_uarte.o
    0x0002ff12   0x0002ff12   0x0000000c   Code   RO         7653    i.nrf_uarte_event_clear  nrfx_uarte.o
    0x0002ff1e   0x0002ff1e   0x00000002   PAD
    0x0002ff20   0x0002ff20   0x00000010   Code   RO         6636    i.nrf_wdt_started   nrf_drv_clock.o
    0x0002ff30   0x0002ff30   0x0000002c   Code   RO         6967    i.nrfx_clock_enable  nrfx_clock.o
    0x0002ff5c   0x0002ff5c   0x00000020   Code   RO         6970    i.nrfx_clock_init   nrfx_clock.o
    0x0002ff7c   0x0002ff7c   0x00000030   Code   RO         6973    i.nrfx_clock_lfclk_stop  nrfx_clock.o
    0x0002ffac   0x0002ffac   0x00000010   Code   RO         7808    i.nrfx_coredep_delay_us  nrf_drv_twi.o
    0x0002ffbc   0x0002ffbc   0x00000010   Code   RO         8675    i.nrfx_coredep_delay_us  drv_rtc.o
    0x0002ffcc   0x0002ffcc   0x000000a0   Code   RO         7116    i.nrfx_gpiote_in_event_enable  nrfx_gpiote.o
    0x0003006c   0x0003006c   0x000000cc   Code   RO         7118    i.nrfx_gpiote_in_init  nrfx_gpiote.o
    0x00030138   0x00030138   0x00000014   Code   RO         7119    i.nrfx_gpiote_in_is_set  nrfx_gpiote.o
    0x0003014c   0x0003014c   0x00000074   Code   RO         7121    i.nrfx_gpiote_init  nrfx_gpiote.o
    0x000301c0   0x000301c0   0x00000014   Code   RO         7122    i.nrfx_gpiote_is_init  nrfx_gpiote.o
    0x000301d4   0x000301d4   0x00000010   Code   RO         7654    i.nrfx_is_in_ram    nrfx_uarte.o
    0x000301e4   0x000301e4   0x00000010   Code   RO         8078    i.nrfx_is_in_ram    nrfx_spim.o
    0x000301f4   0x000301f4   0x0000003a   Code   RO         7405    i.nrfx_prs_acquire  nrfx_prs.o
    0x0003022e   0x0003022e   0x00000012   Code   RO         7406    i.nrfx_prs_release  nrfx_prs.o
    0x00030240   0x00030240   0x0000016c   Code   RO         8081    i.nrfx_spim_init    nrfx_spim.o
    0x000303ac   0x000303ac   0x00000064   Code   RO         8084    i.nrfx_spim_xfer    nrfx_spim.o
    0x00030410   0x00030410   0x00000020   Code   RO         7901    i.nrfx_twi_enable   nrfx_twi.o
    0x00030430   0x00030430   0x000000e4   Code   RO         7902    i.nrfx_twi_init     nrfx_twi.o
    0x00030514   0x00030514   0x00000030   Code   RO         7904    i.nrfx_twi_rx       nrfx_twi.o
    0x00030544   0x00030544   0x00000036   Code   RO         7906    i.nrfx_twi_tx       nrfx_twi.o
    0x0003057a   0x0003057a   0x00000002   PAD
    0x0003057c   0x0003057c   0x00000020   Code   RO         7908    i.nrfx_twi_xfer     nrfx_twi.o
    0x0003059c   0x0003059c   0x00000010   Code   RO         7466    i.nrfx_uart_0_irq_handler  nrfx_uart.o
    0x000305ac   0x000305ac   0x000000d4   Code   RO         7468    i.nrfx_uart_init    nrfx_uart.o
    0x00030680   0x00030680   0x000000a8   Code   RO         7474    i.nrfx_uart_tx      nrfx_uart.o
    0x00030728   0x00030728   0x00000020   Code   RO         7476    i.nrfx_uart_tx_in_progress  nrfx_uart.o
    0x00030748   0x00030748   0x000000c0   Code   RO         7477    i.nrfx_uart_uninit  nrfx_uart.o
    0x00030808   0x00030808   0x00000010   Code   RO         7655    i.nrfx_uarte_0_irq_handler  nrfx_uarte.o
    0x00030818   0x00030818   0x0000006c   Code   RO         7657    i.nrfx_uarte_init   nrfx_uarte.o
    0x00030884   0x00030884   0x000000ac   Code   RO         7661    i.nrfx_uarte_tx     nrfx_uarte.o
    0x00030930   0x00030930   0x0000001c   Code   RO         7663    i.nrfx_uarte_tx_in_progress  nrfx_uarte.o
    0x0003094c   0x0003094c   0x00000108   Code   RO         7664    i.nrfx_uarte_uninit  nrfx_uarte.o
    0x00030a54   0x00030a54   0x00000018   Code   RO        11135    i.nvmc_config       system_nrf52.o
    0x00030a6c   0x00030a6c   0x000001b4   Code   RO           18    i.on_adv_evt        main.o
    0x00030c20   0x00030c20   0x000000ac   Code   RO         6506    i.on_connect        ble_hids.o
    0x00030ccc   0x00030ccc   0x000000a8   Code   RO         5140    i.on_connected_evt  nrf_ble_gatt.o
    0x00030d74   0x00030d74   0x000000ac   Code   RO         5141    i.on_exchange_mtu_request_evt  nrf_ble_gatt.o
    0x00030e20   0x00030e20   0x00000020   Code   RO           19    i.on_hids_evt       main.o
    0x00030e40   0x00030e40   0x0000005e   Code   RO         6507    i.on_protocol_mode_read_auth  ble_hids.o
    0x00030e9e   0x00030e9e   0x0000003c   Code   RO         6508    i.on_report_cccd_write  ble_hids.o
    0x00030eda   0x00030eda   0x00000084   Code   RO         6509    i.on_report_value_read_auth  ble_hids.o
    0x00030f5e   0x00030f5e   0x00000076   Code   RO         6510    i.on_report_value_write  ble_hids.o
    0x00030fd4   0x00030fd4   0x000000ce   Code   RO         6511    i.on_rw_authorize_request  ble_hids.o
    0x000310a2   0x000310a2   0x00000002   PAD
    0x000310a4   0x000310a4   0x000001a8   Code   RO         6512    i.on_write          ble_hids.o
    0x0003124c   0x0003124c   0x00000024   Code   RO         8853    i.page_identify     fds.o
    0x00031270   0x00031270   0x0000001c   Code   RO         8854    i.page_offsets_update  fds.o
    0x0003128c   0x0003128c   0x0000006c   Code   RO         8855    i.page_scan         fds.o
    0x000312f8   0x000312f8   0x0000001c   Code   RO         8856    i.page_tag_write_data  fds.o
    0x00031314   0x00031314   0x00000024   Code   RO         8857    i.page_tag_write_swap  fds.o
    0x00031338   0x00031338   0x00000130   Code   RO         8858    i.pages_init        fds.o
    0x00031468   0x00031468   0x0000000c   Code   RO         6086    i.pairing           security_dispatcher.o
    0x00031474   0x00031474   0x00000074   Code   RO         6087    i.pairing_failure   security_dispatcher.o
    0x000314e8   0x000314e8   0x0000002e   Code   RO         6088    i.pairing_success_evt_send  security_dispatcher.o
    0x00031516   0x00031516   0x00000006   Code   RO         6228    i.params_reply_pending_handle  security_manager.o
    0x0003151c   0x0003151c   0x00000020   Code   RO         6229    i.params_req_send   security_manager.o
    0x0003153c   0x0003153c   0x000000d4   Code   RO         3195    i.parse_chipid      haptic_nv.o
    0x00031610   0x00031610   0x0000001c   Code   RO         5414    i.pdb_evt_send      peer_database.o
    0x0003162c   0x0003162c   0x00000090   Code   RO         5415    i.pdb_init          peer_database.o
    0x000316bc   0x000316bc   0x0000007c   Code   RO         5416    i.pdb_pds_evt_handler  peer_database.o
    0x00031738   0x00031738   0x00000006   Code   RO         5417    i.pdb_peer_data_ptr_get  peer_database.o
    0x0003173e   0x0003173e   0x00000002   PAD
    0x00031740   0x00031740   0x0000008c   Code   RO         5418    i.pdb_peer_free     peer_database.o
    0x000317cc   0x000317cc   0x000000dc   Code   RO         5419    i.pdb_write_buf_get  peer_database.o
    0x000318a8   0x000318a8   0x00000014   Code   RO         5420    i.pdb_write_buf_release  peer_database.o
    0x000318bc   0x000318bc   0x00000036   Code   RO         5421    i.pdb_write_buf_store  peer_database.o
    0x000318f2   0x000318f2   0x00000002   PAD
    0x000318f4   0x000318f4   0x00000010   Code   RO         5276    i.pds_evt_send      peer_data_storage.o
    0x00031904   0x00031904   0x000000dc   Code   RO         5277    i.pds_init          peer_data_storage.o
    0x000319e0   0x000319e0   0x00000004   Code   RO         5278    i.pds_next_deleted_peer_id_get  peer_data_storage.o
    0x000319e4   0x000319e4   0x00000004   Code   RO         5279    i.pds_next_peer_id_get  peer_data_storage.o
    0x000319e8   0x000319e8   0x00000058   Code   RO         5282    i.pds_peer_data_iterate  peer_data_storage.o
    0x00031a40   0x00031a40   0x00000010   Code   RO         5283    i.pds_peer_data_iterate_prepare  peer_data_storage.o
    0x00031a50   0x00031a50   0x00000072   Code   RO         5284    i.pds_peer_data_read  peer_data_storage.o
    0x00031ac2   0x00031ac2   0x00000002   PAD
    0x00031ac4   0x00031ac4   0x000000b4   Code   RO         5285    i.pds_peer_data_store  peer_data_storage.o
    0x00031b78   0x00031b78   0x00000008   Code   RO         5286    i.pds_peer_id_allocate  peer_data_storage.o
    0x00031b80   0x00031b80   0x00000016   Code   RO         5287    i.pds_peer_id_free  peer_data_storage.o
    0x00031b96   0x00031b96   0x00000004   Code   RO         5288    i.pds_peer_id_is_allocated  peer_data_storage.o
    0x00031b9a   0x00031b9a   0x00000004   Code   RO         5289    i.pds_peer_id_is_deleted  peer_data_storage.o
    0x00031b9e   0x00031b9e   0x00000002   PAD
    0x00031ba0   0x00031ba0   0x000000a8   Code   RO         5290    i.peer_data_delete_process  peer_data_storage.o
    0x00031c48   0x00031c48   0x00000030   Code   RO         5291    i.peer_data_find    peer_data_storage.o
    0x00031c78   0x00031c78   0x00000024   Code   RO         5292    i.peer_data_id_is_valid  peer_data_storage.o
    0x00031c9c   0x00031c9c   0x0000001a   Code   RO         5422    i.peer_data_point_to_buffer  peer_database.o
    0x00031cb6   0x00031cb6   0x00000002   PAD
    0x00031cb8   0x00031cb8   0x0000000c   Code   RO         5535    i.peer_id_allocate  peer_id.o
    0x00031cc4   0x00031cc4   0x00000024   Code   RO         5536    i.peer_id_delete    peer_id.o
    0x00031ce8   0x00031ce8   0x0000001c   Code   RO         5537    i.peer_id_free      peer_id.o
    0x00031d04   0x00031d04   0x0000000c   Code   RO         5538    i.peer_id_get_next_deleted  peer_id.o
    0x00031d10   0x00031d10   0x00000030   Code   RO         5539    i.peer_id_get_next_used  peer_id.o
    0x00031d40   0x00031d40   0x0000000c   Code   RO         5540    i.peer_id_init      peer_id.o
    0x00031d4c   0x00031d4c   0x00000014   Code   RO         5541    i.peer_id_is_allocated  peer_id.o
    0x00031d60   0x00031d60   0x00000014   Code   RO         5542    i.peer_id_is_deleted  peer_id.o
    0x00031d74   0x00031d74   0x0000006c   Code   RO           20    i.peer_manager_init  main.o
    0x00031de0   0x00031de0   0x000000c0   Code   RO         4987    i.peers_id_keys_get  id_manager.o
    0x00031ea0   0x00031ea0   0x00000084   Code   RO          540    i.pen_gsensor_init  spi.o
    0x00031f24   0x00031f24   0x00000054   Code   RO          542    i.pen_spi_init      spi.o
    0x00031f78   0x00031f78   0x0000002c   Code   RO          543    i.pen_spi_read      spi.o
    0x00031fa4   0x00031fa4   0x0000002c   Code   RO          544    i.pen_spi_write     spi.o
    0x00031fd0   0x00031fd0   0x00000030   Code   RO          649    i.pen_twi_init      i2c.o
    0x00032000   0x00032000   0x00000012   Code   RO         4296    i.phy_is_valid      ble_advertising.o
    0x00032012   0x00032012   0x00000002   PAD
    0x00032014   0x00032014   0x0000001c   Code   RO         7140    i.pin_configured_set  nrfx_gpiote.o
    0x00032030   0x00032030   0x00000018   Code   RO         7141    i.pin_in_use_by_port  nrfx_gpiote.o
    0x00032048   0x00032048   0x00000018   Code   RO         7142    i.pin_in_use_by_te  nrfx_gpiote.o
    0x00032060   0x00032060   0x00000064   Code   RO         6033    i.pm_buffer_block_acquire  pm_buffer.o
    0x000320c4   0x000320c4   0x00000024   Code   RO         6034    i.pm_buffer_init    pm_buffer.o
    0x000320e8   0x000320e8   0x00000028   Code   RO         6035    i.pm_buffer_ptr_get  pm_buffer.o
    0x00032110   0x00032110   0x00000032   Code   RO         6036    i.pm_buffer_release  pm_buffer.o
    0x00032142   0x00032142   0x00000002   PAD
    0x00032144   0x00032144   0x00000014   Code   RO         5630    i.pm_conn_sec_status_get  peer_manager.o
    0x00032158   0x00032158   0x0000001c   Code   RO         5631    i.pm_conn_secure    peer_manager.o
    0x00032174   0x00032174   0x00000014   Code   RO         5632    i.pm_device_identities_list_set  peer_manager.o
    0x00032188   0x00032188   0x000000a0   Code   RO           21    i.pm_evt_handler    main.o
    0x00032228   0x00032228   0x00000004   Code   RO         5633    i.pm_gcm_evt_handler  peer_manager.o
    0x0003222c   0x0003222c   0x00000004   Code   RO         5634    i.pm_gscm_evt_handler  peer_manager.o
    0x00032230   0x00032230   0x00000068   Code   RO         5938    i.pm_handler_disconnect_on_sec_failure  peer_manager_handler.o
    0x00032298   0x00032298   0x00000244   Code   RO         5939    i.pm_handler_flash_clean  peer_manager_handler.o
    0x000324dc   0x000324dc   0x0000001c   Code   RO         5940    i.pm_handler_flash_clean_on_return  peer_manager_handler.o
    0x000324f8   0x000324f8   0x00000054   Code   RO         5941    i.pm_handler_on_pm_evt  peer_manager_handler.o
    0x0003254c   0x0003254c   0x00000310   Code   RO         5942    i.pm_handler_pm_evt_log  peer_manager_handler.o
    0x0003285c   0x0003285c   0x00000004   Code   RO         5637    i.pm_im_evt_handler  peer_manager.o
    0x00032860   0x00032860   0x000001c0   Code   RO         5638    i.pm_init           peer_manager.o
    0x00032a20   0x00032a20   0x00000028   Code   RO         5641    i.pm_next_peer_id_get  peer_manager.o
    0x00032a48   0x00032a48   0x00000118   Code   RO         5642    i.pm_pdb_evt_handler  peer_manager.o
    0x00032b60   0x00032b60   0x00000012   Code   RO         5646    i.pm_peer_data_bonding_load  peer_manager.o
    0x00032b72   0x00032b72   0x00000002   PAD
    0x00032b74   0x00032b74   0x00000028   Code   RO         5649    i.pm_peer_data_load  peer_manager.o
    0x00032b9c   0x00032b9c   0x00000014   Code   RO         5653    i.pm_peer_delete    peer_manager.o
    0x00032bb0   0x00032bb0   0x00000110   Code   RO         5655    i.pm_peer_id_list   peer_manager.o
    0x00032cc0   0x00032cc0   0x0000011c   Code   RO         5657    i.pm_peer_rank_highest  peer_manager.o
    0x00032ddc   0x00032ddc   0x000000e8   Code   RO         5658    i.pm_peer_ranks_get  peer_manager.o
    0x00032ec4   0x00032ec4   0x00000094   Code   RO         5659    i.pm_peers_delete   peer_manager.o
    0x00032f58   0x00032f58   0x0000002c   Code   RO         5662    i.pm_register       peer_manager.o
    0x00032f84   0x00032f84   0x00000014   Code   RO         5664    i.pm_sec_params_set  peer_manager.o
    0x00032f98   0x00032f98   0x0000000a   Code   RO         5665    i.pm_sm_evt_handler  peer_manager.o
    0x00032fa2   0x00032fa2   0x00000002   PAD
    0x00032fa4   0x00032fa4   0x0000002c   Code   RO         5666    i.pm_whitelist_get  peer_manager.o
    0x00032fd0   0x00032fd0   0x00000014   Code   RO         5667    i.pm_whitelist_set  peer_manager.o
    0x00032fe4   0x00032fe4   0x00000034   Code   RO         6457    i.pnp_id_encode     ble_dis.o
    0x00033018   0x00033018   0x000000b4   Code   RO         7143    i.port_event_handle  nrfx_gpiote.o
    0x000330cc   0x000330cc   0x00000010   Code   RO         7144    i.port_handler_polarity_get  nrfx_gpiote.o
    0x000330dc   0x000330dc   0x0000003c   Code   RO        10500    i.postfix_process   nrf_log_str_formatter.o
    0x00033118   0x00033118   0x00000098   Code   RO        10501    i.prefix_process    nrf_log_str_formatter.o
    0x000331b0   0x000331b0   0x00000018   Code   RO         7407    i.prs_box_get       nrfx_prs.o
    0x000331c8   0x000331c8   0x0000001c   Code   RO         8859    i.queue_buf_get     fds.o
    0x000331e4   0x000331e4   0x00000010   Code   RO         8860    i.queue_buf_store   fds.o
    0x000331f4   0x000331f4   0x00000014   Code   RO         9668    i.queue_free        nrf_fstorage_sd.o
    0x00033208   0x00033208   0x000000a4   Code   RO         8861    i.queue_process     fds.o
    0x000332ac   0x000332ac   0x000000a0   Code   RO         9669    i.queue_process     nrf_fstorage_sd.o
    0x0003334c   0x0003334c   0x0000001c   Code   RO         8862    i.queue_start       fds.o
    0x00033368   0x00033368   0x00000024   Code   RO         9670    i.queue_start       nrf_fstorage_sd.o
    0x0003338c   0x0003338c   0x00000054   Code   RO         3196    i.ram_show          haptic_nv.o
    0x000333e0   0x000333e0   0x00000040   Code   RO         3197    i.ram_vbat_comp     haptic_nv.o
    0x00033420   0x00033420   0x0000001c   Code   RO         5945    i.rank_highest      peer_manager_handler.o
    0x0003343c   0x0003343c   0x00000030   Code   RO         5668    i.rank_vars_update  peer_manager.o
    0x0003346c   0x0003346c   0x0000000e   Code   RO         9671    i.read              nrf_fstorage_sd.o
    0x0003347a   0x0003347a   0x00000002   PAD
    0x0003347c   0x0003347c   0x00000054   Code   RO         3551    i.read_register     cps4019.o
    0x000334d0   0x000334d0   0x000000a8   Code   RO         5423    i.reattempt_previous_operations  peer_database.o
    0x00033578   0x00033578   0x00000090   Code   RO         8863    i.record_find       fds.o
    0x00033608   0x00033608   0x000000a0   Code   RO         8864    i.record_find_by_desc  fds.o
    0x000336a8   0x000336a8   0x0000005c   Code   RO         8865    i.record_find_next  fds.o
    0x00033704   0x00033704   0x0000003c   Code   RO         8866    i.record_header_flag_dirty  fds.o
    0x00033740   0x00033740   0x00000088   Code   RO         8867    i.records_stat      fds.o
    0x000337c8   0x000337c8   0x00000010   Code   RO         5544    i.release           peer_id.o
    0x000337d8   0x000337d8   0x0000009a   Code   RO         6513    i.rep_char_add      ble_hids.o
    0x00033872   0x00033872   0x000000be   Code   RO         6514    i.rep_map_char_add  ble_hids.o
    0x00033930   0x00033930   0x000000f2   Code   RO         6515    i.rep_value_identify  ble_hids.o
    0x00033a22   0x00033a22   0x00000004   Code   RO         9672    i.rmap              nrf_fstorage_sd.o
    0x00033a26   0x00033a26   0x00000002   PAD
    0x00033a28   0x00033a28   0x0000005c   Code   RO         8425    i.rtc_irq           app_timer2.o
    0x00033a84   0x00033a84   0x0000006c   Code   RO         8426    i.rtc_schedule      app_timer2.o
    0x00033af0   0x00033af0   0x0000008c   Code   RO         8427    i.rtc_update        app_timer2.o
    0x00033b7c   0x00033b7c   0x00000070   Code   RO         3198    i.rtp_going         haptic_nv.o
    0x00033bec   0x00033bec   0x00000078   Code   RO         3199    i.rtp_vib_work      haptic_nv.o
    0x00033c64   0x00033c64   0x00000032   Code   RO         7478    i.rx_byte           nrfx_uart.o
    0x00033c96   0x00033c96   0x00000016   Code   RO         7479    i.rx_done_event     nrfx_uart.o
    0x00033cac   0x00033cac   0x00000016   Code   RO         7665    i.rx_done_event     nrfx_uarte.o
    0x00033cc2   0x00033cc2   0x00000002   PAD
    0x00033cc4   0x00033cc4   0x00000024   Code   RO         4718    i.sc_send_pending_handle  gatt_cache_manager.o
    0x00033ce8   0x00033ce8   0x00000008   Code   RO         8428    i.scheduled_timeout_handler  app_timer2.o
    0x00033cf0   0x00033cf0   0x00000058   Code   RO         6637    i.sd_state_evt_handler  nrf_drv_clock.o
    0x00033d48   0x00033d48   0x00000030   Code   RO        10922    i.sdh_request_observer_notify  nrf_sdh.o
    0x00033d78   0x00033d78   0x0000002c   Code   RO        10923    i.sdh_state_observer_notify  nrf_sdh.o
    0x00033da4   0x00033da4   0x000000d8   Code   RO         6089    i.sec_info_request_process  security_dispatcher.o
    0x00033e7c   0x00033e7c   0x000000f4   Code   RO         6090    i.sec_keyset_fill   security_dispatcher.o
    0x00033f70   0x00033f70   0x00000076   Code   RO         6230    i.sec_params_verify  security_manager.o
    0x00033fe6   0x00033fe6   0x00000002   PAD
    0x00033fe8   0x00033fe8   0x00000060   Code   RO         6091    i.sec_proc_start    security_dispatcher.o
    0x00034048   0x00034048   0x0000005c   Code   RO         6231    i.sec_req_process   security_manager.o
    0x000340a4   0x000340a4   0x00000022   Code   RO         6092    i.send_config_req   security_dispatcher.o
    0x000340c6   0x000340c6   0x00000002   PAD
    0x000340c8   0x000340c8   0x00000010   Code   RO         4384    i.send_error_evt    ble_conn_params.o
    0x000340d8   0x000340d8   0x00000028   Code   RO         4719    i.send_unexpected_error  gatt_cache_manager.o
    0x00034100   0x00034100   0x00000028   Code   RO         6093    i.send_unexpected_error  security_dispatcher.o
    0x00034128   0x00034128   0x0000001c   Code   RO        10105    i.sensorsim_decrement  sensorsim.o
    0x00034144   0x00034144   0x0000001c   Code   RO        10106    i.sensorsim_increment  sensorsim.o
    0x00034160   0x00034160   0x00000016   Code   RO        10107    i.sensorsim_init    sensorsim.o
    0x00034176   0x00034176   0x0000001a   Code   RO        10108    i.sensorsim_measure  sensorsim.o
    0x00034190   0x00034190   0x00000040   Code   RO        10199    i.serial_tx         nrf_log_backend_uart.o
    0x000341d0   0x000341d0   0x00000014   Code   RO         4720    i.service_changed_pending_flags_check  gatt_cache_manager.o
    0x000341e4   0x000341e4   0x00000094   Code   RO         4879    i.service_changed_pending_set  gatts_cache_manager.o
    0x00034278   0x00034278   0x00000168   Code   RO         4721    i.service_changed_send_in_evt  gatt_cache_manager.o
    0x000343e0   0x000343e0   0x00000088   Code   RO         4189    i.service_data_encode  ble_advdata.o
    0x00034468   0x00034468   0x00000004   Code   RO           22    i.service_error_handler  main.o
    0x0003446c   0x0003446c   0x000000ac   Code   RO           23    i.services_init     main.o
    0x00034518   0x00034518   0x00000030   Code   RO         4651    i.set_security_req  ble_srv_common.o
    0x00034548   0x00034548   0x00000070   Code   RO         3200    i.short_vib_work    haptic_nv.o
    0x000345b8   0x000345b8   0x00000028   Code   RO           24    i.sleep_mode_enter  main.o
    0x000345e0   0x000345e0   0x0000002c   Code   RO         6232    i.sm_ble_evt_handler  security_manager.o
    0x0003460c   0x0003460c   0x000000a2   Code   RO         6234    i.sm_conn_sec_status_get  security_manager.o
    0x000346ae   0x000346ae   0x00000002   PAD
    0x000346b0   0x000346b0   0x00000058   Code   RO         6235    i.sm_init           security_manager.o
    0x00034708   0x00034708   0x0000000a   Code   RO         6237    i.sm_link_secure    security_manager.o
    0x00034712   0x00034712   0x00000002   PAD
    0x00034714   0x00034714   0x00000044   Code   RO         6238    i.sm_pdb_evt_handler  security_manager.o
    0x00034758   0x00034758   0x00000028   Code   RO         6239    i.sm_sec_is_sufficient  security_manager.o
    0x00034780   0x00034780   0x00000034   Code   RO         6241    i.sm_sec_params_set  security_manager.o
    0x000347b4   0x000347b4   0x0000002c   Code   RO         6242    i.sm_smd_evt_handler  security_manager.o
    0x000347e0   0x000347e0   0x000000f4   Code   RO         6094    i.smd_ble_evt_handler  security_dispatcher.o
    0x000348d4   0x000348d4   0x00000068   Code   RO         6096    i.smd_init          security_dispatcher.o
    0x0003493c   0x0003493c   0x00000028   Code   RO         6097    i.smd_link_secure   security_dispatcher.o
    0x00034964   0x00034964   0x000000ac   Code   RO         6098    i.smd_params_reply  security_dispatcher.o
    0x00034a10   0x00034a10   0x00000040   Code   RO         6243    i.smd_params_reply_perform  security_manager.o
    0x00034a50   0x00034a50   0x00000018   Code   RO         6638    i.soc_evt_handler   nrf_drv_clock.o
    0x00034a68   0x00034a68   0x00000040   Code   RO        10924    i.softdevice_evt_irq_disable  nrf_sdh.o
    0x00034aa8   0x00034aa8   0x00000058   Code   RO        10925    i.softdevices_evt_irq_enable  nrf_sdh.o
    0x00034b00   0x00034b00   0x0000000c   Code   RO         8429    i.sortlist_pop      app_timer2.o
    0x00034b0c   0x00034b0c   0x0000003c   Code   RO          545    i.spi_event_handler  spi.o
    0x00034b48   0x00034b48   0x00000038   Code   RO         7860    i.spim_evt_handler  nrf_drv_spi.o
    0x00034b80   0x00034b80   0x000000bc   Code   RO         8085    i.spim_xfer         nrfx_spim.o
    0x00034c3c   0x00034c3c   0x00000030   Code   RO         8197    i.state_set         app_button.o
    0x00034c6c   0x00034c6c   0x00000098   Code   RO        10330    i.std_n             nrf_log_frontend.o
    0x00034d04   0x00034d04   0x0000006c   Code   RO         4722    i.store_car_value   gatt_cache_manager.o
    0x00034d70   0x00034d70   0x0000001a   Code   RO         3201    i.sw_reset          haptic_nv.o
    0x00034d8a   0x00034d8a   0x00000042   Code   RO         6458    i.sys_id_encode     ble_dis.o
    0x00034dcc   0x00034dcc   0x000000b0   Code   RO         8430    i.timer_expire      app_timer2.o
    0x00034e7c   0x00034e7c   0x00000080   Code   RO         8431    i.timer_req_process  app_timer2.o
    0x00034efc   0x00034efc   0x00000038   Code   RO         8432    i.timer_req_schedule  app_timer2.o
    0x00034f34   0x00034f34   0x00000018   Code   RO         8198    i.timer_start       app_button.o
    0x00034f4c   0x00034f4c   0x000000aa   Code   RO         7809    i.twi_clear_bus     nrf_drv_twi.o
    0x00034ff6   0x00034ff6   0x00000002   PAD
    0x00034ff8   0x00034ff8   0x00000040   Code   RO         7810    i.twi_evt_handler   nrf_drv_twi.o
    0x00035038   0x00035038   0x00000014   Code   RO          650    i.twi_handler       i2c.o
    0x0003504c   0x0003504c   0x000000bc   Code   RO         7909    i.twi_irq_handler   nrfx_twi.o
    0x00035108   0x00035108   0x0000001e   Code   RO         7910    i.twi_process_error  nrfx_twi.o
    0x00035126   0x00035126   0x00000002   PAD
    0x00035128   0x00035128   0x000000c4   Code   RO         7911    i.twi_rx_start_transfer  nrfx_twi.o
    0x000351ec   0x000351ec   0x00000036   Code   RO         7912    i.twi_send_byte     nrfx_twi.o
    0x00035222   0x00035222   0x00000140   Code   RO         7913    i.twi_transfer      nrfx_twi.o
    0x00035362   0x00035362   0x00000002   PAD
    0x00035364   0x00035364   0x000000b8   Code   RO         7914    i.twi_tx_start_transfer  nrfx_twi.o
    0x0003541c   0x0003541c   0x000000a4   Code   RO         7915    i.twi_xfer          nrfx_twi.o
    0x000354c0   0x000354c0   0x00000020   Code   RO         7481    i.tx_byte           nrfx_uart.o
    0x000354e0   0x000354e0   0x0000001a   Code   RO         7482    i.tx_done_event     nrfx_uart.o
    0x000354fa   0x000354fa   0x0000001a   Code   RO         7666    i.tx_done_event     nrfx_uarte.o
    0x00035514   0x00035514   0x00000030   Code   RO         6776    i.uart_evt_handler  nrf_drv_uart.o
    0x00035544   0x00035544   0x0000000c   Code   RO        10200    i.uart_evt_handler  nrf_log_backend_uart.o
    0x00035550   0x00035550   0x00000050   Code   RO        10201    i.uart_init         nrf_log_backend_uart.o
    0x000355a0   0x000355a0   0x0000012a   Code   RO         7483    i.uart_irq_handler  nrfx_uart.o
    0x000356ca   0x000356ca   0x00000002   PAD
    0x000356cc   0x000356cc   0x00000030   Code   RO         6777    i.uarte_evt_handler  nrf_drv_uart.o
    0x000356fc   0x000356fc   0x00000112   Code   RO         7667    i.uarte_irq_handler  nrfx_uarte.o
    0x0003580e   0x0003580e   0x0000000a   Code   RO         4190    i.uint16_encode     ble_advdata.o
    0x00035818   0x00035818   0x00000020   Code   RO         9673    i.uninit            nrf_fstorage_sd.o
    0x00035838   0x00035838   0x000000b4   Code   RO         9537    i.unsigned_print    nrf_fprintf_format.o
    0x000358ec   0x000358ec   0x00000030   Code   RO         4723    i.update_pending_flags_check  gatt_cache_manager.o
    0x0003591c   0x0003591c   0x00000068   Code   RO         4385    i.update_timeout_handler  ble_conn_params.o
    0x00035984   0x00035984   0x0000001c   Code   RO         3202    i.upload_lra        haptic_nv.o
    0x000359a0   0x000359a0   0x00000018   Code   RO         4297    i.use_whitelist     ble_advertising.o
    0x000359b8   0x000359b8   0x0000000c   Code   RO         4472    i.user_flag_is_acquired  ble_conn_state.o
    0x000359c4   0x000359c4   0x00000024   Code   RO         5236    i.user_mem_reply    nrf_ble_qwr.o
    0x000359e8   0x000359e8   0x00000020   Code   RO         8199    i.usr_event         app_button.o
    0x00035a08   0x00035a08   0x00000030   Code   RO         4191    i.uuid_list_encode  ble_advdata.o
    0x00035a38   0x00035a38   0x0000009e   Code   RO         4192    i.uuid_list_sized_encode  ble_advdata.o
    0x00035ad6   0x00035ad6   0x0000003a   Code   RO         3948    i.wakeup_button_cfg  bsp.o
    0x00035b10   0x00035b10   0x00000084   Code   RO           25    i.whitelist_set     main.o
    0x00035b94   0x00035b94   0x00000004   Code   RO         9674    i.wmap              nrf_fstorage_sd.o
    0x00035b98   0x00035b98   0x00000050   Code   RO         9675    i.write             nrf_fstorage_sd.o
    0x00035be8   0x00035be8   0x0000014c   Code   RO         5424    i.write_buf_store   peer_database.o
    0x00035d34   0x00035d34   0x00000034   Code   RO         5425    i.write_buffer_record_find  peer_database.o
    0x00035d68   0x00035d68   0x00000030   Code   RO         5426    i.write_buffer_record_find_next  peer_database.o
    0x00035d98   0x00035d98   0x0000001c   Code   RO         5427    i.write_buffer_record_invalidate  peer_database.o
    0x00035db4   0x00035db4   0x0000002c   Code   RO         5428    i.write_buffer_record_release  peer_database.o
    0x00035de0   0x00035de0   0x000000f4   Code   RO         8868    i.write_enqueue     fds.o
    0x00035ed4   0x00035ed4   0x000000f8   Code   RO         8869    i.write_execute     fds.o
    0x00035fcc   0x00035fcc   0x00000054   Code   RO         3203    i.write_rtp_data    haptic_nv.o
    0x00036020   0x00036020   0x00000018   Code   RO         8870    i.write_space_free  fds.o
    0x00036038   0x00036038   0x00000060   Code   RO         8871    i.write_space_reserve  fds.o
    0x00036098   0x00036098   0x00000004   Data   RO           28    .constdata          main.o
    0x0003609c   0x0003609c   0x00000010   Data   RO          546    .constdata          spi.o
    0x000360ac   0x000360ac   0x00000020   Data   RO          651    .constdata          i2c.o
    0x000360cc   0x000360cc   0x00000004   PAD
    0x000360d0   0x000360d0   0x00000006   Data   RO          861    .constdata          tp_ts.o
    0x000360d6   0x000360d6   0x0000000a   PAD
    0x000360e0   0x000360e0   0x00000006   Data   RO         3315    .constdata          haptic_nv_config.o
    0x000360e6   0x000360e6   0x00000008   Data   RO         3845    .constdata          boards.o
    0x000360ee   0x000360ee   0x00000002   PAD
    0x000360f0   0x000360f0   0x0000002c   Data   RO         3950    .constdata          bsp.o
    0x0003611c   0x0003611c   0x0000006c   Data   RO         4724    .constdata          gatt_cache_manager.o
    0x00036188   0x00036188   0x00000004   Data   RO         4880    .constdata          gatts_cache_manager.o
    0x0003618c   0x0003618c   0x00000010   Data   RO         4881    .constdata          gatts_cache_manager.o
    0x0003619c   0x0003619c   0x00000004   Data   RO         4882    .constdata          gatts_cache_manager.o
    0x000361a0   0x000361a0   0x00000008   Data   RO         4989    .constdata          id_manager.o
    0x000361a8   0x000361a8   0x00000016   Data   RO         5142    .constdata          nrf_ble_gatt.o
    0x000361be   0x000361be   0x00000002   PAD
    0x000361c0   0x000361c0   0x00000018   Data   RO         5293    .constdata          peer_data_storage.o
    0x000361d8   0x000361d8   0x00000010   Data   RO         5430    .constdata          peer_database.o
    0x000361e8   0x000361e8   0x0000002c   Data   RO         5670    .constdata          peer_manager.o
    0x00036214   0x00036214   0x00000014   Data   RO         5948    .constdata          peer_manager_handler.o
    0x00036228   0x00036228   0x00000078   Data   RO         6100    .constdata          security_dispatcher.o
    0x000362a0   0x000362a0   0x00000008   Data   RO         6244    .constdata          security_manager.o
    0x000362a8   0x000362a8   0x00000004   Data   RO         7146    .constdata          nrfx_gpiote.o
    0x000362ac   0x000362ac   0x00000004   Data   RO         7486    .constdata          nrfx_uart.o
    0x000362b0   0x000362b0   0x00000004   Data   RO         7670    .constdata          nrfx_uarte.o
    0x000362b4   0x000362b4   0x0000000c   PAD
    0x000362c0   0x000362c0   0x00000006   Data   RO         7811    .constdata          nrf_drv_twi.o
    0x000362c6   0x000362c6   0x00000002   PAD
    0x000362c8   0x000362c8   0x00000010   Data   RO         7862    .constdata          nrf_drv_spi.o
    0x000362d8   0x000362d8   0x00000018   Data   RO         7918    .constdata          nrfx_twi.o
    0x000362f0   0x000362f0   0x00000004   Data   RO         8088    .constdata          nrfx_spim.o
    0x000362f4   0x000362f4   0x00000008   Data   RO         8201    .constdata          app_button.o
    0x000362fc   0x000362fc   0x00000014   Data   RO         8435    .constdata          app_timer2.o
    0x00036310   0x00036310   0x00000006   Data   RO         8676    .constdata          drv_rtc.o
    0x00036316   0x00036316   0x00000002   PAD
    0x00036318   0x00036318   0x00000018   Data   RO         8874    .constdata          fds.o
    0x00036330   0x00036330   0x00000010   Data   RO         9538    .constdata          nrf_fprintf_format.o
    0x00036340   0x00036340   0x0000005e   Data   RO         9584    .constdata          nrf_fstorage.o
    0x0003639e   0x0003639e   0x00000002   PAD
    0x000363a0   0x000363a0   0x00000010   Data   RO         9678    .constdata          nrf_fstorage_sd.o
    0x000363b0   0x000363b0   0x00000020   Data   RO         9679    .constdata          nrf_fstorage_sd.o
    0x000363d0   0x000363d0   0x00000018   Data   RO         9857    .constdata          nrf_pwr_mgmt.o
    0x000363e8   0x000363e8   0x0000000c   Data   RO         9858    .constdata          nrf_pwr_mgmt.o
    0x000363f4   0x000363f4   0x0000013c   Data   RO        10077    .constdata          nrf_strerror.o
    0x00036530   0x00036530   0x0000000c   Data   RO        10203    .constdata          nrf_log_backend_uart.o
    0x0003653c   0x0003653c   0x00000020   Data   RO        10204    .constdata          nrf_log_backend_uart.o
    0x0003655c   0x0003655c   0x0000000c   Data   RO        10335    .constdata          nrf_log_frontend.o
    0x00036568   0x00036568   0x00000010   Data   RO        10926    .constdata          nrf_sdh.o
    0x00036578   0x00036578   0x00000028   Data   RO        10927    .constdata          nrf_sdh.o
    0x000365a0   0x000365a0   0x00000010   Data   RO        10928    .constdata          nrf_sdh.o
    0x000365b0   0x000365b0   0x00000010   Data   RO        10929    .constdata          nrf_sdh.o
    0x000365c0   0x000365c0   0x00000020   Data   RO        11041    .constdata          nrf_sdh_ble.o
    0x000365e0   0x000365e0   0x00000010   Data   RO        11042    .constdata          nrf_sdh_ble.o
    0x000365f0   0x000365f0   0x00000010   Data   RO        11092    .constdata          nrf_sdh_soc.o
    0x00036600   0x00036600   0x0000000c   Data   RO        11093    .constdata          nrf_sdh_soc.o
    0x0003660c   0x0003660c   0x00000081   Data   RO        11207    .constdata          mc_w.l(ctype_o.o)
    0x0003668d   0x0003668d   0x00000003   PAD
    0x00036690   0x00036690   0x00000004   Data   RO        11208    .constdata          mc_w.l(ctype_o.o)
    0x00036694   0x00036694   0x000001a4   Data   RO         4725    .conststring        gatt_cache_manager.o
    0x00036838   0x00036838   0x0000019c   Data   RO         4883    .conststring        gatts_cache_manager.o
    0x000369d4   0x000369d4   0x000000f0   Data   RO         4990    .conststring        id_manager.o
    0x00036ac4   0x00036ac4   0x000000a2   Data   RO         5143    .conststring        nrf_ble_gatt.o
    0x00036b66   0x00036b66   0x00000002   PAD
    0x00036b68   0x00036b68   0x000000e8   Data   RO         5294    .conststring        peer_data_storage.o
    0x00036c50   0x00036c50   0x00000180   Data   RO         5431    .conststring        peer_database.o
    0x00036dd0   0x00036dd0   0x00000090   Data   RO         5671    .conststring        peer_manager.o
    0x00036e60   0x00036e60   0x0000030f   Data   RO         5949    .conststring        peer_manager_handler.o
    0x0003716f   0x0003716f   0x00000001   PAD
    0x00037170   0x00037170   0x000002b2   Data   RO         6101    .conststring        security_dispatcher.o
    0x00037422   0x00037422   0x00000002   PAD
    0x00037424   0x00037424   0x0000017b   Data   RO         6245    .conststring        security_manager.o
    0x0003759f   0x0003759f   0x00000001   PAD
    0x000375a0   0x000375a0   0x0000004f   Data   RO         9585    .conststring        nrf_fstorage.o
    0x000375ef   0x000375ef   0x00000001   PAD
    0x000375f0   0x000375f0   0x000003eb   Data   RO        10078    .conststring        nrf_strerror.o
    0x000379db   0x000379db   0x00000001   PAD
    0x000379dc   0x000379dc   0x00000066   Data   RO        10502    .conststring        nrf_log_str_formatter.o
    0x00037a42   0x00037a42   0x00000002   PAD
    0x00037a44   0x00037a44   0x00000188   Data   RO        11043    .conststring        nrf_sdh_ble.o
    0x00037bcc   0x00037bcc   0x00000011   Data   RO         4726    .conststrlit        gatt_cache_manager.o
    0x00037bdd   0x00037bdd   0x00000003   PAD
    0x00037be0   0x00037be0   0x00000012   Data   RO         4884    .conststrlit        gatts_cache_manager.o
    0x00037bf2   0x00037bf2   0x00000002   PAD
    0x00037bf4   0x00037bf4   0x00000010   Data   RO         4991    .conststrlit        id_manager.o
    0x00037c04   0x00037c04   0x0000000d   Data   RO         5144    .conststrlit        nrf_ble_gatt.o
    0x00037c11   0x00037c11   0x00000003   PAD
    0x00037c14   0x00037c14   0x00000011   Data   RO         5295    .conststrlit        peer_data_storage.o
    0x00037c25   0x00037c25   0x00000003   PAD
    0x00037c28   0x00037c28   0x00000011   Data   RO         5432    .conststrlit        peer_database.o
    0x00037c39   0x00037c39   0x00000003   PAD
    0x00037c3c   0x00037c3c   0x0000000d   Data   RO         5672    .conststrlit        peer_manager.o
    0x00037c49   0x00037c49   0x00000003   PAD
    0x00037c4c   0x00037c4c   0x00000015   Data   RO         5952    .conststrlit        peer_manager_handler.o
    0x00037c61   0x00037c61   0x00000003   PAD
    0x00037c64   0x00037c64   0x00000011   Data   RO         6102    .conststrlit        security_dispatcher.o
    0x00037c75   0x00037c75   0x00000003   PAD
    0x00037c78   0x00037c78   0x00000010   Data   RO         6246    .conststrlit        security_manager.o
    0x00037c88   0x00037c88   0x00000008   Data   RO         6401    .conststrlit        ble_bas.o
    0x00037c90   0x00037c90   0x00000006   Data   RO         6644    .conststrlit        nrf_drv_clock.o
    0x00037c96   0x00037c96   0x00000002   PAD
    0x00037c98   0x00037c98   0x00000006   Data   RO         6977    .conststrlit        nrfx_clock.o
    0x00037c9e   0x00037c9e   0x00000002   PAD
    0x00037ca0   0x00037ca0   0x00000007   Data   RO         7150    .conststrlit        nrfx_gpiote.o
    0x00037ca7   0x00037ca7   0x00000001   PAD
    0x00037ca8   0x00037ca8   0x00000004   Data   RO         7409    .conststrlit        nrfx_prs.o
    0x00037cac   0x00037cac   0x00000005   Data   RO         7489    .conststrlit        nrfx_uart.o
    0x00037cb1   0x00037cb1   0x00000003   PAD
    0x00037cb4   0x00037cb4   0x00000006   Data   RO         7673    .conststrlit        nrfx_uarte.o
    0x00037cba   0x00037cba   0x00000002   PAD
    0x00037cbc   0x00037cbc   0x00000004   Data   RO         7921    .conststrlit        nrfx_twi.o
    0x00037cc0   0x00037cc0   0x00000005   Data   RO         8091    .conststrlit        nrfx_spim.o
    0x00037cc5   0x00037cc5   0x00000003   PAD
    0x00037cc8   0x00037cc8   0x0000000b   Data   RO         8202    .conststrlit        app_button.o
    0x00037cd3   0x00037cd3   0x00000001   PAD
    0x00037cd4   0x00037cd4   0x0000000a   Data   RO         8436    .conststrlit        app_timer2.o
    0x00037cde   0x00037cde   0x00000002   PAD
    0x00037ce0   0x00037ce0   0x0000000d   Data   RO         9586    .conststrlit        nrf_fstorage.o
    0x00037ced   0x00037ced   0x00000003   PAD
    0x00037cf0   0x00037cf0   0x00000009   Data   RO         9859    .conststrlit        nrf_pwr_mgmt.o
    0x00037cf9   0x00037cf9   0x00000003   PAD
    0x00037cfc   0x00037cfc   0x00000009   Data   RO        10024    .conststrlit        nrf_sortlist.o
    0x00037d05   0x00037d05   0x00000003   PAD
    0x00037d08   0x00037d08   0x00000011   Data   RO        10269    .conststrlit        nrf_log_default_backends.o
    0x00037d19   0x00037d19   0x00000003   PAD
    0x00037d1c   0x00037d1c   0x00000004   Data   RO        10336    .conststrlit        nrf_log_frontend.o
    0x00037d20   0x00037d20   0x00000008   Data   RO        10930    .conststrlit        nrf_sdh.o
    0x00037d28   0x00037d28   0x0000000c   Data   RO        11044    .conststrlit        nrf_sdh_ble.o
    0x00037d34   0x00037d34   0x0000000c   Data   RO        11094    .conststrlit        nrf_sdh_soc.o
    0x00037d40   0x00037d40   0x00000020   Data   RO        11298    Region$$Table       anon$$obj.o
    0x00037d60   0x00037d60   0x00000010   Data   RO        10271    log_backends        nrf_log_default_backends.o
    0x00037d70   0x00037d70   0x00000008   Data   RO         4728    log_const_data      gatt_cache_manager.o
    0x00037d78   0x00037d78   0x00000008   Data   RO         4886    log_const_data      gatts_cache_manager.o
    0x00037d80   0x00037d80   0x00000008   Data   RO         4993    log_const_data      id_manager.o
    0x00037d88   0x00037d88   0x00000008   Data   RO         5145    log_const_data      nrf_ble_gatt.o
    0x00037d90   0x00037d90   0x00000008   Data   RO         5297    log_const_data      peer_data_storage.o
    0x00037d98   0x00037d98   0x00000008   Data   RO         5434    log_const_data      peer_database.o
    0x00037da0   0x00037da0   0x00000008   Data   RO         5674    log_const_data      peer_manager.o
    0x00037da8   0x00037da8   0x00000008   Data   RO         5955    log_const_data      peer_manager_handler.o
    0x00037db0   0x00037db0   0x00000008   Data   RO         6104    log_const_data      security_dispatcher.o
    0x00037db8   0x00037db8   0x00000008   Data   RO         6248    log_const_data      security_manager.o
    0x00037dc0   0x00037dc0   0x00000008   Data   RO         6402    log_const_data      ble_bas.o
    0x00037dc8   0x00037dc8   0x00000008   Data   RO         6645    log_const_data      nrf_drv_clock.o
    0x00037dd0   0x00037dd0   0x00000008   Data   RO         6979    log_const_data      nrfx_clock.o
    0x00037dd8   0x00037dd8   0x00000008   Data   RO         7151    log_const_data      nrfx_gpiote.o
    0x00037de0   0x00037de0   0x00000008   Data   RO         7411    log_const_data      nrfx_prs.o
    0x00037de8   0x00037de8   0x00000008   Data   RO         7490    log_const_data      nrfx_uart.o
    0x00037df0   0x00037df0   0x00000008   Data   RO         7674    log_const_data      nrfx_uarte.o
    0x00037df8   0x00037df8   0x00000008   Data   RO         7922    log_const_data      nrfx_twi.o
    0x00037e00   0x00037e00   0x00000008   Data   RO         8092    log_const_data      nrfx_spim.o
    0x00037e08   0x00037e08   0x00000008   Data   RO         8205    log_const_data      app_button.o
    0x00037e10   0x00037e10   0x00000008   Data   RO         8439    log_const_data      app_timer2.o
    0x00037e18   0x00037e18   0x00000008   Data   RO         9587    log_const_data      nrf_fstorage.o
    0x00037e20   0x00037e20   0x00000008   Data   RO         9861    log_const_data      nrf_pwr_mgmt.o
    0x00037e28   0x00037e28   0x00000008   Data   RO        10025    log_const_data      nrf_sortlist.o
    0x00037e30   0x00037e30   0x00000008   Data   RO        10340    log_const_data      nrf_log_frontend.o
    0x00037e38   0x00037e38   0x00000008   Data   RO        10932    log_const_data      nrf_sdh.o
    0x00037e40   0x00037e40   0x00000008   Data   RO        11046    log_const_data      nrf_sdh_ble.o
    0x00037e48   0x00037e48   0x00000008   Data   RO        11095    log_const_data      nrf_sdh_soc.o
    0x00037e50   0x00037e50   0x00000014   Data   RO        10341    nrf_balloc          nrf_log_frontend.o
    0x00037e64   0x00037e64   0x00000008   Data   RO         4474    sdh_ble_observers0  ble_conn_state.o
    0x00037e6c   0x00037e6c   0x00000010   Data   RO           33    sdh_ble_observers1  main.o
    0x00037e7c   0x00037e7c   0x00000008   Data   RO         4056    sdh_ble_observers1  bsp_btn_ble.o
    0x00037e84   0x00037e84   0x00000008   Data   RO         4388    sdh_ble_observers1  ble_conn_params.o
    0x00037e8c   0x00037e8c   0x00000008   Data   RO         5675    sdh_ble_observers1  peer_manager.o
    0x00037e94   0x00037e94   0x00000018   Data   RO           34    sdh_ble_observers2  main.o
    0x00037eac   0x00037eac   0x00000008   Data   RO           35    sdh_ble_observers3  main.o
    0x00037eb4   0x00037eb4   0x00000008   Data   RO         9681    sdh_req_observers0  nrf_fstorage_sd.o
    0x00037ebc   0x00037ebc   0x00000008   Data   RO         6646    sdh_soc_observers0  nrf_drv_clock.o
    0x00037ec4   0x00037ec4   0x00000008   Data   RO         9682    sdh_soc_observers0  nrf_fstorage_sd.o
    0x00037ecc   0x00037ecc   0x00000008   Data   RO        11047    sdh_stack_observers0  nrf_sdh_ble.o
    0x00037ed4   0x00037ed4   0x00000008   Data   RO        11096    sdh_stack_observers0  nrf_sdh_soc.o
    0x00037edc   0x00037edc   0x00000008   Data   RO         6647    sdh_state_observers0  nrf_drv_clock.o
    0x00037ee4   0x00037ee4   0x00000008   Data   RO         9683    sdh_state_observers0  nrf_fstorage_sd.o


    Execution Region RW_IRAM1 (Exec base: 0x20002250, Load base: 0x00037eec, Size: 0x00005f58, Max: 0x0000ddb0, ABSOLUTE, COMPRESSED[0x0000062c])

    Exec Addr    Load Addr    Size         Type   Attr      Idx    E Section Name        Object

    0x20002250   COMPRESSED   0x00000020   Data   RW           29    .data               main.o
    0x20002270   COMPRESSED   0x00000008   Data   RW           30    .data               main.o
    0x20002278   COMPRESSED   0x00000230   Data   RW           31    .data               main.o
    0x200024a8   COMPRESSED   0x00000003   Data   RW           32    .data               main.o
    0x200024ab   COMPRESSED   0x00000001   PAD
    0x200024ac   COMPRESSED   0x00000014   Data   RW          547    .data               spi.o
    0x200024c0   COMPRESSED   0x00000004   Data   RW          652    .data               i2c.o
    0x200024c4   COMPRESSED   0x00000001   Data   RW          653    .data               i2c.o
    0x200024c5   COMPRESSED   0x00000003   PAD
    0x200024c8   COMPRESSED   0x0000003c   Data   RW         2973    .data               aw8623x.o
    0x20002504   COMPRESSED   0x0000001b   Data   RW         2974    .data               aw8623x.o
    0x2000251f   COMPRESSED   0x00000001   PAD
    0x20002520   COMPRESSED   0x000000c0   Data   RW         2975    .data               aw8623x.o
    0x200025e0   COMPRESSED   0x00000008   Data   RW         3204    .data               haptic_nv.o
    0x200025e8   COMPRESSED   0x0000005c   Data   RW         3205    .data               haptic_nv.o
    0x20002644   COMPRESSED   0x00000362   Data   RW         3385    .data               haptic_nv_params.o
    0x200029a6   COMPRESSED   0x00000002   PAD
    0x200029a8   COMPRESSED   0x00000004   Data   RW         3386    .data               haptic_nv_params.o
    0x200029ac   COMPRESSED   0x000000f7   Data   RW         3387    .data               haptic_nv_params.o
    0x20002aa3   COMPRESSED   0x00000001   PAD
    0x20002aa4   COMPRESSED   0x00000004   Data   RW         3388    .data               haptic_nv_params.o
    0x20002aa8   COMPRESSED   0x000000ca   Data   RW         3556    .data               cps4019.o
    0x20002b72   COMPRESSED   0x00000050   Data   RW         3704    .data               cellwise_cw221x.o
    0x20002bc2   COMPRESSED   0x00000002   PAD
    0x20002bc4   COMPRESSED   0x00000010   Data   RW         3951    .data               bsp.o
    0x20002bd4   COMPRESSED   0x00000004   PAD
    0x20002bd8   COMPRESSED   0x00000020   Data   RW         3952    .data               bsp.o
    0x20002bf8   COMPRESSED   0x00000020   Data   RW         3953    .data               bsp.o
    0x20002c18   COMPRESSED   0x00000020   Data   RW         3954    .data               bsp.o
    0x20002c38   COMPRESSED   0x00000008   Data   RW         4055    .data               bsp_btn_ble.o
    0x20002c40   COMPRESSED   0x00000008   Data   RW         4387    .data               ble_conn_params.o
    0x20002c48   COMPRESSED   0x00000010   Data   RW         4727    .data               gatt_cache_manager.o
    0x20002c58   COMPRESSED   0x0000000c   Data   RW         4885    .data               gatts_cache_manager.o
    0x20002c64   COMPRESSED   0x00000001   Data   RW         4992    .data               id_manager.o
    0x20002c65   COMPRESSED   0x00000003   PAD
    0x20002c68   COMPRESSED   0x0000000c   Data   RW         5296    .data               peer_data_storage.o
    0x20002c74   COMPRESSED   0x00000008   Data   RW         5433    .data               peer_database.o
    0x20002c7c   COMPRESSED   0x00000010   Data   RW         5673    .data               peer_manager.o
    0x20002c8c   COMPRESSED   0x00000060   Data   RW         5953    .data               peer_manager_handler.o
    0x20002cec   COMPRESSED   0x00000005   Data   RW         6103    .data               security_dispatcher.o
    0x20002cf1   COMPRESSED   0x00000003   PAD
    0x20002cf4   COMPRESSED   0x00000015   Data   RW         6247    .data               security_manager.o
    0x20002d09   COMPRESSED   0x00000001   PAD
    0x20002d0a   COMPRESSED   0x0000004a   Data   RW         6459    .data               ble_dis.o
    0x20002d54   COMPRESSED   0x0000000c   Data   RW         6778    .data               nrf_drv_uart.o
    0x20002d60   COMPRESSED   0x00000008   Data   RW         6978    .data               nrfx_clock.o
    0x20002d68   COMPRESSED   0x00000008   Data   RW         7410    .data               nrfx_prs.o
    0x20002d70   COMPRESSED   0x00000010   Data   RW         7812    .data               nrf_drv_twi.o
    0x20002d80   COMPRESSED   0x00000018   Data   RW         8203    .data               app_button.o
    0x20002d98   COMPRESSED   0x00000020   Data   RW         8204    .data               app_button.o
    0x20002db8   COMPRESSED   0x00000010   Data   RW         8370    .data               app_scheduler.o
    0x20002dc8   COMPRESSED   0x00000020   Data   RW         8437    .data               app_timer2.o
    0x20002de8   COMPRESSED   0x00000004   Data   RW         8438    .data               app_timer2.o
    0x20002dec   COMPRESSED   0x0000000c   Data   RW         8677    .data               drv_rtc.o
    0x20002df8   COMPRESSED   0x00000030   Data   RW         8875    .data               fds.o
    0x20002e28   COMPRESSED   0x00000008   Data   RW         9680    .data               nrf_fstorage_sd.o
    0x20002e30   COMPRESSED   0x00000008   Data   RW         9860    .data               nrf_pwr_mgmt.o
    0x20002e38   COMPRESSED   0x00000018   Data   RW        10205    .data               nrf_log_backend_uart.o
    0x20002e50   COMPRESSED   0x00000008   Data   RW        10270    .data               nrf_log_default_backends.o
    0x20002e58   COMPRESSED   0x00000004   Data   RW        10337    .data               nrf_log_frontend.o
    0x20002e5c   COMPRESSED   0x00000008   Data   RW        10338    .data               nrf_log_frontend.o
    0x20002e64   COMPRESSED   0x00000008   Data   RW        10339    .data               nrf_log_frontend.o
    0x20002e6c   COMPRESSED   0x00000040   Data   RW        10503    .data               nrf_log_str_formatter.o
    0x20002eac   COMPRESSED   0x00000003   Data   RW        10931    .data               nrf_sdh.o
    0x20002eaf   COMPRESSED   0x00000001   Data   RW        11045    .data               nrf_sdh_ble.o
    0x20002eb0   COMPRESSED   0x00000004   Data   RW        11137    .data               system_nrf52.o
    0x20002eb4   COMPRESSED   0x00000004   Data   RW        11293    .data               mc_w.l(mvars.o)
    0x20002eb8   COMPRESSED   0x00000004   Data   RW        11294    .data               mc_w.l(mvars.o)
    0x20002ebc   COMPRESSED   0x00000014   Data   RW         8876    fs_data             fds.o
    0x20002ed0        -       0x0000057c   Zero   RW           26    .bss                main.o
    0x2000344c        -       0x0000001c   Zero   RW           27    .bss                main.o
    0x20003468        -       0x00000060   Zero   RW         3419    .bss                aw320xx.o
    0x200034c8        -       0x0000000c   Zero   RW         3949    .bss                bsp.o
    0x200034d4   COMPRESSED   0x00000004   PAD
    0x200034d8        -       0x00000050   Zero   RW         4386    .bss                ble_conn_params.o
    0x20003528        -       0x0000007c   Zero   RW         4473    .bss                ble_conn_state.o
    0x200035a4        -       0x000000d8   Zero   RW         4988    .bss                id_manager.o
    0x2000367c        -       0x00000180   Zero   RW         5429    .bss                peer_database.o
    0x200037fc        -       0x00000040   Zero   RW         5545    .bss                peer_id.o
    0x2000383c        -       0x0000000c   Zero   RW         5669    .bss                peer_manager.o
    0x20003848        -       0x00000040   Zero   RW         6099    .bss                security_dispatcher.o
    0x20003888        -       0x00000014   Zero   RW         6639    .bss                nrf_drv_clock.o
    0x2000389c        -       0x0000005c   Zero   RW         7145    .bss                nrfx_gpiote.o
    0x200038f8        -       0x0000002c   Zero   RW         7484    .bss                nrfx_uart.o
    0x20003924        -       0x00000024   Zero   RW         7668    .bss                nrfx_uarte.o
    0x20003948        -       0x00000018   Zero   RW         7861    .bss                nrf_drv_spi.o
    0x20003960        -       0x0000003c   Zero   RW         7916    .bss                nrfx_twi.o
    0x2000399c        -       0x00000024   Zero   RW         8086    .bss                nrfx_spim.o
    0x200039c0        -       0x00000010   Zero   RW         8200    .bss                app_button.o
    0x200039d0        -       0x00000010   Zero   RW         8433    .bss                app_timer2.o
    0x200039e0        -       0x00000058   Zero   RW         8434    .bss                app_timer2.o
    0x20003a38        -       0x0000000c   Zero   RW         8564    .bss                app_util_platform.o
    0x20003a44        -       0x00000010   Zero   RW         8872    .bss                fds.o
    0x20003a54        -       0x000000e0   Zero   RW         8873    .bss                fds.o
    0x20003b34        -       0x00000010   Zero   RW         9676    .bss                nrf_fstorage_sd.o
    0x20003b44        -       0x000000a0   Zero   RW         9677    .bss                nrf_fstorage_sd.o
    0x20003be4        -       0x0000000c   Zero   RW         9856    .bss                nrf_pwr_mgmt.o
    0x20003bf0        -       0x00000040   Zero   RW        10202    .bss                nrf_log_backend_uart.o
    0x20003c30        -       0x000000c0   Zero   RW        10331    .bss                nrf_log_frontend.o
    0x20003cf0        -       0x00000080   Zero   RW        10332    .bss                nrf_log_frontend.o
    0x20003d70        -       0x00000018   Zero   RW        10333    .bss                nrf_log_frontend.o
    0x20003d88        -       0x00000420   Zero   RW        10334    .bss                nrf_log_frontend.o
    0x200041a8        -       0x00002000   Zero   RW        11124    HEAP                arm_startup_nrf52.o
    0x200061a8        -       0x00002000   Zero   RW        11123    STACK               arm_startup_nrf52.o


==============================================================================

Image component sizes


      Code (inc. data)   RO Data    RW Data    ZI Data      Debug   Object Name

       664         66         27         56         16      11938   app_button.o
        22          0          0          0          0       2553   app_error.o
       132         46          0          0          0      30905   app_error_weak.o
       268         16          0         16          0      42029   app_scheduler.o
      1084         92         38         36        104      18309   app_timer2.o
       124         14          0          0         12      10774   app_util_platform.o
        36          8        512          0      16384        944   arm_startup_nrf52.o
      1060        180          0          0         96      31814   aw320xx.o
      3052        114          0        279          0      45597   aw8623x.o
      1338          0          0          0          0      53640   ble_advdata.o
      1310          6          0          0          0      14176   ble_advertising.o
       502          0         16          0          0       6603   ble_bas.o
       636         44          8          8         80       9459   ble_conn_params.o
       802         66          8          0        124      17421   ble_conn_state.o
       530         12          0         74          0       5679   ble_dis.o
      3150          0          0          0          0      24466   ble_hids.o
        72          0          0          0          0       1684   ble_link_ctx_manager.o
       656          6          0          0          0       5992   ble_srv_common.o
       358         40          8          0          0      14119   boards.o
       998         84         44        112         12      16235   bsp.o
       252         10          8          8          0       4900   bsp_btn_ble.o
       762         96          0         80          0      18168   cellwise_cw221x.o
       218         12          0        202          0      12228   cps4019.o
       704         76          6         12          0      48313   drv_rtc.o
      3872        348         24         68        240      51606   fds.o
       214          4          0          0          0       3336   fw_update.o
      2160        552        553         16          0      34411   gatt_cache_manager.o
       842        138        462         12          0      17219   gatts_cache_manager.o
      1790        164          0        100          0      28041   haptic_nv.o
       466         86          6          0          0      18337   haptic_nv_config.o
         0          0          0       1121          0       1068   haptic_nv_params.o
        68         14         32          5          0      15287   i2c.o
      1546         70        272          1        216      20262   id_manager.o
      2700          0          0          0          0      18298   lsm6dso_reg.o
      2664        566         52        603       1432     241902   main.o
       342          0          0          0          0       6838   nrf_atfifo.o
       170          0          0          0          0       4920   nrf_atflags.o
       332          0          0          0          0      10350   nrf_atomic.o
       164          0          0          0          0       3696   nrf_balloc.o
       922        272        205          0          0      37415   nrf_ble_gatt.o
       276          0          0          0          0       4773   nrf_ble_qwr.o
       312         36         30          0         20      43876   nrf_drv_clock.o
       168         18         16          0         24       6507   nrf_drv_spi.o
       328         16          6         16          0      14251   nrf_drv_twi.o
       200         26          0         12          0      12824   nrf_drv_uart.o
        50          0          0          0          0       3593   nrf_fprintf.o
       866          4         16          0          0       6634   nrf_fprintf_format.o
       972        432        194          0          0       8172   nrf_fstorage.o
       798         82         72          8        176      16299   nrf_fstorage_sd.o
       200          0          0          0          0      11693   nrf_log_backend_serial.o
       232         44         44         24         64      16098   nrf_log_backend_uart.o
        28          4         33          8          0       3393   nrf_log_default_backends.o
      1522        128         44         20       1400      32495   nrf_log_frontend.o
       570        108        102         64          0       5756   nrf_log_str_formatter.o
       346          0          0          0          0       9715   nrf_memobj.o
       108         16         53          8         12      40110   nrf_pwr_mgmt.o
        28          0          0          0          0       2411   nrf_ringbuf.o
       592         66        104          3          0      46380   nrf_sdh.o
       672        232        468          1          0       5965   nrf_sdh_ble.o
        60          4         56          0          0       2516   nrf_sdh_soc.o
        78          0          0          0          0       2848   nrf_section_iter.o
        84          0         17          0          0       4209   nrf_sortlist.o
        76         10       1319          0          0       2807   nrf_strerror.o
       242         32         14          8          0      47344   nrfx_clock.o
      1268        106         19          0         92      66301   nrfx_gpiote.o
       112         16         12          8          0       4584   nrfx_prs.o
       846         20         17          0         36      21626   nrfx_spim.o
      1604         46         36          0         60      28730   nrfx_twi.o
      1310         42         17          0         44      30973   nrfx_uart.o
      1312         42         18          0         36      26403   nrfx_uarte.o
      1176        144        281         12          0      17083   peer_data_storage.o
      1434        260        425          8        384      19814   peer_database.o
       314         38          0          0         64       9355   peer_id.o
      2224        482        217         16         12      27831   peer_manager.o
      1928        882        832         96          0      10403   peer_manager_handler.o
       234          0          0          0          0       5543   pm_buffer.o
      1944        268        835          5         64      27463   security_dispatcher.o
      1372        122        411         21          0      55142   security_manager.o
       104          0          0          0          0       3511   sensorsim.o
       386         58         16         20          0      74528   spi.o
       752         78          0          4          0      32357   system_nrf52.o
       294         22          6          0          0      21999   tp_ts.o

    ----------------------------------------------------------------------
     64532       7086       8140       3192      21208    1795247   Object Totals
         0          0         32          0          0          0   (incl. Generated)
       128          0         97         21          4          0   (incl. Padding)

    ----------------------------------------------------------------------

      Code (inc. data)   RO Data    RW Data    ZI Data      Debug   Library Member Name

        86          0          0          0          0          0   __dczerorl2.o
         8          4        133          0          0         68   ctype_o.o
         0          0          0          0          0          0   entry.o
         0          0          0          0          0          0   entry10a.o
         0          0          0          0          0          0   entry11a.o
         8          4          0          0          0          0   entry2.o
         4          0          0          0          0          0   entry5.o
         0          0          0          0          0          0   entry7b.o
         0          0          0          0          0          0   entry8b.o
         8          4          0          0          0          0   entry9a.o
        30          0          0          0          0          0   handlers.o
        36          8          0          0          0         68   init.o
        30          0          0          0          0         68   llshl.o
        32          0          0          0          0         68   llushr.o
       188         20          0          0          0        160   malloc.o
        26          0          0          0          0         80   memcmp.o
        36          0          0          0          0         68   memcpya.o
        36          0          0          0          0        108   memseta.o
         0          0          0          8          0          0   mvars.o
        14          0          0          0          0         68   strlen.o
        98          0          0          0          0         92   uldiv.o

    ----------------------------------------------------------------------
       644         40        136          8          0        848   Library Totals
         4          0          3          0          0          0   (incl. Padding)

    ----------------------------------------------------------------------

      Code (inc. data)   RO Data    RW Data    ZI Data      Debug   Library Name

       640         40        133          8          0        848   mc_w.l

    ----------------------------------------------------------------------
       644         40        136          8          0        848   Library Totals

    ----------------------------------------------------------------------

==============================================================================


      Code (inc. data)   RO Data    RW Data    ZI Data      Debug   

     65176       7126       8276       3200      21208    1719167   Grand Totals
     65176       7126       8276       1580      21208    1719167   ELF Image Totals (compressed)
     65176       7126       8276       1580          0          0   ROM Totals

==============================================================================

    Total RO  Size (Code + RO Data)                73452 (  71.73kB)
    Total RW  Size (RW Data + ZI Data)             24408 (  23.84kB)
    Total ROM Size (Code + RO Data + RW Data)      75032 (  73.27kB)

==============================================================================

