Component: ARM Compiler 5.06 update 6 (build 750) Tool: armlink [4d35ed]

==============================================================================

Section Cross References

    main.o(i.advertising_init) refers to memseta.o(.text) for __aeabi_memclr4
    main.o(i.advertising_init) refers to memcpya.o(.text) for __aeabi_memcpy4
    main.o(i.advertising_init) refers to ble_advertising.o(i.ble_advertising_init) for ble_advertising_init
    main.o(i.advertising_init) refers to app_error.o(i.app_error_handler_bare) for app_error_handler_bare
    main.o(i.advertising_init) refers to ble_advertising.o(i.ble_advertising_conn_cfg_tag_set) for ble_advertising_conn_cfg_tag_set
    main.o(i.advertising_init) refers to main.o(.data) for .data
    main.o(i.advertising_init) refers to main.o(.bss) for .bss
    main.o(i.advertising_init) refers to main.o(i.on_adv_evt) for on_adv_evt
    main.o(i.advertising_init) refers to main.o(i.ble_advertising_error_handler) for ble_advertising_error_handler
    main.o(i.advertising_start) refers to nrf_log_frontend.o(i.nrf_log_frontend_std_0) for nrf_log_frontend_std_0
    main.o(i.advertising_start) refers to peer_manager.o(i.pm_peers_delete) for pm_peers_delete
    main.o(i.advertising_start) refers to main.o(i.whitelist_set) for whitelist_set
    main.o(i.advertising_start) refers to ble_advertising.o(i.ble_advertising_start) for ble_advertising_start
    main.o(i.advertising_start) refers to app_error.o(i.app_error_handler_bare) for app_error_handler_bare
    main.o(i.advertising_start) refers to nrf_log_frontend.o(log_const_data) for m_nrf_log_app_logs_data_const
    main.o(i.advertising_start) refers to main.o(.bss) for .bss
    main.o(i.assert_nrf_callback) refers to app_error_handler_keil.o(.emb_text) for app_error_handler
    main.o(i.battery_level_meas_timeout_handler) refers to sensorsim.o(i.sensorsim_measure) for sensorsim_measure
    main.o(i.battery_level_meas_timeout_handler) refers to ble_bas.o(i.ble_bas_battery_level_update) for ble_bas_battery_level_update
    main.o(i.battery_level_meas_timeout_handler) refers to app_error.o(i.app_error_handler_bare) for app_error_handler_bare
    main.o(i.battery_level_meas_timeout_handler) refers to main.o(.bss) for .bss
    main.o(i.battery_level_meas_timeout_handler) refers to main.o(.data) for .data
    main.o(i.ble_advertising_error_handler) refers to app_error.o(i.app_error_handler_bare) for app_error_handler_bare
    main.o(i.ble_evt_handler) refers to nrf_log_frontend.o(i.nrf_log_frontend_std_0) for nrf_log_frontend_std_0
    main.o(i.ble_evt_handler) refers to bsp.o(i.bsp_indication_set) for bsp_indication_set
    main.o(i.ble_evt_handler) refers to app_error.o(i.app_error_handler_bare) for app_error_handler_bare
    main.o(i.ble_evt_handler) refers to nrf_ble_qwr.o(i.nrf_ble_qwr_conn_handle_assign) for nrf_ble_qwr_conn_handle_assign
    main.o(i.ble_evt_handler) refers to nrf_log_frontend.o(log_const_data) for m_nrf_log_app_logs_data_const
    main.o(i.ble_evt_handler) refers to main.o(.data) for .data
    main.o(i.ble_evt_handler) refers to main.o(.bss) for .bss
    main.o(i.bsp_event_handler) refers to main.o(i.sleep_mode_enter) for sleep_mode_enter
    main.o(i.bsp_event_handler) refers to app_error.o(i.app_error_handler_bare) for app_error_handler_bare
    main.o(i.bsp_event_handler) refers to ble_advertising.o(i.ble_advertising_restart_without_whitelist) for ble_advertising_restart_without_whitelist
    main.o(i.bsp_event_handler) refers to main.o(i.mouse_movement_send) for mouse_movement_send
    main.o(i.bsp_event_handler) refers to main.o(.data) for .data
    main.o(i.bsp_event_handler) refers to main.o(.bss) for .bss
    main.o(i.conn_params_error_handler) refers to app_error.o(i.app_error_handler_bare) for app_error_handler_bare
    main.o(i.gap_params_init) refers to app_error.o(i.app_error_handler_bare) for app_error_handler_bare
    main.o(i.hids_init) refers to memseta.o(.text) for __aeabi_memclr
    main.o(i.hids_init) refers to ble_hids.o(i.ble_hids_init) for ble_hids_init
    main.o(i.hids_init) refers to app_error.o(i.app_error_handler_bare) for app_error_handler_bare
    main.o(i.hids_init) refers to main.o(.bss) for .bss
    main.o(i.hids_init) refers to main.o(i.on_hids_evt) for on_hids_evt
    main.o(i.hids_init) refers to main.o(i.service_error_handler) for service_error_handler
    main.o(i.hids_init) refers to main.o(.data) for .data
    main.o(i.identities_set) refers to peer_manager.o(i.pm_peer_id_list) for pm_peer_id_list
    main.o(i.identities_set) refers to app_error.o(i.app_error_handler_bare) for app_error_handler_bare
    main.o(i.identities_set) refers to peer_manager.o(i.pm_device_identities_list_set) for pm_device_identities_list_set
    main.o(i.main) refers to nrf_log_frontend.o(i.nrf_log_init) for nrf_log_init
    main.o(i.main) refers to app_error.o(i.app_error_handler_bare) for app_error_handler_bare
[...]
    0x000282ec   0x000282ec   0x00000048   Code   RO            7    i.battery_level_meas_timeout_handler  main.o
    0x00028334   0x00028334   0x0000000a   Code   RO         3236    i.battery_notification_send  ble_bas.o
    0x0002833e   0x0002833e   0x00000048   Code   RO         1415    i.blcm_link_ctx_get  ble_link_ctx_manager.o
    0x00028386   0x00028386   0x00000182   Code   RO          874    i.ble_advdata_encode  ble_advdata.o
    0x00028508   0x00028508   0x00000020   Code   RO          876    i.ble_advdata_parse  ble_advdata.o
    0x00028528   0x00028528   0x00000046   Code   RO          877    i.ble_advdata_search  ble_advdata.o
    0x0002856e   0x0002856e   0x000000a0   Code   RO         1014    i.ble_advertising_advdata_update  ble_advertising.o
    0x0002860e   0x0002860e   0x00000006   Code   RO         1015    i.ble_advertising_conn_cfg_tag_set  ble_advertising.o
    0x00028614   0x00028614   0x00000004   Code   RO            8    i.ble_advertising_error_handler  main.o
    0x00028618   0x00028618   0x000000e8   Code   RO         1016    i.ble_advertising_init  ble_advertising.o
    0x00028700   0x00028700   0x0000006a   Code   RO         1018    i.ble_advertising_on_ble_evt  ble_advertising.o
    0x0002876a   0x0002876a   0x00000026   Code   RO         1019    i.ble_advertising_peer_addr_reply  ble_advertising.o
    0x00028790   0x00028790   0x0000003a   Code   RO         1020    i.ble_advertising_restart_without_whitelist  ble_advertising.o
    0x000287ca   0x000287ca   0x00000230   Code   RO         1021    i.ble_advertising_start  ble_advertising.o
    0x000289fa   0x000289fa   0x00000024   Code   RO         1022    i.ble_advertising_whitelist_reply  ble_advertising.o
    0x00028a1e   0x00028a1e   0x00000002   PAD
    0x00028a20   0x00028a20   0x000000c0   Code   RO         3237    i.ble_bas_battery_level_update  ble_bas.o
    0x00028ae0   0x00028ae0   0x0000003e   Code   RO         3239    i.ble_bas_init      ble_bas.o
    0x00028b1e   0x00028b1e   0x00000052   Code   RO         3240    i.ble_bas_on_ble_evt  ble_bas.o
    0x00028b70   0x00028b70   0x00000068   Code   RO         1144    i.ble_conn_params_init  ble_conn_params.o
    0x00028bd8   0x00028bd8   0x0000000c   Code   RO         1239    i.ble_conn_state_conn_handles  ble_conn_state.o
    0x00028be4   0x00028be4   0x00000012   Code   RO         1240    i.ble_conn_state_conn_idx  ble_conn_state.o
    0x00028bf6   0x00028bf6   0x00000002   PAD
    0x00028bf8   0x00028bf8   0x00000020   Code   RO         1241    i.ble_conn_state_encrypted  ble_conn_state.o
    0x00028c18   0x00028c18   0x0000002c   Code   RO         1243    i.ble_conn_state_for_each_set_user_flag  ble_conn_state.o
    0x00028c44   0x00028c44   0x00000020   Code   RO         1245    i.ble_conn_state_lesc  ble_conn_state.o
    0x00028c64   0x00028c64   0x00000020   Code   RO         1246    i.ble_conn_state_mitm_protected  ble_conn_state.o
    0x00028c84   0x00028c84   0x00000024   Code   RO         1249    i.ble_conn_state_role  ble_conn_state.o
    0x00028ca8   0x00028ca8   0x00000024   Code   RO         1250    i.ble_conn_state_status  ble_conn_state.o
    0x00028ccc   0x00028ccc   0x00000018   Code   RO         1251    i.ble_conn_state_user_flag_acquire  ble_conn_state.o
    0x00028ce4   0x00028ce4   0x00000030   Code   RO         1252    i.ble_conn_state_user_flag_get  ble_conn_state.o
    0x00028d14   0x00028d14   0x00000038   Code   RO         1253    i.ble_conn_state_user_flag_set  ble_conn_state.o
    0x00028d4c   0x00028d4c   0x00000014   Code   RO         1254    i.ble_conn_state_valid  ble_conn_state.o
    0x00028d60   0x00028d60   0x00000060   Code   RO          880    i.ble_device_addr_encode  ble_advdata.o
    0x00028dc0   0x00028dc0   0x0000013c   Code   RO         3298    i.ble_dis_init      ble_dis.o
    0x00028efc   0x00028efc   0x000000b8   Code   RO            9    i.ble_evt_handler   main.o
    0x00028fb4   0x00028fb4   0x00000070   Code   RO          713    i.ble_evt_handler   bsp_btn_ble.o
    0x00029024   0x00029024   0x000000fc   Code   RO         1146    i.ble_evt_handler   ble_conn_params.o
    0x00029120   0x00029120   0x00000118   Code   RO         1255    i.ble_evt_handler   ble_conn_state.o
    0x00029238   0x00029238   0x00000084   Code   RO         2457    i.ble_evt_handler   peer_manager.o
    0x000292bc   0x000292bc   0x000000ac   Code   RO         3343    i.ble_hids_boot_mouse_inp_rep_send  ble_hids.o
    0x00029368   0x00029368   0x00000270   Code   RO         3344    i.ble_hids_init     ble_hids.o
    0x000295d8   0x000295d8   0x000000c4   Code   RO         3345    i.ble_hids_inp_rep_send  ble_hids.o
    0x0002969c   0x0002969c   0x00000022   Code   RO         3346    i.ble_hids_on_ble_evt  ble_hids.o
    0x000296be   0x000296be   0x00000012   Code   RO         1442    i.ble_srv_ascii_to_utf8  ble_srv_common.o
    0x000296d0   0x000296d0   0x00000008   Code   RO         1444    i.ble_srv_is_notification_enabled  ble_srv_common.o
    0x000296d8   0x000296d8   0x0000000c   Code   RO         1445    i.ble_srv_report_ref_encode  ble_srv_common.o
    0x000296e4   0x000296e4   0x0000006c   Code   RO         3348    i.boot_inp_rep_char_add  ble_hids.o
    0x00029750   0x00029750   0x0000000c   Code   RO          477    i.bsp_board_button_idx_to_pin  boards.o
    0x0002975c   0x0002975c   0x00000028   Code   RO          478    i.bsp_board_button_state_get  boards.o
    0x00029784   0x00029784   0x00000054   Code   RO          479    i.bsp_board_init    boards.o
    0x000297d8   0x000297d8   0x0000002c   Code   RO          481    i.bsp_board_led_invert  boards.o
    0x00029804   0x00029804   0x00000010   Code   RO          482    i.bsp_board_led_off  boards.o
    0x00029814   0x00029814   0x00000010   Code   RO          483    i.bsp_board_led_on  boards.o
    0x00029824   0x00029824   0x00000028   Code   RO          484    i.bsp_board_led_state_get  boards.o
    0x0002984c   0x0002984c   0x00000012   Code   RO          485    i.bsp_board_leds_off  boards.o
    0x0002985e   0x0002985e   0x00000012   Code   RO          486    i.bsp_board_leds_on  boards.o
    0x00029870   0x00029870   0x00000024   Code   RO          487    i.bsp_board_pin_to_button_idx  boards.o
    0x00029894   0x00029894   0x00000038   Code   RO          714    i.bsp_btn_ble_init  bsp_btn_ble.o
    0x000298cc   0x000298cc   0x0000001e   Code   RO          715    i.bsp_btn_ble_sleep_mode_prepare  bsp_btn_ble.o
    0x000298ea   0x000298ea   0x00000002   PAD
    0x000298ec   0x000298ec   0x00000090   Code   RO          596    i.bsp_button_event_handler  bsp.o
    0x0002997c   0x0002997c   0x0000000c   Code   RO          597    i.bsp_button_is_pressed  bsp.o
    0x00029988   0x00029988   0x00000084   Code   RO           10    i.bsp_event_handler  main.o
    0x00029a0c   0x00029a0c   0x00000044   Code   RO          600    i.bsp_event_to_button_action_assign  bsp.o
    0x00029a50   0x00029a50   0x00000018   Code   RO          601    i.bsp_indication_set  bsp.o
    0x00029a68   0x00029a68   0x00000094   Code   RO          602    i.bsp_init          bsp.o
    0x00029afc   0x00029afc   0x000001c8   Code   RO          603    i.bsp_led_indication  bsp.o
    0x00029cc4   0x00029cc4   0x00000006   Code   RO          605    i.bsp_wakeup_button_enable  bsp.o
    0x00029cca   0x00029cca   0x00000002   PAD
    0x00029ccc   0x00029ccc   0x00000094   Code   RO         6913    i.buf_prealloc      nrf_log_frontend.o
    0x00029d60   0x00029d60   0x0000002e   Code   RO         6134    i.buffer_add        nrf_fprintf_format.o
    0x00029d8e   0x00029d8e   0x00000002   PAD
    0x00029d90   0x00029d90   0x00000018   Code   RO         6914    i.buffer_is_empty   nrf_log_frontend.o
    0x00029da8   0x00029da8   0x00000028   Code   RO         4753    i.button_get        app_button.o
    0x00029dd0   0x00029dd0   0x00000008   Code   RO          606    i.button_timer_handler  bsp.o
    0x00029dd8   0x00029dd8   0x00000028   Code   RO         1505    i.car_update_needed  gatt_cache_manager.o
    0x00029e00   0x00029e00   0x00000040   Code   RO         1506    i.car_update_pending_handle  gatt_cache_manager.o
    0x00029e40   0x00029e40   0x0000001c   Code   RO         4003    i.channel_free      nrfx_gpiote.o
    0x00029e5c   0x00029e5c   0x00000048   Code   RO         4004    i.channel_port_alloc  nrfx_gpiote.o
    0x00029ea4   0x00029ea4   0x00000010   Code   RO         4005    i.channel_port_get  nrfx_gpiote.o
    0x00029eb4   0x00029eb4   0x00000060   Code   RO         3299    i.char_add          ble_dis.o
    0x00029f14   0x00029f14   0x00000190   Code   RO         1446    i.characteristic_add  ble_srv_common.o
    0x0002a0a4   0x0002a0a4   0x0000003e   Code   RO         2367    i.claim             peer_id.o
    0x0002a0e2   0x0002a0e2   0x00000002   PAD
    0x0002a0e4   0x0002a0e4   0x00000028   Code   RO         3470    i.clock_clk_started_notify  nrf_drv_clock.o
    0x0002a10c   0x0002a10c   0x0000001c   Code   RO         3471    i.clock_irq_handler  nrf_drv_clock.o
    0x0002a128   0x0002a128   0x00000018   Code   RO         5017    i.compare_func      app_timer2.o
    0x0002a140   0x0002a140   0x0000003e   Code   RO         1256    i.conn_handle_list_get  ble_conn_state.o
    0x0002a17e   0x0002a17e   0x00000088   Code   RO          881    i.conn_int_encode   ble_advdata.o
    0x0002a206   0x0002a206   0x00000004   Code   RO           11    i.conn_params_error_handler  main.o
    0x0002a20a   0x0002a20a   0x00000002   PAD
    0x0002a20c   0x0002a20c   0x00000048   Code   RO         1147    i.conn_params_negotiation  ble_conn_params.o
    0x0002a254   0x0002a254   0x00000044   Code   RO         2921    i.conn_sec_failure  security_dispatcher.o
    0x0002a298   0x0002a298   0x00000004   Code   RO         2773    i.conn_secure       peer_manager_handler.o
    0x0002a29c   0x0002a29c   0x000000c0   Code   RO         1959    i.data_length_update  nrf_ble_gatt.o
    0x0002a35c   0x0002a35c   0x00000030   Code   RO         1507    i.db_update_pending_handle  gatt_cache_manager.o
    0x0002a38c   0x0002a38c   0x0000008c   Code   RO         5419    i.delete_execute    fds.o
    0x0002a418   0x0002a418   0x000000aa   Code   RO         1447    i.descriptor_add    ble_srv_common.o
    0x0002a4c2   0x0002a4c2   0x00000002   PAD
    0x0002a4c4   0x0002a4c4   0x00000048   Code   RO         4754    i.detection_delay_timeout_handler  app_button.o
    0x0002a50c   0x0002a50c   0x00000014   Code   RO         6915    i.dropped_sat16_get  nrf_log_frontend.o
    0x0002a520   0x0002a520   0x00000014   Code   RO         5251    i.drv_rtc_compare_disable  drv_rtc.o
    0x0002a534   0x0002a534   0x0000000e   Code   RO         5254    i.drv_rtc_compare_pending  drv_rtc.o
    0x0002a542   0x0002a542   0x00000050   Code   RO         5255    i.drv_rtc_compare_set  drv_rtc.o
    0x0002a592   0x0002a592   0x00000008   Code   RO         5256    i.drv_rtc_counter_get  drv_rtc.o
    0x0002a59a   0x0002a59a   0x00000002   PAD
    0x0002a59c   0x0002a59c   0x000000d8   Code   RO         5257    i.drv_rtc_init      drv_rtc.o
    0x0002a674   0x0002a674   0x0000001e   Code   RO         5258    i.drv_rtc_irq_trigger  drv_rtc.o
    0x0002a692   0x0002a692   0x00000008   Code   RO         5260    i.drv_rtc_overflow_enable  drv_rtc.o
    0x0002a69a   0x0002a69a   0x00000008   Code   RO         5261    i.drv_rtc_overflow_pending  drv_rtc.o
    0x0002a6a2   0x0002a6a2   0x00000008   Code   RO         5262    i.drv_rtc_start     drv_rtc.o
    0x0002a6aa   0x0002a6aa   0x00000008   Code   RO         5263    i.drv_rtc_stop      drv_rtc.o
    0x0002a6b2   0x0002a6b2   0x000000de   Code   RO         5268    i.drv_rtc_windowed_compare_set  drv_rtc.o
    0x0002a790   0x0002a790   0x0000000a   Code   RO         2922    i.encryption_failure  security_dispatcher.o
    0x0002a79a   0x0002a79a   0x00000002   PAD
    0x0002a79c   0x0002a79c   0x0000004c   Code   RO         6261    i.erase             nrf_fstorage_sd.o
    0x0002a7e8   0x0002a7e8   0x00000074   Code   RO         5420    i.event_prepare     fds.o
    0x0002a85c   0x0002a85c   0x00000020   Code   RO         5421    i.event_send        fds.o
    0x0002a87c   0x0002a87c   0x00000054   Code   RO         6262    i.event_send        nrf_fstorage_sd.o
    0x0002a8d0   0x0002a8d0   0x00000098   Code   RO         3060    i.events_send_from_err_code  security_manager.o
    0x0002a968   0x0002a968   0x00000012   Code   RO         5269    i.evt_enable        drv_rtc.o
    0x0002a97a   0x0002a97a   0x00000002   PAD
    0x0002a97c   0x0002a97c   0x000000e0   Code   RO         4755    i.evt_handle        app_button.o
    0x0002aa5c   0x0002aa5c   0x00000014   Code   RO         5270    i.evt_pending       drv_rtc.o
    0x0002aa70   0x0002aa70   0x0000001c   Code   RO         1508    i.evt_send          gatt_cache_manager.o
    0x0002aa8c   0x0002aa8c   0x0000001c   Code   RO         1692    i.evt_send          gatts_cache_manager.o
    0x0002aaa8   0x0002aaa8   0x0000002c   Code   RO         2458    i.evt_send          peer_manager.o
    0x0002aad4   0x0002aad4   0x0000001c   Code   RO         2923    i.evt_send          security_dispatcher.o
    0x0002aaf0   0x0002aaf0   0x0000000c   Code   RO         3061    i.evt_send          security_manager.o
    0x0002aafc   0x0002aafc   0x000000e0   Code   RO         2105    i.fds_evt_handler   peer_data_storage.o
    0x0002abdc   0x0002abdc   0x00000048   Code   RO         5423    i.fds_file_delete   fds.o
    0x0002ac24   0x0002ac24   0x00000040   Code   RO         5424    i.fds_gc            fds.o
    0x0002ac64   0x0002ac64   0x000000e8   Code   RO         5425    i.fds_init          fds.o
    0x0002ad4c   0x0002ad4c   0x00000048   Code   RO         5426    i.fds_record_close  fds.o
    0x0002ad94   0x0002ad94   0x0000000e   Code   RO         5428    i.fds_record_find   fds.o
    0x0002ada2   0x0002ada2   0x00000010   Code   RO         5429    i.fds_record_find_by_key  fds.o
    0x0002adb2   0x0002adb2   0x00000010   Code   RO         5430    i.fds_record_find_in_file  fds.o
    0x0002adc2   0x0002adc2   0x00000012   Code   RO         5431    i.fds_record_id_from_desc  fds.o
    0x0002add4   0x0002add4   0x0000004c   Code   RO         5433    i.fds_record_open   fds.o
    0x0002ae20   0x0002ae20   0x00000010   Code   RO         5434    i.fds_record_update  fds.o
    0x0002ae30   0x0002ae30   0x00000008   Code   RO         5435    i.fds_record_write  fds.o
    0x0002ae38   0x0002ae38   0x00000030   Code   RO         5437    i.fds_register      fds.o
    0x0002ae68   0x0002ae68   0x000000a0   Code   RO         5440    i.fds_stat          fds.o
    0x0002af08   0x0002af08   0x00000014   Code   RO         2106    i.file_id_within_pm_range  peer_data_storage.o
    0x0002af1c   0x0002af1c   0x00000012   Code   RO         2924    i.flag_id_init      security_dispatcher.o
    0x0002af2e   0x0002af2e   0x00000012   Code   RO         3062    i.flag_id_init      security_manager.o
    0x0002af40   0x0002af40   0x0000000a   Code   RO         1257    i.flag_toggle       ble_conn_state.o
    0x0002af4a   0x0002af4a   0x00000028   Code   RO         1023    i.flags_set         ble_advertising.o
    0x0002af72   0x0002af72   0x00000002   PAD
    0x0002af74   0x0002af74   0x00000030   Code   RO         3063    i.flags_set_from_err_code  security_manager.o
    0x0002afa4   0x0002afa4   0x00000030   Code   RO         1258    i.for_each_set_flag  ble_conn_state.o
    0x0002afd4   0x0002afd4   0x00000006   Code   RO         5441    i.fs_event_handler  fds.o
    0x0002afda   0x0002afda   0x00000002   PAD
    0x0002afdc   0x0002afdc   0x0000006c   Code   RO           12    i.gap_params_init   main.o
    0x0002b048   0x0002b048   0x00000080   Code   RO         5442    i.gc_execute        fds.o
    0x0002b0c8   0x0002b0c8   0x0000004c   Code   RO         5443    i.gc_next_page      fds.o
    0x0002b114   0x0002b114   0x00000040   Code   RO         5444    i.gc_page_erase     fds.o
    0x0002b154   0x0002b154   0x00000034   Code   RO         5445    i.gc_record_copy    fds.o
    0x0002b188   0x0002b188   0x00000024   Code   RO         5446    i.gc_record_find_next  fds.o
    0x0002b1ac   0x0002b1ac   0x00000070   Code   RO         5447    i.gc_state_advance  fds.o
    0x0002b21c   0x0002b21c   0x00000030   Code   RO         5448    i.gc_swap_pages     fds.o
    0x0002b24c   0x0002b24c   0x00000230   Code   RO         1509    i.gcm_ble_evt_handler  gatt_cache_manager.o
    0x0002b47c   0x0002b47c   0x0000003c   Code   RO         1510    i.gcm_im_evt_handler  gatt_cache_manager.o
    0x0002b4b8   0x0002b4b8   0x00000094   Code   RO         1511    i.gcm_init          gatt_cache_manager.o
    0x0002b54c   0x0002b54c   0x00000088   Code   RO         1514    i.gcm_pdb_evt_handler  gatt_cache_manager.o
    0x0002b5d4   0x0002b5d4   0x00000034   Code   RO         5018    i.get_now           app_timer2.o
    0x0002b608   0x0002b608   0x0000003c   Code   RO         4756    i.gpiote_event_handler  app_button.o
    0x0002b644   0x0002b644   0x0000001c   Code   RO         1693    i.gscm_db_change_notification_done  gatts_cache_manager.o
    0x0002b660   0x0002b660   0x00000014   Code   RO         1694    i.gscm_init         gatts_cache_manager.o
    0x0002b674   0x0002b674   0x00000090   Code   RO         1696    i.gscm_local_db_cache_apply  gatts_cache_manager.o
    0x0002b704   0x0002b704   0x00000148   Code   RO         1697    i.gscm_local_db_cache_update  gatts_cache_manager.o
    0x0002b84c   0x0002b84c   0x00000018   Code   RO         1698    i.gscm_pdb_evt_handler  gatts_cache_manager.o
    0x0002b864   0x0002b864   0x0000001e   Code   RO         1699    i.gscm_service_changed_ind_needed  gatts_cache_manager.o
    0x0002b882   0x0002b882   0x00000002   PAD
    0x0002b884   0x0002b884   0x0000005c   Code   RO         1700    i.gscm_service_changed_ind_send  gatts_cache_manager.o
    0x0002b8e0   0x0002b8e0   0x0000002c   Code   RO         5449    i.header_check      fds.o
    0x0002b90c   0x0002b90c   0x00000012   Code   RO         5450    i.header_has_next   fds.o
    0x0002b91e   0x0002b91e   0x00000062   Code   RO         3349    i.hid_information_char_add  ble_hids.o
    0x0002b980   0x0002b980   0x000000d0   Code   RO           13    i.hids_init         main.o
    0x0002ba50   0x0002ba50   0x00000030   Code   RO           14    i.identities_set    main.o
    0x0002ba80   0x0002ba80   0x00000046   Code   RO         1789    i.im_address_resolve  id_manager.o
    0x0002bac6   0x0002bac6   0x00000002   PAD
    0x0002bac8   0x0002bac8   0x00000038   Code   RO         1790    i.im_ble_addr_get   id_manager.o
    0x0002bb00   0x0002bb00   0x000000dc   Code   RO         1791    i.im_ble_evt_handler  id_manager.o
    0x0002bbdc   0x0002bbdc   0x00000040   Code   RO         1792    i.im_conn_handle_get  id_manager.o
    0x0002bc1c   0x0002bc1c   0x000000ec   Code   RO         1793    i.im_device_identities_list_set  id_manager.o
    0x0002bd08   0x0002bd08   0x00000038   Code   RO         1794    i.im_find_duplicate_bonding_data  id_manager.o
    0x0002bd40   0x0002bd40   0x00000072   Code   RO         1797    i.im_is_duplicate_bonding_data  id_manager.o
    0x0002bdb2   0x0002bdb2   0x00000018   Code   RO         1798    i.im_master_id_is_valid  id_manager.o
    0x0002bdca   0x0002bdca   0x0000002a   Code   RO         1799    i.im_master_ids_compare  id_manager.o
    0x0002bdf4   0x0002bdf4   0x00000014   Code   RO         1800    i.im_new_peer_id    id_manager.o
    0x0002be08   0x0002be08   0x0000002c   Code   RO         1801    i.im_peer_free      id_manager.o
    0x0002be34   0x0002be34   0x00000024   Code   RO         1802    i.im_peer_id_get_by_conn_handle  id_manager.o
    0x0002be58   0x0002be58   0x0000003c   Code   RO         1803    i.im_peer_id_get_by_master_id  id_manager.o
    0x0002be94   0x0002be94   0x00000038   Code   RO         1806    i.im_whitelist_get  id_manager.o
    0x0002becc   0x0002becc   0x00000074   Code   RO         1807    i.im_whitelist_set  id_manager.o
    0x0002bf40   0x0002bf40   0x00000034   Code   RO         6263    i.init              nrf_fstorage_sd.o
    0x0002bf74   0x0002bf74   0x000000c4   Code   RO         5451    i.init_execute      fds.o
    0x0002c038   0x0002c038   0x0000006c   Code   RO         3350    i.inp_rep_characteristics_add  ble_hids.o
    0x0002c0a4   0x0002c0a4   0x00000014   Code   RO         1148    i.instance_get      ble_conn_params.o
    0x0002c0b8   0x0002c0b8   0x000000a6   Code   RO         6135    i.int_print         nrf_fprintf_format.o
    0x0002c15e   0x0002c15e   0x00000002   PAD
    0x0002c160   0x0002c160   0x00000088   Code   RO         4580    i.interrupts_enable  nrfx_uarte.o
    0x0002c1e8   0x0002c1e8   0x00000034   Code   RO         6916    i.invalid_packets_omit  nrf_log_frontend.o
    0x0002c21c   0x0002c21c   0x00000010   Code   RO         6264    i.is_busy           nrf_fstorage_sd.o
    0x0002c22c   0x0002c22c   0x00000044   Code   RO         1149    i.is_conn_params_ok  ble_conn_params.o
    0x0002c270   0x0002c270   0x00000014   Code   RO         1808    i.is_valid_irk      id_manager.o
    0x0002c284   0x0002c284   0x0000000c   Code   RO         5452    i.is_word_aligned   fds.o
    0x0002c290   0x0002c290   0x00000030   Code   RO          607    i.leds_off          bsp.o
    0x0002c2c0   0x0002c2c0   0x00000014   Code   RO          608    i.leds_timer_handler  bsp.o
    0x0002c2d4   0x0002c2d4   0x00000014   Code   RO         1960    i.link_init         nrf_ble_gatt.o
    0x0002c2e8   0x0002c2e8   0x000000d0   Code   RO         3064    i.link_secure       security_manager.o
    0x0002c3b8   0x0002c3b8   0x0000003c   Code   RO         2925    i.link_secure_failure  security_dispatcher.o
    0x0002c3f4   0x0002c3f4   0x0000002c   Code   RO         3065    i.link_secure_pending_handle  security_manager.o
    0x0002c420   0x0002c420   0x000000a8   Code   RO         1515    i.local_db_apply_in_evt  gatt_cache_manager.o
    0x0002c4c8   0x0002c4c8   0x00000010   Code   RO         1516    i.local_db_update   gatt_cache_manager.o
    0x0002c4d8   0x0002c4d8   0x00000114   Code   RO         1517    i.local_db_update_in_evt  gatt_cache_manager.o
    0x0002c5ec   0x0002c5ec   0x00000002   Code   RO         6917    i.log_pending_hook  nrf_log_frontend.o
    0x0002c5ee   0x0002c5ee   0x00000002   PAD
    0x0002c5f0   0x0002c5f0   0x000000a4   Code   RO         6918    i.log_skip          nrf_log_frontend.o
    0x0002c694   0x0002c694   0x0000018c   Code   RO           15    i.main              main.o
    0x0002c820   0x0002c820   0x00000012   Code   RO         3351    i.make_char_id      ble_hids.o
    0x0002c832   0x0002c832   0x00000064   Code   RO          882    i.manuf_specific_data_encode  ble_advdata.o
    0x0002c896   0x0002c896   0x0000007e   Code   RO         6373    i.memobj_op         nrf_memobj.o
    0x0002c914   0x0002c914   0x00000030   Code   RO         6919    i.module_idx_get    nrf_log_frontend.o
    0x0002c944   0x0002c944   0x0000008c   Code   RO           16    i.mouse_movement_send  main.o
    0x0002c9d0   0x0002c9d0   0x00000008   Code   RO         2872    i.mutex_lock_status_get  pm_buffer.o
    0x0002c9d8   0x0002c9d8   0x000000a6   Code   RO          883    i.name_encode       ble_advdata.o
    0x0002ca7e   0x0002ca7e   0x00000002   PAD
    0x0002ca80   0x0002ca80   0x00000014   Code   RO         3066    i.new_context_get   security_manager.o
    0x0002ca94   0x0002ca94   0x00000032   Code   RO         3067    i.new_evt           security_manager.o
    0x0002cac6   0x0002cac6   0x00000030   Code   RO         2368    i.next_id_get       peer_id.o
    0x0002caf6   0x0002caf6   0x00000010   Code   RO         5788    i.nrf_atfifo_clear  nrf_atfifo.o
    0x0002cb06   0x0002cb06   0x00000026   Code   RO         5790    i.nrf_atfifo_init   nrf_atfifo.o
    0x0002cb2c   0x0002cb2c   0x00000016   Code   RO         5791    i.nrf_atfifo_item_alloc  nrf_atfifo.o
    0x0002cb42   0x0002cb42   0x00000016   Code   RO         5792    i.nrf_atfifo_item_free  nrf_atfifo.o
    0x0002cb58   0x0002cb58   0x00000016   Code   RO         5793    i.nrf_atfifo_item_get  nrf_atfifo.o
    0x0002cb6e   0x0002cb6e   0x00000016   Code   RO         5794    i.nrf_atfifo_item_put  nrf_atfifo.o
    0x0002cb84   0x0002cb84   0x00000016   Code   RO         5856    i.nrf_atflags_clear  nrf_atflags.o
    0x0002cb9a   0x0002cb9a   0x00000020   Code   RO         5858    i.nrf_atflags_fetch_set  nrf_atflags.o
    0x0002cbba   0x0002cbba   0x0000004a   Code   RO         5860    i.nrf_atflags_find_and_set_flag  nrf_atflags.o
    0x0002cc04   0x0002cc04   0x00000016   Code   RO         5861    i.nrf_atflags_get   nrf_atflags.o
    0x0002cc1a   0x0002cc1a   0x00000014   Code   RO         5863    i.nrf_atflags_set   nrf_atflags.o
    0x0002cc2e   0x0002cc2e   0x00000006   Code   RO         5924    i.nrf_atomic_flag_clear_fetch  nrf_atomic.o
    0x0002cc34   0x0002cc34   0x00000006   Code   RO         5925    i.nrf_atomic_flag_set  nrf_atomic.o
    0x0002cc3a   0x0002cc3a   0x00000006   Code   RO         5926    i.nrf_atomic_flag_set_fetch  nrf_atomic.o
    0x0002cc40   0x0002cc40   0x0000000c   Code   RO         5927    i.nrf_atomic_u32_add  nrf_atomic.o
    0x0002cc4c   0x0002cc4c   0x0000000c   Code   RO         5928    i.nrf_atomic_u32_and  nrf_atomic.o
    0x0002cc58   0x0002cc58   0x0000000a   Code   RO         5930    i.nrf_atomic_u32_fetch_add  nrf_atomic.o
    0x0002cc62   0x0002cc62   0x0000000a   Code   RO         5931    i.nrf_atomic_u32_fetch_and  nrf_atomic.o
    0x0002cc6c   0x0002cc6c   0x0000000a   Code   RO         5932    i.nrf_atomic_u32_fetch_or  nrf_atomic.o
    0x0002cc76   0x0002cc76   0x0000000a   Code   RO         5933    i.nrf_atomic_u32_fetch_store  nrf_atomic.o
    0x0002cc80   0x0002cc80   0x0000000c   Code   RO         5937    i.nrf_atomic_u32_or  nrf_atomic.o
    0x0002cc8c   0x0002cc8c   0x0000000c   Code   RO         5939    i.nrf_atomic_u32_sub  nrf_atomic.o
    0x0002cc98   0x0002cc98   0x00000044   Code   RO         6058    i.nrf_balloc_alloc  nrf_balloc.o
    0x0002ccdc   0x0002ccdc   0x00000030   Code   RO         6059    i.nrf_balloc_free   nrf_balloc.o
    0x0002cd0c   0x0002cd0c   0x00000030   Code   RO         6060    i.nrf_balloc_init   nrf_balloc.o
    0x0002cd3c   0x0002cd3c   0x00000010   Code   RO         4006    i.nrf_bitmask_bit_is_set  nrfx_gpiote.o
    0x0002cd4c   0x0002cd4c   0x00000022   Code   RO         1966    i.nrf_ble_gatt_init  nrf_ble_gatt.o
    0x0002cd6e   0x0002cd6e   0x00000002   PAD
    0x0002cd70   0x0002cd70   0x00000150   Code   RO         1967    i.nrf_ble_gatt_on_ble_evt  nrf_ble_gatt.o
    0x0002cec0   0x0002cec0   0x00000016   Code   RO         2061    i.nrf_ble_qwr_conn_handle_assign  nrf_ble_qwr.o
    0x0002ced6   0x0002ced6   0x00000024   Code   RO         2062    i.nrf_ble_qwr_init  nrf_ble_qwr.o
    0x0002cefa   0x0002cefa   0x000000b6   Code   RO         2063    i.nrf_ble_qwr_on_ble_evt  nrf_ble_qwr.o
    0x0002cfb0   0x0002cfb0   0x0000000e   Code   RO         3864    i.nrf_clock_event_check  nrfx_clock.o
    0x0002cfbe   0x0002cfbe   0x00000010   Code   RO         3865    i.nrf_clock_event_clear  nrfx_clock.o
    0x0002cfce   0x0002cfce   0x00000002   PAD
    0x0002cfd0   0x0002cfd0   0x00000040   Code   RO         3478    i.nrf_drv_clock_init  nrf_drv_clock.o
    0x0002d010   0x0002d010   0x00000034   Code   RO         3482    i.nrf_drv_clock_lfclk_release  nrf_drv_clock.o
    0x0002d044   0x0002d044   0x00000068   Code   RO         3672    i.nrf_drv_uart_init  nrf_drv_uart.o
    0x0002d0ac   0x0002d0ac   0x0000001a   Code   RO         6095    i.nrf_fprintf       nrf_fprintf.o
    0x0002d0c6   0x0002d0c6   0x00000018   Code   RO         6096    i.nrf_fprintf_buffer_flush  nrf_fprintf.o
    0x0002d0de   0x0002d0de   0x000001da   Code   RO         6136    i.nrf_fprintf_fmt   nrf_fprintf_format.o
    0x0002d2b8   0x0002d2b8   0x00000138   Code   RO         6176    i.nrf_fstorage_erase  nrf_fstorage.o
    0x0002d3f0   0x0002d3f0   0x00000094   Code   RO         6177    i.nrf_fstorage_init  nrf_fstorage.o
    0x0002d484   0x0002d484   0x00000018   Code   RO         6265    i.nrf_fstorage_sdh_req_handler  nrf_fstorage_sd.o
    0x0002d49c   0x0002d49c   0x00000020   Code   RO         6266    i.nrf_fstorage_sdh_state_handler  nrf_fstorage_sd.o
    0x0002d4bc   0x0002d4bc   0x000000a4   Code   RO         6267    i.nrf_fstorage_sys_evt_handler  nrf_fstorage_sd.o
    0x0002d560   0x0002d560   0x000001dc   Code   RO         6183    i.nrf_fstorage_write  nrf_fstorage.o
    0x0002d73c   0x0002d73c   0x00000032   Code   RO          489    i.nrf_gpio_cfg      boards.o
    0x0002d76e   0x0002d76e   0x00000032   Code   RO         4007    i.nrf_gpio_cfg      nrfx_gpiote.o
    0x0002d7a0   0x0002d7a0   0x00000032   Code   RO         4382    i.nrf_gpio_cfg      nrfx_uart.o
    0x0002d7d2   0x0002d7d2   0x00000032   Code   RO         4581    i.nrf_gpio_cfg      nrfx_uarte.o
    0x0002d804   0x0002d804   0x00000012   Code   RO         4383    i.nrf_gpio_cfg_default  nrfx_uart.o
    0x0002d816   0x0002d816   0x00000012   Code   RO         4582    i.nrf_gpio_cfg_default  nrfx_uarte.o
    0x0002d828   0x0002d828   0x00000012   Code   RO         4384    i.nrf_gpio_cfg_input  nrfx_uart.o
    0x0002d83a   0x0002d83a   0x00000012   Code   RO         4583    i.nrf_gpio_cfg_input  nrfx_uarte.o
    0x0002d84c   0x0002d84c   0x00000014   Code   RO         4385    i.nrf_gpio_cfg_output  nrfx_uart.o
    0x0002d860   0x0002d860   0x00000014   Code   RO         4584    i.nrf_gpio_cfg_output  nrfx_uarte.o
    0x0002d874   0x0002d874   0x00000030   Code   RO         4009    i.nrf_gpio_cfg_sense_set  nrfx_gpiote.o
    0x0002d8a4   0x0002d8a4   0x00000030   Code   RO         4010    i.nrf_gpio_latches_read_and_clear  nrfx_gpiote.o
    0x0002d8d4   0x0002d8d4   0x0000001c   Code   RO          490    i.nrf_gpio_pin_port_decode  boards.o
    0x0002d8f0   0x0002d8f0   0x0000001c   Code   RO         4012    i.nrf_gpio_pin_port_decode  nrfx_gpiote.o
    0x0002d90c   0x0002d90c   0x0000001c   Code   RO         4386    i.nrf_gpio_pin_port_decode  nrfx_uart.o
    0x0002d928   0x0002d928   0x0000001c   Code   RO         4585    i.nrf_gpio_pin_port_decode  nrfx_uarte.o
    0x0002d944   0x0002d944   0x0000002c   Code   RO         4013    i.nrf_gpio_pin_present_check  nrfx_gpiote.o
    0x0002d970   0x0002d970   0x00000016   Code   RO         4014    i.nrf_gpio_pin_read  nrfx_gpiote.o
    0x0002d986   0x0002d986   0x00000014   Code   RO         4387    i.nrf_gpio_pin_set  nrfx_uart.o
    0x0002d99a   0x0002d99a   0x00000014   Code   RO         4586    i.nrf_gpio_pin_set  nrfx_uarte.o
    0x0002d9ae   0x0002d9ae   0x00000026   Code   RO          491    i.nrf_gpio_pin_write  boards.o
    0x0002d9d4   0x0002d9d4   0x00000014   Code   RO         4016    i.nrf_gpiote_event_clear  nrfx_gpiote.o
    0x0002d9e8   0x0002d9e8   0x00000010   Code   RO         4017    i.nrf_gpiote_event_is_set  nrfx_gpiote.o
    0x0002d9f8   0x0002d9f8   0x0000005c   Code   RO         6920    i.nrf_log_backend_add  nrf_log_frontend.o
    0x0002da54   0x0002da54   0x000000c8   Code   RO         6761    i.nrf_log_backend_serial_put  nrf_log_backend_serial.o
    0x0002db1c   0x0002db1c   0x00000002   Code   RO         6801    i.nrf_log_backend_uart_flush  nrf_log_backend_uart.o
    0x0002db1e   0x0002db1e   0x00000006   Code   RO         6802    i.nrf_log_backend_uart_init  nrf_log_backend_uart.o
    0x0002db24   0x0002db24   0x0000002c   Code   RO         6803    i.nrf_log_backend_uart_panic_set  nrf_log_backend_uart.o
    0x0002db50   0x0002db50   0x00000018   Code   RO         6804    i.nrf_log_backend_uart_put  nrf_log_backend_uart.o
    0x0002db68   0x0002db68   0x00000030   Code   RO         6922    i.nrf_log_color_id_get  nrf_log_frontend.o
    0x0002db98   0x0002db98   0x0000001c   Code   RO         6874    i.nrf_log_default_backends_init  nrf_log_default_backends.o
    0x0002dbb4   0x0002dbb4   0x00000238   Code   RO         6923    i.nrf_log_frontend_dequeue  nrf_log_frontend.o
    0x0002ddec   0x0002ddec   0x00000008   Code   RO         6925    i.nrf_log_frontend_std_0  nrf_log_frontend.o
    0x0002ddf4   0x0002ddf4   0x0000000e   Code   RO         6926    i.nrf_log_frontend_std_1  nrf_log_frontend.o
    0x0002de02   0x0002de02   0x00000010   Code   RO         6927    i.nrf_log_frontend_std_2  nrf_log_frontend.o
    0x0002de12   0x0002de12   0x00000012   Code   RO         6928    i.nrf_log_frontend_std_3  nrf_log_frontend.o
    0x0002de24   0x0002de24   0x00000014   Code   RO         6929    i.nrf_log_frontend_std_4  nrf_log_frontend.o
    0x0002de38   0x0002de38   0x000000b0   Code   RO         7106    i.nrf_log_hexdump_entry_process  nrf_log_str_formatter.o
    0x0002dee8   0x0002dee8   0x00000028   Code   RO         6932    i.nrf_log_init      nrf_log_frontend.o
    0x0002df10   0x0002df10   0x00000014   Code   RO         6933    i.nrf_log_module_cnt_get  nrf_log_frontend.o
    0x0002df24   0x0002df24   0x0000001c   Code   RO         6936    i.nrf_log_module_name_get  nrf_log_frontend.o
    0x0002df40   0x0002df40   0x00000028   Code   RO         6937    i.nrf_log_panic     nrf_log_frontend.o
    0x0002df68   0x0002df68   0x000000b6   Code   RO         7107    i.nrf_log_std_entry_process  nrf_log_str_formatter.o
    0x0002e01e   0x0002e01e   0x00000060   Code   RO         6374    i.nrf_memobj_alloc  nrf_memobj.o
    0x0002e07e   0x0002e07e   0x00000032   Code   RO         6375    i.nrf_memobj_free   nrf_memobj.o
    0x0002e0b0   0x0002e0b0   0x00000008   Code   RO         6376    i.nrf_memobj_get    nrf_memobj.o
    0x0002e0b8   0x0002e0b8   0x00000004   Code   RO         6377    i.nrf_memobj_pool_init  nrf_memobj.o
    0x0002e0bc   0x0002e0bc   0x0000001e   Code   RO         6378    i.nrf_memobj_put    nrf_memobj.o
    0x0002e0da   0x0002e0da   0x00000010   Code   RO         6379    i.nrf_memobj_read   nrf_memobj.o
    0x0002e0ea   0x0002e0ea   0x00000010   Code   RO         6380    i.nrf_memobj_write  nrf_memobj.o
    0x0002e0fa   0x0002e0fa   0x00000002   PAD
    0x0002e0fc   0x0002e0fc   0x00000028   Code   RO         6452    i.nrf_pwr_mgmt_init  nrf_pwr_mgmt.o
    0x0002e124   0x0002e124   0x00000044   Code   RO         6453    i.nrf_pwr_mgmt_run  nrf_pwr_mgmt.o
    0x0002e168   0x0002e168   0x00000004   Code   RO           17    i.nrf_qwr_error_handler  main.o
    0x0002e16c   0x0002e16c   0x0000001c   Code   RO         6529    i.nrf_ringbuf_init  nrf_ringbuf.o
    0x0002e188   0x0002e188   0x0000000c   Code   RO         5271    i.nrf_rtc_event_clear  drv_rtc.o
    0x0002e194   0x0002e194   0x00000014   Code   RO         7646    i.nrf_sdh_ble_app_ram_start_get  nrf_sdh_ble.o
    0x0002e1a8   0x0002e1a8   0x00000100   Code   RO         7647    i.nrf_sdh_ble_default_cfg_set  nrf_sdh_ble.o
    0x0002e2a8   0x0002e2a8   0x00000130   Code   RO         7648    i.nrf_sdh_ble_enable  nrf_sdh_ble.o
    0x0002e3d8   0x0002e3d8   0x0000005c   Code   RO         7649    i.nrf_sdh_ble_evts_poll  nrf_sdh_ble.o
    0x0002e434   0x0002e434   0x00000054   Code   RO         7523    i.nrf_sdh_disable_request  nrf_sdh.o
    0x0002e488   0x0002e488   0x00000074   Code   RO         7524    i.nrf_sdh_enable_request  nrf_sdh.o
    0x0002e4fc   0x0002e4fc   0x00000024   Code   RO         7525    i.nrf_sdh_evts_poll  nrf_sdh.o
    0x0002e520   0x0002e520   0x0000000c   Code   RO         7526    i.nrf_sdh_is_enabled  nrf_sdh.o
    0x0002e52c   0x0002e52c   0x0000001c   Code   RO         7528    i.nrf_sdh_request_continue  nrf_sdh.o
    0x0002e548   0x0002e548   0x0000003c   Code   RO         7700    i.nrf_sdh_soc_evts_poll  nrf_sdh_soc.o
    0x0002e584   0x0002e584   0x0000000a   Code   RO         6587    i.nrf_section_iter_init  nrf_section_iter.o
    0x0002e58e   0x0002e58e   0x00000024   Code   RO         6588    i.nrf_section_iter_item_set  nrf_section_iter.o
    0x0002e5b2   0x0002e5b2   0x00000020   Code   RO         6589    i.nrf_section_iter_next  nrf_section_iter.o
    0x0002e5d2   0x0002e5d2   0x00000022   Code   RO         6622    i.nrf_sortlist_add  nrf_sortlist.o
    0x0002e5f4   0x0002e5f4   0x00000006   Code   RO         6624    i.nrf_sortlist_peek  nrf_sortlist.o
    0x0002e5fa   0x0002e5fa   0x0000000e   Code   RO         6625    i.nrf_sortlist_pop  nrf_sortlist.o
    0x0002e608   0x0002e608   0x0000001e   Code   RO         6626    i.nrf_sortlist_remove  nrf_sortlist.o
    0x0002e626   0x0002e626   0x00000002   PAD
    0x0002e628   0x0002e628   0x00000038   Code   RO         6678    i.nrf_strerror_find  nrf_strerror.o
    0x0002e660   0x0002e660   0x00000014   Code   RO         6679    i.nrf_strerror_get  nrf_strerror.o
    0x0002e674   0x0002e674   0x0000000a   Code   RO         4388    i.nrf_uart_event_check  nrfx_uart.o
    0x0002e67e   0x0002e67e   0x0000000c   Code   RO         4389    i.nrf_uart_event_clear  nrfx_uart.o
    0x0002e68a   0x0002e68a   0x0000000c   Code   RO         4390    i.nrf_uart_int_enable_check  nrfx_uart.o
    0x0002e696   0x0002e696   0x0000000a   Code   RO         4587    i.nrf_uarte_event_check  nrfx_uarte.o
    0x0002e6a0   0x0002e6a0   0x0000000c   Code   RO         4588    i.nrf_uarte_event_clear  nrfx_uarte.o
    0x0002e6ac   0x0002e6ac   0x00000010   Code   RO         3485    i.nrf_wdt_started   nrf_drv_clock.o
    0x0002e6bc   0x0002e6bc   0x0000002c   Code   RO         3870    i.nrfx_clock_enable  nrfx_clock.o
    0x0002e6e8   0x0002e6e8   0x00000020   Code   RO         3873    i.nrfx_clock_init   nrfx_clock.o
    0x0002e708   0x0002e708   0x00000030   Code   RO         3876    i.nrfx_clock_lfclk_stop  nrfx_clock.o
    0x0002e738   0x0002e738   0x00000010   Code   RO         5272    i.nrfx_coredep_delay_us  drv_rtc.o
    0x0002e748   0x0002e748   0x00000098   Code   RO         4023    i.nrfx_gpiote_in_event_enable  nrfx_gpiote.o
    0x0002e7e0   0x0002e7e0   0x000000d0   Code   RO         4025    i.nrfx_gpiote_in_init  nrfx_gpiote.o
    0x0002e8b0   0x0002e8b0   0x0000000e   Code   RO         4026    i.nrfx_gpiote_in_is_set  nrfx_gpiote.o
    0x0002e8be   0x0002e8be   0x00000002   PAD
    0x0002e8c0   0x0002e8c0   0x00000078   Code   RO         4028    i.nrfx_gpiote_init  nrfx_gpiote.o
    0x0002e938   0x0002e938   0x00000014   Code   RO         4029    i.nrfx_gpiote_is_init  nrfx_gpiote.o
    0x0002e94c   0x0002e94c   0x00000010   Code   RO         4589    i.nrfx_is_in_ram    nrfx_uarte.o
    0x0002e95c   0x0002e95c   0x0000003a   Code   RO         4328    i.nrfx_prs_acquire  nrfx_prs.o
    0x0002e996   0x0002e996   0x00000012   Code   RO         4329    i.nrfx_prs_release  nrfx_prs.o
    0x0002e9a8   0x0002e9a8   0x00000010   Code   RO         4391    i.nrfx_uart_0_irq_handler  nrfx_uart.o
    0x0002e9b8   0x0002e9b8   0x000000d4   Code   RO         4393    i.nrfx_uart_init    nrfx_uart.o
    0x0002ea8c   0x0002ea8c   0x000000a8   Code   RO         4399    i.nrfx_uart_tx      nrfx_uart.o
    0x0002eb34   0x0002eb34   0x00000020   Code   RO         4401    i.nrfx_uart_tx_in_progress  nrfx_uart.o
    0x0002eb54   0x0002eb54   0x000000c0   Code   RO         4402    i.nrfx_uart_uninit  nrfx_uart.o
    0x0002ec14   0x0002ec14   0x00000010   Code   RO         4590    i.nrfx_uarte_0_irq_handler  nrfx_uarte.o
    0x0002ec24   0x0002ec24   0x0000006c   Code   RO         4592    i.nrfx_uarte_init   nrfx_uarte.o
    0x0002ec90   0x0002ec90   0x000000ac   Code   RO         4596    i.nrfx_uarte_tx     nrfx_uarte.o
    0x0002ed3c   0x0002ed3c   0x0000001c   Code   RO         4598    i.nrfx_uarte_tx_in_progress  nrfx_uarte.o
    0x0002ed58   0x0002ed58   0x00000108   Code   RO         4599    i.nrfx_uarte_uninit  nrfx_uarte.o
    0x0002ee60   0x0002ee60   0x00000018   Code   RO         7744    i.nvmc_config       system_nrf52.o
    0x0002ee78   0x0002ee78   0x000001b4   Code   RO           18    i.on_adv_evt        main.o
    0x0002f02c   0x0002f02c   0x000000ac   Code   RO         3352    i.on_connect        ble_hids.o
    0x0002f0d8   0x0002f0d8   0x000000a8   Code   RO         1968    i.on_connected_evt  nrf_ble_gatt.o
    0x0002f180   0x0002f180   0x000000ac   Code   RO         1969    i.on_exchange_mtu_request_evt  nrf_ble_gatt.o
    0x0002f22c   0x0002f22c   0x00000020   Code   RO           19    i.on_hids_evt       main.o
    0x0002f24c   0x0002f24c   0x0000005e   Code   RO         3353    i.on_protocol_mode_read_auth  ble_hids.o
    0x0002f2aa   0x0002f2aa   0x0000003c   Code   RO         3354    i.on_report_cccd_write  ble_hids.o
    0x0002f2e6   0x0002f2e6   0x00000084   Code   RO         3355    i.on_report_value_read_auth  ble_hids.o
    0x0002f36a   0x0002f36a   0x00000076   Code   RO         3356    i.on_report_value_write  ble_hids.o
    0x0002f3e0   0x0002f3e0   0x000000ce   Code   RO         3357    i.on_rw_authorize_request  ble_hids.o
    0x0002f4ae   0x0002f4ae   0x00000002   PAD
    0x0002f4b0   0x0002f4b0   0x000001a8   Code   RO         3358    i.on_write          ble_hids.o
    0x0002f658   0x0002f658   0x00000024   Code   RO         5453    i.page_identify     fds.o
    0x0002f67c   0x0002f67c   0x0000001c   Code   RO         5454    i.page_offsets_update  fds.o
    0x0002f698   0x0002f698   0x0000006c   Code   RO         5455    i.page_scan         fds.o
    0x0002f704   0x0002f704   0x0000001c   Code   RO         5456    i.page_tag_write_data  fds.o
    0x0002f720   0x0002f720   0x00000024   Code   RO         5457    i.page_tag_write_swap  fds.o
    0x0002f744   0x0002f744   0x00000130   Code   RO         5458    i.pages_init        fds.o
    0x0002f874   0x0002f874   0x0000000c   Code   RO         2926    i.pairing           security_dispatcher.o
    0x0002f880   0x0002f880   0x00000074   Code   RO         2927    i.pairing_failure   security_dispatcher.o
    0x0002f8f4   0x0002f8f4   0x0000002e   Code   RO         2928    i.pairing_success_evt_send  security_dispatcher.o
    0x0002f922   0x0002f922   0x00000006   Code   RO         3068    i.params_reply_pending_handle  security_manager.o
    0x0002f928   0x0002f928   0x00000020   Code   RO         3069    i.params_req_send   security_manager.o
    0x0002f948   0x0002f948   0x0000001c   Code   RO         2248    i.pdb_evt_send      peer_database.o
    0x0002f964   0x0002f964   0x00000090   Code   RO         2249    i.pdb_init          peer_database.o
    0x0002f9f4   0x0002f9f4   0x0000007c   Code   RO         2250    i.pdb_pds_evt_handler  peer_database.o
    0x0002fa70   0x0002fa70   0x00000006   Code   RO         2251    i.pdb_peer_data_ptr_get  peer_database.o
    0x0002fa76   0x0002fa76   0x00000002   PAD
    0x0002fa78   0x0002fa78   0x0000008c   Code   RO         2252    i.pdb_peer_free     peer_database.o
    0x0002fb04   0x0002fb04   0x000000dc   Code   RO         2253    i.pdb_write_buf_get  peer_database.o
    0x0002fbe0   0x0002fbe0   0x00000014   Code   RO         2254    i.pdb_write_buf_release  peer_database.o
    0x0002fbf4   0x0002fbf4   0x00000036   Code   RO         2255    i.pdb_write_buf_store  peer_database.o
    0x0002fc2a   0x0002fc2a   0x00000002   PAD
    0x0002fc2c   0x0002fc2c   0x00000010   Code   RO         2107    i.pds_evt_send      peer_data_storage.o
    0x0002fc3c   0x0002fc3c   0x000000dc   Code   RO         2108    i.pds_init          peer_data_storage.o
    0x0002fd18   0x0002fd18   0x00000004   Code   RO         2109    i.pds_next_deleted_peer_id_get  peer_data_storage.o
    0x0002fd1c   0x0002fd1c   0x00000004   Code   RO         2110    i.pds_next_peer_id_get  peer_data_storage.o
    0x0002fd20   0x0002fd20   0x00000058   Code   RO         2113    i.pds_peer_data_iterate  peer_data_storage.o
    0x0002fd78   0x0002fd78   0x00000010   Code   RO         2114    i.pds_peer_data_iterate_prepare  peer_data_storage.o
    0x0002fd88   0x0002fd88   0x00000072   Code   RO         2115    i.pds_peer_data_read  peer_data_storage.o
    0x0002fdfa   0x0002fdfa   0x00000002   PAD
    0x0002fdfc   0x0002fdfc   0x000000b4   Code   RO         2116    i.pds_peer_data_store  peer_data_storage.o
    0x0002feb0   0x0002feb0   0x00000008   Code   RO         2117    i.pds_peer_id_allocate  peer_data_storage.o
    0x0002feb8   0x0002feb8   0x00000016   Code   RO         2118    i.pds_peer_id_free  peer_data_storage.o
    0x0002fece   0x0002fece   0x00000004   Code   RO         2119    i.pds_peer_id_is_allocated  peer_data_storage.o
    0x0002fed2   0x0002fed2   0x00000004   Code   RO         2120    i.pds_peer_id_is_deleted  peer_data_storage.o
    0x0002fed6   0x0002fed6   0x00000002   PAD
    0x0002fed8   0x0002fed8   0x000000a8   Code   RO         2121    i.peer_data_delete_process  peer_data_storage.o
    0x0002ff80   0x0002ff80   0x00000030   Code   RO         2122    i.peer_data_find    peer_data_storage.o
    0x0002ffb0   0x0002ffb0   0x00000024   Code   RO         2123    i.peer_data_id_is_valid  peer_data_storage.o
    0x0002ffd4   0x0002ffd4   0x0000001a   Code   RO         2256    i.peer_data_point_to_buffer  peer_database.o
    0x0002ffee   0x0002ffee   0x00000002   PAD
    0x0002fff0   0x0002fff0   0x0000000c   Code   RO         2369    i.peer_id_allocate  peer_id.o
    0x0002fffc   0x0002fffc   0x00000024   Code   RO         2370    i.peer_id_delete    peer_id.o
    0x00030020   0x00030020   0x0000001c   Code   RO         2371    i.peer_id_free      peer_id.o
    0x0003003c   0x0003003c   0x0000000c   Code   RO         2372    i.peer_id_get_next_deleted  peer_id.o
    0x00030048   0x00030048   0x00000030   Code   RO         2373    i.peer_id_get_next_used  peer_id.o
    0x00030078   0x00030078   0x0000000c   Code   RO         2374    i.peer_id_init      peer_id.o
    0x00030084   0x00030084   0x00000014   Code   RO         2375    i.peer_id_is_allocated  peer_id.o
    0x00030098   0x00030098   0x00000014   Code   RO         2376    i.peer_id_is_deleted  peer_id.o
    0x000300ac   0x000300ac   0x0000006c   Code   RO           20    i.peer_manager_init  main.o
    0x00030118   0x00030118   0x000000c0   Code   RO         1809    i.peers_id_keys_get  id_manager.o
    0x000301d8   0x000301d8   0x00000016   Code   RO         1024    i.phy_is_valid      ble_advertising.o
    0x000301ee   0x000301ee   0x00000002   PAD
    0x000301f0   0x000301f0   0x0000001c   Code   RO         4047    i.pin_configured_set  nrfx_gpiote.o
    0x0003020c   0x0003020c   0x00000018   Code   RO         4048    i.pin_in_use_by_port  nrfx_gpiote.o
    0x00030224   0x00030224   0x00000018   Code   RO         4049    i.pin_in_use_by_te  nrfx_gpiote.o
    0x0003023c   0x0003023c   0x00000064   Code   RO         2873    i.pm_buffer_block_acquire  pm_buffer.o
    0x000302a0   0x000302a0   0x00000024   Code   RO         2874    i.pm_buffer_init    pm_buffer.o
    0x000302c4   0x000302c4   0x00000028   Code   RO         2875    i.pm_buffer_ptr_get  pm_buffer.o
    0x000302ec   0x000302ec   0x00000032   Code   RO         2876    i.pm_buffer_release  pm_buffer.o
    0x0003031e   0x0003031e   0x00000002   PAD
    0x00030320   0x00030320   0x00000014   Code   RO         2464    i.pm_conn_sec_status_get  peer_manager.o
    0x00030334   0x00030334   0x0000001c   Code   RO         2465    i.pm_conn_secure    peer_manager.o
    0x00030350   0x00030350   0x00000014   Code   RO         2466    i.pm_device_identities_list_set  peer_manager.o
    0x00030364   0x00030364   0x000000a0   Code   RO           21    i.pm_evt_handler    main.o
    0x00030404   0x00030404   0x00000004   Code   RO         2467    i.pm_gcm_evt_handler  peer_manager.o
    0x00030408   0x00030408   0x00000004   Code   RO         2468    i.pm_gscm_evt_handler  peer_manager.o
    0x0003040c   0x0003040c   0x00000068   Code   RO         2775    i.pm_handler_disconnect_on_sec_failure  peer_manager_handler.o
    0x00030474   0x00030474   0x00000244   Code   RO         2776    i.pm_handler_flash_clean  peer_manager_handler.o
    0x000306b8   0x000306b8   0x0000001c   Code   RO         2777    i.pm_handler_flash_clean_on_return  peer_manager_handler.o
    0x000306d4   0x000306d4   0x00000054   Code   RO         2778    i.pm_handler_on_pm_evt  peer_manager_handler.o
    0x00030728   0x00030728   0x00000310   Code   RO         2779    i.pm_handler_pm_evt_log  peer_manager_handler.o
    0x00030a38   0x00030a38   0x00000004   Code   RO         2471    i.pm_im_evt_handler  peer_manager.o
    0x00030a3c   0x00030a3c   0x000001c0   Code   RO         2472    i.pm_init           peer_manager.o
    0x00030bfc   0x00030bfc   0x00000028   Code   RO         2475    i.pm_next_peer_id_get  peer_manager.o
    0x00030c24   0x00030c24   0x00000118   Code   RO         2476    i.pm_pdb_evt_handler  peer_manager.o
    0x00030d3c   0x00030d3c   0x00000012   Code   RO         2480    i.pm_peer_data_bonding_load  peer_manager.o
    0x00030d4e   0x00030d4e   0x00000002   PAD
    0x00030d50   0x00030d50   0x00000028   Code   RO         2483    i.pm_peer_data_load  peer_manager.o
    0x00030d78   0x00030d78   0x00000014   Code   RO         2487    i.pm_peer_delete    peer_manager.o
    0x00030d8c   0x00030d8c   0x00000110   Code   RO         2489    i.pm_peer_id_list   peer_manager.o
    0x00030e9c   0x00030e9c   0x0000011c   Code   RO         2491    i.pm_peer_rank_highest  peer_manager.o
    0x00030fb8   0x00030fb8   0x000000e8   Code   RO         2492    i.pm_peer_ranks_get  peer_manager.o
    0x000310a0   0x000310a0   0x00000094   Code   RO         2493    i.pm_peers_delete   peer_manager.o
    0x00031134   0x00031134   0x0000002c   Code   RO         2496    i.pm_register       peer_manager.o
    0x00031160   0x00031160   0x00000014   Code   RO         2498    i.pm_sec_params_set  peer_manager.o
    0x00031174   0x00031174   0x0000000a   Code   RO         2499    i.pm_sm_evt_handler  peer_manager.o
    0x0003117e   0x0003117e   0x00000002   PAD
    0x00031180   0x00031180   0x0000002c   Code   RO         2500    i.pm_whitelist_get  peer_manager.o
    0x000311ac   0x000311ac   0x00000014   Code   RO         2501    i.pm_whitelist_set  peer_manager.o
    0x000311c0   0x000311c0   0x00000034   Code   RO         3300    i.pnp_id_encode     ble_dis.o
    0x000311f4   0x000311f4   0x000000d0   Code   RO         4050    i.port_event_handle  nrfx_gpiote.o
    0x000312c4   0x000312c4   0x00000010   Code   RO         4051    i.port_handler_polarity_get  nrfx_gpiote.o
    0x000312d4   0x000312d4   0x0000003c   Code   RO         7109    i.postfix_process   nrf_log_str_formatter.o
    0x00031310   0x00031310   0x00000098   Code   RO         7110    i.prefix_process    nrf_log_str_formatter.o
    0x000313a8   0x000313a8   0x00000018   Code   RO         4330    i.prs_box_get       nrfx_prs.o
    0x000313c0   0x000313c0   0x0000001c   Code   RO         5459    i.queue_buf_get     fds.o
    0x000313dc   0x000313dc   0x00000010   Code   RO         5460    i.queue_buf_store   fds.o
    0x000313ec   0x000313ec   0x00000014   Code   RO         6268    i.queue_free        nrf_fstorage_sd.o
    0x00031400   0x00031400   0x000000a4   Code   RO         5461    i.queue_process     fds.o
    0x000314a4   0x000314a4   0x000000a0   Code   RO         6269    i.queue_process     nrf_fstorage_sd.o
    0x00031544   0x00031544   0x0000001c   Code   RO         5462    i.queue_start       fds.o
    0x00031560   0x00031560   0x00000024   Code   RO         6270    i.queue_start       nrf_fstorage_sd.o
    0x00031584   0x00031584   0x0000001c   Code   RO         2782    i.rank_highest      peer_manager_handler.o
    0x000315a0   0x000315a0   0x00000030   Code   RO         2502    i.rank_vars_update  peer_manager.o
    0x000315d0   0x000315d0   0x0000000e   Code   RO         6271    i.read              nrf_fstorage_sd.o
    0x000315de   0x000315de   0x00000002   PAD
    0x000315e0   0x000315e0   0x000000a8   Code   RO         2257    i.reattempt_previous_operations  peer_database.o
    0x00031688   0x00031688   0x00000090   Code   RO         5463    i.record_find       fds.o
    0x00031718   0x00031718   0x000000a0   Code   RO         5464    i.record_find_by_desc  fds.o
    0x000317b8   0x000317b8   0x0000005c   Code   RO         5465    i.record_find_next  fds.o
    0x00031814   0x00031814   0x0000003c   Code   RO         5466    i.record_header_flag_dirty  fds.o
    0x00031850   0x00031850   0x00000088   Code   RO         5467    i.records_stat      fds.o
    0x000318d8   0x000318d8   0x00000010   Code   RO         2378    i.release           peer_id.o
    0x000318e8   0x000318e8   0x0000009a   Code   RO         3359    i.rep_char_add      ble_hids.o
    0x00031982   0x00031982   0x000000be   Code   RO         3360    i.rep_map_char_add  ble_hids.o
    0x00031a40   0x00031a40   0x000000f2   Code   RO         3361    i.rep_value_identify  ble_hids.o
    0x00031b32   0x00031b32   0x00000004   Code   RO         6272    i.rmap              nrf_fstorage_sd.o
    0x00031b36   0x00031b36   0x00000002   PAD
    0x00031b38   0x00031b38   0x0000005c   Code   RO         5019    i.rtc_irq           app_timer2.o
    0x00031b94   0x00031b94   0x0000006c   Code   RO         5020    i.rtc_schedule      app_timer2.o
    0x00031c00   0x00031c00   0x0000008c   Code   RO         5021    i.rtc_update        app_timer2.o
    0x00031c8c   0x00031c8c   0x00000032   Code   RO         4403    i.rx_byte           nrfx_uart.o
    0x00031cbe   0x00031cbe   0x00000016   Code   RO         4404    i.rx_done_event     nrfx_uart.o
    0x00031cd4   0x00031cd4   0x00000016   Code   RO         4600    i.rx_done_event     nrfx_uarte.o
    0x00031cea   0x00031cea   0x00000002   PAD
    0x00031cec   0x00031cec   0x00000024   Code   RO         1518    i.sc_send_pending_handle  gatt_cache_manager.o
    0x00031d10   0x00031d10   0x00000008   Code   RO         5022    i.scheduled_timeout_handler  app_timer2.o
    0x00031d18   0x00031d18   0x00000058   Code   RO         3486    i.sd_state_evt_handler  nrf_drv_clock.o
    0x00031d70   0x00031d70   0x00000030   Code   RO         7531    i.sdh_request_observer_notify  nrf_sdh.o
    0x00031da0   0x00031da0   0x0000002c   Code   RO         7532    i.sdh_state_observer_notify  nrf_sdh.o
    0x00031dcc   0x00031dcc   0x000000d8   Code   RO         2929    i.sec_info_request_process  security_dispatcher.o
    0x00031ea4   0x00031ea4   0x000000f4   Code   RO         2930    i.sec_keyset_fill   security_dispatcher.o
    0x00031f98   0x00031f98   0x00000076   Code   RO         3070    i.sec_params_verify  security_manager.o
    0x0003200e   0x0003200e   0x00000002   PAD
    0x00032010   0x00032010   0x00000060   Code   RO         2931    i.sec_proc_start    security_dispatcher.o
    0x00032070   0x00032070   0x0000005c   Code   RO         3071    i.sec_req_process   security_manager.o
    0x000320cc   0x000320cc   0x00000022   Code   RO         2932    i.send_config_req   security_dispatcher.o
    0x000320ee   0x000320ee   0x00000002   PAD
    0x000320f0   0x000320f0   0x00000010   Code   RO         1150    i.send_error_evt    ble_conn_params.o
    0x00032100   0x00032100   0x00000028   Code   RO         1519    i.send_unexpected_error  gatt_cache_manager.o
    0x00032128   0x00032128   0x00000028   Code   RO         2933    i.send_unexpected_error  security_dispatcher.o
    0x00032150   0x00032150   0x0000001c   Code   RO         6708    i.sensorsim_decrement  sensorsim.o
    0x0003216c   0x0003216c   0x0000001c   Code   RO         6709    i.sensorsim_increment  sensorsim.o
    0x00032188   0x00032188   0x00000016   Code   RO         6710    i.sensorsim_init    sensorsim.o
    0x0003219e   0x0003219e   0x0000001a   Code   RO         6711    i.sensorsim_measure  sensorsim.o
    0x000321b8   0x000321b8   0x00000040   Code   RO         6805    i.serial_tx         nrf_log_backend_uart.o
    0x000321f8   0x000321f8   0x00000014   Code   RO         1520    i.service_changed_pending_flags_check  gatt_cache_manager.o
    0x0003220c   0x0003220c   0x00000094   Code   RO         1701    i.service_changed_pending_set  gatts_cache_manager.o
    0x000322a0   0x000322a0   0x00000168   Code   RO         1521    i.service_changed_send_in_evt  gatt_cache_manager.o
    0x00032408   0x00032408   0x00000088   Code   RO          884    i.service_data_encode  ble_advdata.o
    0x00032490   0x00032490   0x00000004   Code   RO           22    i.service_error_handler  main.o
    0x00032494   0x00032494   0x000000ac   Code   RO           23    i.services_init     main.o
    0x00032540   0x00032540   0x00000030   Code   RO         1448    i.set_security_req  ble_srv_common.o
    0x00032570   0x00032570   0x00000028   Code   RO           24    i.sleep_mode_enter  main.o
    0x00032598   0x00032598   0x0000002c   Code   RO         3072    i.sm_ble_evt_handler  security_manager.o
    0x000325c4   0x000325c4   0x000000a2   Code   RO         3074    i.sm_conn_sec_status_get  security_manager.o
    0x00032666   0x00032666   0x00000002   PAD
    0x00032668   0x00032668   0x00000058   Code   RO         3075    i.sm_init           security_manager.o
    0x000326c0   0x000326c0   0x0000000a   Code   RO         3077    i.sm_link_secure    security_manager.o
    0x000326ca   0x000326ca   0x00000002   PAD
    0x000326cc   0x000326cc   0x00000044   Code   RO         3078    i.sm_pdb_evt_handler  security_manager.o
    0x00032710   0x00032710   0x00000028   Code   RO         3079    i.sm_sec_is_sufficient  security_manager.o
    0x00032738   0x00032738   0x00000034   Code   RO         3081    i.sm_sec_params_set  security_manager.o
    0x0003276c   0x0003276c   0x0000002c   Code   RO         3082    i.sm_smd_evt_handler  security_manager.o
    0x00032798   0x00032798   0x000000f4   Code   RO         2934    i.smd_ble_evt_handler  security_dispatcher.o
    0x0003288c   0x0003288c   0x00000068   Code   RO         2936    i.smd_init          security_dispatcher.o
    0x000328f4   0x000328f4   0x00000028   Code   RO         2937    i.smd_link_secure   security_dispatcher.o
    0x0003291c   0x0003291c   0x000000ac   Code   RO         2938    i.smd_params_reply  security_dispatcher.o
    0x000329c8   0x000329c8   0x00000040   Code   RO         3083    i.smd_params_reply_perform  security_manager.o
    0x00032a08   0x00032a08   0x00000018   Code   RO         3487    i.soc_evt_handler   nrf_drv_clock.o
    0x00032a20   0x00032a20   0x00000040   Code   RO         7533    i.softdevice_evt_irq_disable  nrf_sdh.o
    0x00032a60   0x00032a60   0x00000058   Code   RO         7534    i.softdevices_evt_irq_enable  nrf_sdh.o
    0x00032ab8   0x00032ab8   0x0000000c   Code   RO         5023    i.sortlist_pop      app_timer2.o
    0x00032ac4   0x00032ac4   0x00000030   Code   RO         4757    i.state_set         app_button.o
    0x00032af4   0x00032af4   0x00000098   Code   RO         6939    i.std_n             nrf_log_frontend.o
    0x00032b8c   0x00032b8c   0x0000006c   Code   RO         1522    i.store_car_value   gatt_cache_manager.o
    0x00032bf8   0x00032bf8   0x00000042   Code   RO         3301    i.sys_id_encode     ble_dis.o
    0x00032c3a   0x00032c3a   0x00000002   PAD
    0x00032c3c   0x00032c3c   0x000000b0   Code   RO         5024    i.timer_expire      app_timer2.o
    0x00032cec   0x00032cec   0x00000080   Code   RO         5025    i.timer_req_process  app_timer2.o
    0x00032d6c   0x00032d6c   0x00000038   Code   RO         5026    i.timer_req_schedule  app_timer2.o
    0x00032da4   0x00032da4   0x00000018   Code   RO         4758    i.timer_start       app_button.o
    0x00032dbc   0x00032dbc   0x00000020   Code   RO         4406    i.tx_byte           nrfx_uart.o
    0x00032ddc   0x00032ddc   0x0000001a   Code   RO         4407    i.tx_done_event     nrfx_uart.o
    0x00032df6   0x00032df6   0x0000001a   Code   RO         4601    i.tx_done_event     nrfx_uarte.o
    0x00032e10   0x00032e10   0x00000030   Code   RO         3673    i.uart_evt_handler  nrf_drv_uart.o
    0x00032e40   0x00032e40   0x0000000c   Code   RO         6806    i.uart_evt_handler  nrf_log_backend_uart.o
    0x00032e4c   0x00032e4c   0x00000050   Code   RO         6807    i.uart_init         nrf_log_backend_uart.o
    0x00032e9c   0x00032e9c   0x0000012a   Code   RO         4408    i.uart_irq_handler  nrfx_uart.o
    0x00032fc6   0x00032fc6   0x00000002   PAD
    0x00032fc8   0x00032fc8   0x00000030   Code   RO         3674    i.uarte_evt_handler  nrf_drv_uart.o
    0x00032ff8   0x00032ff8   0x00000112   Code   RO         4602    i.uarte_irq_handler  nrfx_uarte.o
    0x0003310a   0x0003310a   0x0000000a   Code   RO          885    i.uint16_encode     ble_advdata.o
    0x00033114   0x00033114   0x00000020   Code   RO         6273    i.uninit            nrf_fstorage_sd.o
    0x00033134   0x00033134   0x000000b4   Code   RO         6137    i.unsigned_print    nrf_fprintf_format.o
    0x000331e8   0x000331e8   0x00000030   Code   RO         1523    i.update_pending_flags_check  gatt_cache_manager.o
    0x00033218   0x00033218   0x00000068   Code   RO         1151    i.update_timeout_handler  ble_conn_params.o
    0x00033280   0x00033280   0x00000018   Code   RO         1025    i.use_whitelist     ble_advertising.o
    0x00033298   0x00033298   0x0000000c   Code   RO         1259    i.user_flag_is_acquired  ble_conn_state.o
    0x000332a4   0x000332a4   0x00000024   Code   RO         2064    i.user_mem_reply    nrf_ble_qwr.o
    0x000332c8   0x000332c8   0x00000020   Code   RO         4759    i.usr_event         app_button.o
    0x000332e8   0x000332e8   0x00000030   Code   RO          886    i.uuid_list_encode  ble_advdata.o
    0x00033318   0x00033318   0x0000009e   Code   RO          887    i.uuid_list_sized_encode  ble_advdata.o
    0x000333b6   0x000333b6   0x00000002   PAD
    0x000333b8   0x000333b8   0x0000004c   Code   RO          609    i.wakeup_button_cfg  bsp.o
    0x00033404   0x00033404   0x00000084   Code   RO           25    i.whitelist_set     main.o
    0x00033488   0x00033488   0x00000004   Code   RO         6274    i.wmap              nrf_fstorage_sd.o
    0x0003348c   0x0003348c   0x00000050   Code   RO         6275    i.write             nrf_fstorage_sd.o
    0x000334dc   0x000334dc   0x0000014c   Code   RO         2258    i.write_buf_store   peer_database.o
    0x00033628   0x00033628   0x00000034   Code   RO         2259    i.write_buffer_record_find  peer_database.o
    0x0003365c   0x0003365c   0x00000030   Code   RO         2260    i.write_buffer_record_find_next  peer_database.o
    0x0003368c   0x0003368c   0x0000001c   Code   RO         2261    i.write_buffer_record_invalidate  peer_database.o
    0x000336a8   0x000336a8   0x0000002c   Code   RO         2262    i.write_buffer_record_release  peer_database.o
    0x000336d4   0x000336d4   0x000000f4   Code   RO         5468    i.write_enqueue     fds.o
    0x000337c8   0x000337c8   0x000000f8   Code   RO         5469    i.write_execute     fds.o
    0x000338c0   0x000338c0   0x00000018   Code   RO         5470    i.write_space_free  fds.o
    0x000338d8   0x000338d8   0x00000060   Code   RO         5471    i.write_space_reserve  fds.o
    0x00033938   0x00033938   0x00000004   Data   RO           28    .constdata          main.o
    0x0003393c   0x0003393c   0x00000008   Data   RO          492    .constdata          boards.o
    0x00033944   0x00033944   0x0000002c   Data   RO          611    .constdata          bsp.o
    0x00033970   0x00033970   0x0000006c   Data   RO         1524    .constdata          gatt_cache_manager.o
    0x000339dc   0x000339dc   0x00000004   Data   RO         1702    .constdata          gatts_cache_manager.o
    0x000339e0   0x000339e0   0x00000010   Data   RO         1703    .constdata          gatts_cache_manager.o
    0x000339f0   0x000339f0   0x00000004   Data   RO         1704    .constdata          gatts_cache_manager.o
    0x000339f4   0x000339f4   0x00000008   Data   RO         1811    .constdata          id_manager.o
    0x000339fc   0x000339fc   0x00000016   Data   RO         1970    .constdata          nrf_ble_gatt.o
    0x00033a12   0x00033a12   0x00000002   PAD
    0x00033a14   0x00033a14   0x00000018   Data   RO         2124    .constdata          peer_data_storage.o
    0x00033a2c   0x00033a2c   0x00000010   Data   RO         2264    .constdata          peer_database.o
    0x00033a3c   0x00033a3c   0x0000002c   Data   RO         2504    .constdata          peer_manager.o
    0x00033a68   0x00033a68   0x00000014   Data   RO         2785    .constdata          peer_manager_handler.o
    0x00033a7c   0x00033a7c   0x00000078   Data   RO         2940    .constdata          security_dispatcher.o
    0x00033af4   0x00033af4   0x00000008   Data   RO         3084    .constdata          security_manager.o
    0x00033afc   0x00033afc   0x00000008   Data   RO         4053    .constdata          nrfx_gpiote.o
    0x00033b04   0x00033b04   0x00000004   Data   RO         4411    .constdata          nrfx_uart.o
    0x00033b08   0x00033b08   0x00000004   Data   RO         4605    .constdata          nrfx_uarte.o
    0x00033b0c   0x00033b0c   0x00000008   Data   RO         4761    .constdata          app_button.o
    0x00033b14   0x00033b14   0x00000014   Data   RO         5029    .constdata          app_timer2.o
    0x00033b28   0x00033b28   0x00000008   PAD
    0x00033b30   0x00033b30   0x00000006   Data   RO         5273    .constdata          drv_rtc.o
    0x00033b36   0x00033b36   0x00000002   PAD
    0x00033b38   0x00033b38   0x00000018   Data   RO         5474    .constdata          fds.o
    0x00033b50   0x00033b50   0x00000010   Data   RO         6138    .constdata          nrf_fprintf_format.o
    0x00033b60   0x00033b60   0x0000005e   Data   RO         6184    .constdata          nrf_fstorage.o
    0x00033bbe   0x00033bbe   0x00000002   PAD
    0x00033bc0   0x00033bc0   0x00000010   Data   RO         6278    .constdata          nrf_fstorage_sd.o
    0x00033bd0   0x00033bd0   0x00000020   Data   RO         6279    .constdata          nrf_fstorage_sd.o
    0x00033bf0   0x00033bf0   0x00000018   Data   RO         6457    .constdata          nrf_pwr_mgmt.o
    0x00033c08   0x00033c08   0x0000000c   Data   RO         6458    .constdata          nrf_pwr_mgmt.o
    0x00033c14   0x00033c14   0x0000013c   Data   RO         6680    .constdata          nrf_strerror.o
    0x00033d50   0x00033d50   0x0000000c   Data   RO         6809    .constdata          nrf_log_backend_uart.o
    0x00033d5c   0x00033d5c   0x00000020   Data   RO         6810    .constdata          nrf_log_backend_uart.o
    0x00033d7c   0x00033d7c   0x0000000c   Data   RO         6944    .constdata          nrf_log_frontend.o
    0x00033d88   0x00033d88   0x00000010   Data   RO         7535    .constdata          nrf_sdh.o
    0x00033d98   0x00033d98   0x00000028   Data   RO         7536    .constdata          nrf_sdh.o
    0x00033dc0   0x00033dc0   0x00000010   Data   RO         7537    .constdata          nrf_sdh.o
    0x00033dd0   0x00033dd0   0x00000010   Data   RO         7538    .constdata          nrf_sdh.o
    0x00033de0   0x00033de0   0x00000020   Data   RO         7650    .constdata          nrf_sdh_ble.o
    0x00033e00   0x00033e00   0x00000010   Data   RO         7651    .constdata          nrf_sdh_ble.o
    0x00033e10   0x00033e10   0x00000010   Data   RO         7701    .constdata          nrf_sdh_soc.o
    0x00033e20   0x00033e20   0x0000000c   Data   RO         7702    .constdata          nrf_sdh_soc.o
    0x00033e2c   0x00033e2c   0x00000081   Data   RO         7819    .constdata          mc_w.l(ctype_o.o)
    0x00033ead   0x00033ead   0x00000003   PAD
    0x00033eb0   0x00033eb0   0x00000004   Data   RO         7820    .constdata          mc_w.l(ctype_o.o)
    0x00033eb4   0x00033eb4   0x000001a4   Data   RO         1525    .conststring        gatt_cache_manager.o
    0x00034058   0x00034058   0x0000019c   Data   RO         1705    .conststring        gatts_cache_manager.o
    0x000341f4   0x000341f4   0x000000f0   Data   RO         1812    .conststring        id_manager.o
    0x000342e4   0x000342e4   0x000000a2   Data   RO         1971    .conststring        nrf_ble_gatt.o
    0x00034386   0x00034386   0x00000002   PAD
    0x00034388   0x00034388   0x000000e8   Data   RO         2125    .conststring        peer_data_storage.o
    0x00034470   0x00034470   0x00000180   Data   RO         2265    .conststring        peer_database.o
    0x000345f0   0x000345f0   0x00000090   Data   RO         2505    .conststring        peer_manager.o
    0x00034680   0x00034680   0x0000030f   Data   RO         2786    .conststring        peer_manager_handler.o
    0x0003498f   0x0003498f   0x00000001   PAD
    0x00034990   0x00034990   0x000002b2   Data   RO         2941    .conststring        security_dispatcher.o
    0x00034c42   0x00034c42   0x00000002   PAD
    0x00034c44   0x00034c44   0x0000017b   Data   RO         3085    .conststring        security_manager.o
    0x00034dbf   0x00034dbf   0x00000001   PAD
    0x00034dc0   0x00034dc0   0x0000004f   Data   RO         6185    .conststring        nrf_fstorage.o
    0x00034e0f   0x00034e0f   0x00000001   PAD
    0x00034e10   0x00034e10   0x000003eb   Data   RO         6681    .conststring        nrf_strerror.o
    0x000351fb   0x000351fb   0x00000001   PAD
    0x000351fc   0x000351fc   0x00000066   Data   RO         7111    .conststring        nrf_log_str_formatter.o
    0x00035262   0x00035262   0x00000002   PAD
    0x00035264   0x00035264   0x00000188   Data   RO         7652    .conststring        nrf_sdh_ble.o
    0x000353ec   0x000353ec   0x00000011   Data   RO         1526    .conststrlit        gatt_cache_manager.o
    0x000353fd   0x000353fd   0x00000003   PAD
    0x00035400   0x00035400   0x00000012   Data   RO         1706    .conststrlit        gatts_cache_manager.o
    0x00035412   0x00035412   0x00000002   PAD
    0x00035414   0x00035414   0x00000010   Data   RO         1813    .conststrlit        id_manager.o
    0x00035424   0x00035424   0x0000000d   Data   RO         1972    .conststrlit        nrf_ble_gatt.o
    0x00035431   0x00035431   0x00000003   PAD
    0x00035434   0x00035434   0x00000011   Data   RO         2126    .conststrlit        peer_data_storage.o
    0x00035445   0x00035445   0x00000003   PAD
    0x00035448   0x00035448   0x00000011   Data   RO         2266    .conststrlit        peer_database.o
    0x00035459   0x00035459   0x00000003   PAD
    0x0003545c   0x0003545c   0x0000000d   Data   RO         2506    .conststrlit        peer_manager.o
    0x00035469   0x00035469   0x00000003   PAD
    0x0003546c   0x0003546c   0x00000015   Data   RO         2789    .conststrlit        peer_manager_handler.o
    0x00035481   0x00035481   0x00000003   PAD
    0x00035484   0x00035484   0x00000011   Data   RO         2942    .conststrlit        security_dispatcher.o
    0x00035495   0x00035495   0x00000003   PAD
    0x00035498   0x00035498   0x00000010   Data   RO         3086    .conststrlit        security_manager.o
    0x000354a8   0x000354a8   0x00000008   Data   RO         3241    .conststrlit        ble_bas.o
    0x000354b0   0x000354b0   0x00000006   Data   RO         3493    .conststrlit        nrf_drv_clock.o
    0x000354b6   0x000354b6   0x00000002   PAD
    0x000354b8   0x000354b8   0x00000006   Data   RO         3880    .conststrlit        nrfx_clock.o
    0x000354be   0x000354be   0x00000002   PAD
    0x000354c0   0x000354c0   0x00000007   Data   RO         4057    .conststrlit        nrfx_gpiote.o
    0x000354c7   0x000354c7   0x00000001   PAD
    0x000354c8   0x000354c8   0x00000004   Data   RO         4332    .conststrlit        nrfx_prs.o
    0x000354cc   0x000354cc   0x00000005   Data   RO         4414    .conststrlit        nrfx_uart.o
    0x000354d1   0x000354d1   0x00000003   PAD
    0x000354d4   0x000354d4   0x00000006   Data   RO         4608    .conststrlit        nrfx_uarte.o
    0x000354da   0x000354da   0x00000002   PAD
    0x000354dc   0x000354dc   0x0000000b   Data   RO         4762    .conststrlit        app_button.o
    0x000354e7   0x000354e7   0x00000001   PAD
    0x000354e8   0x000354e8   0x0000000a   Data   RO         5030    .conststrlit        app_timer2.o
    0x000354f2   0x000354f2   0x00000002   PAD
    0x000354f4   0x000354f4   0x0000000d   Data   RO         6186    .conststrlit        nrf_fstorage.o
    0x00035501   0x00035501   0x00000003   PAD
    0x00035504   0x00035504   0x00000009   Data   RO         6459    .conststrlit        nrf_pwr_mgmt.o
    0x0003550d   0x0003550d   0x00000003   PAD
    0x00035510   0x00035510   0x00000009   Data   RO         6627    .conststrlit        nrf_sortlist.o
    0x00035519   0x00035519   0x00000003   PAD
    0x0003551c   0x0003551c   0x00000011   Data   RO         6875    .conststrlit        nrf_log_default_backends.o
    0x0003552d   0x0003552d   0x00000003   PAD
    0x00035530   0x00035530   0x00000004   Data   RO         6945    .conststrlit        nrf_log_frontend.o
    0x00035534   0x00035534   0x00000008   Data   RO         7539    .conststrlit        nrf_sdh.o
    0x0003553c   0x0003553c   0x0000000c   Data   RO         7653    .conststrlit        nrf_sdh_ble.o
    0x00035548   0x00035548   0x0000000c   Data   RO         7703    .conststrlit        nrf_sdh_soc.o
    0x00035554   0x00035554   0x00000020   Data   RO         7880    Region$$Table       anon$$obj.o
    0x00035574   0x00035574   0x00000010   Data   RO         6877    log_backends        nrf_log_default_backends.o
    0x00035584   0x00035584   0x00000008   Data   RO         1528    log_const_data      gatt_cache_manager.o
    0x0003558c   0x0003558c   0x00000008   Data   RO         1708    log_const_data      gatts_cache_manager.o
    0x00035594   0x00035594   0x00000008   Data   RO         1815    log_const_data      id_manager.o
    0x0003559c   0x0003559c   0x00000008   Data   RO         1973    log_const_data      nrf_ble_gatt.o
    0x000355a4   0x000355a4   0x00000008   Data   RO         2128    log_const_data      peer_data_storage.o
    0x000355ac   0x000355ac   0x00000008   Data   RO         2268    log_const_data      peer_database.o
    0x000355b4   0x000355b4   0x00000008   Data   RO         2508    log_const_data      peer_manager.o
    0x000355bc   0x000355bc   0x00000008   Data   RO         2792    log_const_data      peer_manager_handler.o
    0x000355c4   0x000355c4   0x00000008   Data   RO         2944    log_const_data      security_dispatcher.o
    0x000355cc   0x000355cc   0x00000008   Data   RO         3088    log_const_data      security_manager.o
    0x000355d4   0x000355d4   0x00000008   Data   RO         3242    log_const_data      ble_bas.o
    0x000355dc   0x000355dc   0x00000008   Data   RO         3494    log_const_data      nrf_drv_clock.o
    0x000355e4   0x000355e4   0x00000008   Data   RO         3882    log_const_data      nrfx_clock.o
    0x000355ec   0x000355ec   0x00000008   Data   RO         4058    log_const_data      nrfx_gpiote.o
    0x000355f4   0x000355f4   0x00000008   Data   RO         4334    log_const_data      nrfx_prs.o
    0x000355fc   0x000355fc   0x00000008   Data   RO         4415    log_const_data      nrfx_uart.o
    0x00035604   0x00035604   0x00000008   Data   RO         4609    log_const_data      nrfx_uarte.o
    0x0003560c   0x0003560c   0x00000008   Data   RO         4765    log_const_data      app_button.o
    0x00035614   0x00035614   0x00000008   Data   RO         5033    log_const_data      app_timer2.o
    0x0003561c   0x0003561c   0x00000008   Data   RO         6187    log_const_data      nrf_fstorage.o
    0x00035624   0x00035624   0x00000008   Data   RO         6461    log_const_data      nrf_pwr_mgmt.o
    0x0003562c   0x0003562c   0x00000008   Data   RO         6628    log_const_data      nrf_sortlist.o
    0x00035634   0x00035634   0x00000008   Data   RO         6949    log_const_data      nrf_log_frontend.o
    0x0003563c   0x0003563c   0x00000008   Data   RO         7541    log_const_data      nrf_sdh.o
    0x00035644   0x00035644   0x00000008   Data   RO         7655    log_const_data      nrf_sdh_ble.o
    0x0003564c   0x0003564c   0x00000008   Data   RO         7704    log_const_data      nrf_sdh_soc.o
    0x00035654   0x00035654   0x00000014   Data   RO         6950    nrf_balloc          nrf_log_frontend.o
    0x00035668   0x00035668   0x00000008   Data   RO         1261    sdh_ble_observers0  ble_conn_state.o
    0x00035670   0x00035670   0x00000010   Data   RO           33    sdh_ble_observers1  main.o
    0x00035680   0x00035680   0x00000008   Data   RO          717    sdh_ble_observers1  bsp_btn_ble.o
    0x00035688   0x00035688   0x00000008   Data   RO         1154    sdh_ble_observers1  ble_conn_params.o
    0x00035690   0x00035690   0x00000008   Data   RO         2509    sdh_ble_observers1  peer_manager.o
    0x00035698   0x00035698   0x00000018   Data   RO           34    sdh_ble_observers2  main.o
    0x000356b0   0x000356b0   0x00000008   Data   RO           35    sdh_ble_observers3  main.o
    0x000356b8   0x000356b8   0x00000008   Data   RO         6281    sdh_req_observers0  nrf_fstorage_sd.o
    0x000356c0   0x000356c0   0x00000008   Data   RO         3495    sdh_soc_observers0  nrf_drv_clock.o
    0x000356c8   0x000356c8   0x00000008   Data   RO         6282    sdh_soc_observers0  nrf_fstorage_sd.o
    0x000356d0   0x000356d0   0x00000008   Data   RO         7656    sdh_stack_observers0  nrf_sdh_ble.o
    0x000356d8   0x000356d8   0x00000008   Data   RO         7705    sdh_stack_observers0  nrf_sdh_soc.o
    0x000356e0   0x000356e0   0x00000008   Data   RO         3496    sdh_state_observers0  nrf_drv_clock.o
    0x000356e8   0x000356e8   0x00000008   Data   RO         6283    sdh_state_observers0  nrf_fstorage_sd.o


    Execution Region RW_IRAM1 (Exec base: 0x20002260, Load base: 0x000356f0, Size: 0x00003778, Max: 0x0003dda0, ABSOLUTE, COMPRESSED[0x0000014c])

    Exec Addr    Load Addr    Size         Type   Attr      Idx    E Section Name        Object

    0x20002260   COMPRESSED   0x00000020   Data   RW           29    .data               main.o
    0x20002280   COMPRESSED   0x00000008   Data   RW           30    .data               main.o
    0x20002288   COMPRESSED   0x00000230   Data   RW           31    .data               main.o
    0x200024b8   COMPRESSED   0x00000003   Data   RW           32    .data               main.o
    0x200024bb   COMPRESSED   0x00000001   PAD
    0x200024bc   COMPRESSED   0x00000010   Data   RW          612    .data               bsp.o
    0x200024cc   COMPRESSED   0x00000004   PAD
    0x200024d0   COMPRESSED   0x00000020   Data   RW          613    .data               bsp.o
    0x200024f0   COMPRESSED   0x00000020   Data   RW          614    .data               bsp.o
    0x20002510   COMPRESSED   0x00000020   Data   RW          615    .data               bsp.o
    0x20002530   COMPRESSED   0x00000008   Data   RW          716    .data               bsp_btn_ble.o
    0x20002538   COMPRESSED   0x00000008   Data   RW         1153    .data               ble_conn_params.o
    0x20002540   COMPRESSED   0x00000010   Data   RW         1527    .data               gatt_cache_manager.o
    0x20002550   COMPRESSED   0x0000000c   Data   RW         1707    .data               gatts_cache_manager.o
    0x2000255c   COMPRESSED   0x00000001   Data   RW         1814    .data               id_manager.o
    0x2000255d   COMPRESSED   0x00000003   PAD
    0x20002560   COMPRESSED   0x0000000c   Data   RW         2127    .data               peer_data_storage.o
    0x2000256c   COMPRESSED   0x00000008   Data   RW         2267    .data               peer_database.o
    0x20002574   COMPRESSED   0x00000010   Data   RW         2507    .data               peer_manager.o
    0x20002584   COMPRESSED   0x00000060   Data   RW         2790    .data               peer_manager_handler.o
    0x200025e4   COMPRESSED   0x00000005   Data   RW         2943    .data               security_dispatcher.o
    0x200025e9   COMPRESSED   0x00000003   PAD
    0x200025ec   COMPRESSED   0x00000015   Data   RW         3087    .data               security_manager.o
    0x20002601   COMPRESSED   0x00000001   PAD
    0x20002602   COMPRESSED   0x0000004a   Data   RW         3302    .data               ble_dis.o
    0x2000264c   COMPRESSED   0x00000014   Data   RW         3675    .data               nrf_drv_uart.o
    0x20002660   COMPRESSED   0x00000008   Data   RW         3881    .data               nrfx_clock.o
    0x20002668   COMPRESSED   0x00000008   Data   RW         4333    .data               nrfx_prs.o
    0x20002670   COMPRESSED   0x00000018   Data   RW         4763    .data               app_button.o
    0x20002688   COMPRESSED   0x00000020   Data   RW         4764    .data               app_button.o
    0x200026a8   COMPRESSED   0x00000010   Data   RW         4961    .data               app_scheduler.o
    0x200026b8   COMPRESSED   0x00000020   Data   RW         5031    .data               app_timer2.o
    0x200026d8   COMPRESSED   0x00000004   Data   RW         5032    .data               app_timer2.o
    0x200026dc   COMPRESSED   0x0000000c   Data   RW         5274    .data               drv_rtc.o
    0x200026e8   COMPRESSED   0x00000030   Data   RW         5475    .data               fds.o
    0x20002718   COMPRESSED   0x00000008   Data   RW         6280    .data               nrf_fstorage_sd.o
    0x20002720   COMPRESSED   0x00000008   Data   RW         6460    .data               nrf_pwr_mgmt.o
    0x20002728   COMPRESSED   0x00000018   Data   RW         6811    .data               nrf_log_backend_uart.o
    0x20002740   COMPRESSED   0x00000008   Data   RW         6876    .data               nrf_log_default_backends.o
    0x20002748   COMPRESSED   0x00000004   Data   RW         6946    .data               nrf_log_frontend.o
    0x2000274c   COMPRESSED   0x00000008   Data   RW         6947    .data               nrf_log_frontend.o
    0x20002754   COMPRESSED   0x00000008   Data   RW         6948    .data               nrf_log_frontend.o
    0x2000275c   COMPRESSED   0x00000040   Data   RW         7112    .data               nrf_log_str_formatter.o
    0x2000279c   COMPRESSED   0x00000003   Data   RW         7540    .data               nrf_sdh.o
    0x2000279f   COMPRESSED   0x00000001   Data   RW         7654    .data               nrf_sdh_ble.o
    0x200027a0   COMPRESSED   0x00000004   Data   RW         7746    .data               system_nrf52.o
    0x200027a4   COMPRESSED   0x00000014   Data   RW         5476    fs_data             fds.o
    0x200027b8        -       0x0000057c   Zero   RW           26    .bss                main.o
    0x20002d34        -       0x0000001c   Zero   RW           27    .bss                main.o
    0x20002d50        -       0x0000000c   Zero   RW          610    .bss                bsp.o
    0x20002d5c   COMPRESSED   0x00000004   PAD
    0x20002d60        -       0x00000050   Zero   RW         1152    .bss                ble_conn_params.o
    0x20002db0        -       0x0000007c   Zero   RW         1260    .bss                ble_conn_state.o
    0x20002e2c        -       0x000000d8   Zero   RW         1810    .bss                id_manager.o
    0x20002f04        -       0x00000180   Zero   RW         2263    .bss                peer_database.o
    0x20003084        -       0x00000040   Zero   RW         2379    .bss                peer_id.o
    0x200030c4        -       0x0000000c   Zero   RW         2503    .bss                peer_manager.o
    0x200030d0        -       0x00000040   Zero   RW         2939    .bss                security_dispatcher.o
    0x20003110        -       0x00000014   Zero   RW         3488    .bss                nrf_drv_clock.o
    0x20003124        -       0x0000006c   Zero   RW         4052    .bss                nrfx_gpiote.o
    0x20003190        -       0x0000002c   Zero   RW         4409    .bss                nrfx_uart.o
    0x200031bc        -       0x00000024   Zero   RW         4603    .bss                nrfx_uarte.o
    0x200031e0        -       0x00000020   Zero   RW         4760    .bss                app_button.o
    0x20003200        -       0x00000010   Zero   RW         5027    .bss                app_timer2.o
    0x20003210        -       0x00000058   Zero   RW         5028    .bss                app_timer2.o
    0x20003268        -       0x0000000c   Zero   RW         5161    .bss                app_util_platform.o
    0x20003274        -       0x00000010   Zero   RW         5472    .bss                fds.o
    0x20003284        -       0x000000e0   Zero   RW         5473    .bss                fds.o
    0x20003364        -       0x00000010   Zero   RW         6276    .bss                nrf_fstorage_sd.o
    0x20003374        -       0x000000a0   Zero   RW         6277    .bss                nrf_fstorage_sd.o
    0x20003414        -       0x0000000c   Zero   RW         6456    .bss                nrf_pwr_mgmt.o
    0x20003420        -       0x00000040   Zero   RW         6808    .bss                nrf_log_backend_uart.o
    0x20003460        -       0x000000c0   Zero   RW         6940    .bss                nrf_log_frontend.o
    0x20003520        -       0x00000080   Zero   RW         6941    .bss                nrf_log_frontend.o
    0x200035a0        -       0x00000018   Zero   RW         6942    .bss                nrf_log_frontend.o
    0x200035b8        -       0x00000420   Zero   RW         6943    .bss                nrf_log_frontend.o
    0x200039d8        -       0x00002000   Zero   RW         7732    STACK               arm_startup_nrf52840.o


==============================================================================

Image component sizes


      Code (inc. data)   RO Data    RW Data    ZI Data      Debug   Object Name

       664         66         27         56         32      22790   app_button.o
        22          0          0          0          0       2549   app_error.o
       132         46          0          0          0      34173   app_error_weak.o
       268         16          0         16          0      43073   app_scheduler.o
      1084         92         38         36        104      18289   app_timer2.o
       124         14          0          0         12      10770   app_util_platform.o
        36          8        512          0       8192        948   arm_startup_nrf52840.o
         0          0          0          0          0      39462   auth_status_tracker.o
      1338          0          0          0          0     104252   ble_advdata.o
      1298          6          0          0          0      30664   ble_advertising.o
       502          0         16          0          0       8027   ble_bas.o
       636         44          8          8         80      16235   ble_conn_params.o
       802         66          8          0        124      17381   ble_conn_state.o
       530         12          0         74          0       6823   ble_dis.o
      3150          0          0          0          0      28918   ble_hids.o
        72          0          0          0          0       2856   ble_link_ctx_manager.o
       656          6          0          0          0       5976   ble_srv_common.o
       440         46          8          0          0      15407   boards.o
      1016         90         44        112         12      16423   bsp.o
       252         10          8          8          0       4956   bsp_btn_ble.o
       704         76          6         12          0      48933   drv_rtc.o
      3872        348         24         68        240      51494   fds.o
      2160        552        553         16          0      43692   gatt_cache_manager.o
       842        138        462         12          0      17179   gatts_cache_manager.o
      1546         70        272          1        216      26918   id_manager.o
      2628        564         52        603       1432     186201   main.o
       342          0          0          0          0       6830   nrf_atfifo.o
       170          0          0          0          0       4904   nrf_atflags.o
       332          0          0          0          0      10318   nrf_atomic.o
       164          0          0          0          0       3688   nrf_balloc.o
       922        272        205          0          0      37463   nrf_ble_gatt.o
       276          0          0          0          0       6293   nrf_ble_qwr.o
       312         36         30          0         20      53520   nrf_drv_clock.o
       200         26          0         20          0      17964   nrf_drv_uart.o
        50          0          0          0          0       3589   nrf_fprintf.o
       866          4         16          0          0       6622   nrf_fprintf_format.o
       972        432        194          0          0       8156   nrf_fstorage.o
       798         82         72          8        176      16267   nrf_fstorage_sd.o
       200          0          0          0          0      11689   nrf_log_backend_serial.o
       232         44         44         24         64      16086   nrf_log_backend_uart.o
        28          4         33          8          0       3389   nrf_log_default_backends.o
      1522        128         44         20       1400      32439   nrf_log_frontend.o
       570        108        102         64          0       5740   nrf_log_str_formatter.o
       346          0          0          0          0       9695   nrf_memobj.o
       108         16         53          8         12      41466   nrf_pwr_mgmt.o
        28          0          0          0          0       2411   nrf_ringbuf.o
       592         66        104          3          0      46348   nrf_sdh.o
       672        232        468          1          0       5949   nrf_sdh_ble.o
        60          4         56          0          0       2512   nrf_sdh_soc.o
        78          0          0          0          0       2836   nrf_section_iter.o
        84          0         17          0          0       4193   nrf_sortlist.o
        76         10       1319          0          0       2799   nrf_strerror.o
       242         32         14          8          0      47280   nrfx_clock.o
      1386        108         23          0        108      67229   nrfx_gpiote.o
       112         16         12          8          0       4580   nrfx_prs.o
      1354         48         17          0         44      31965   nrfx_uart.o
      1356         48         18          0         36      27399   nrfx_uarte.o
      1176        144        281         12          0      19235   peer_data_storage.o
      1434        260        425          8        384      19774   peer_database.o
       314         38          0          0         64       9343   peer_id.o
      2224        482        217         16         12      28619   peer_manager.o
      1928        882        832         96          0      10383   peer_manager_handler.o
       234          0          0          0          0       5531   pm_buffer.o
      1944        268        835          5         64      27411   security_dispatcher.o
      1372        122        411         21          0      55170   security_manager.o
       104          0          0          0          0       4147   sensorsim.o
       500         66          0          4          0      31629   system_nrf52.o

    ----------------------------------------------------------------------
     50544       6248       7984       1368      12832    1557250   Object Totals
         0          0         32          0          0          0   (incl. Generated)
        90          0         72         12          4          0   (incl. Padding)

    ----------------------------------------------------------------------

      Code (inc. data)   RO Data    RW Data    ZI Data      Debug   Library Member Name

        86          0          0          0          0          0   __dczerorl2.o
         8          4        133          0          0         68   ctype_o.o
         0          0          0          0          0          0   entry.o
         0          0          0          0          0          0   entry10a.o
         0          0          0          0          0          0   entry11a.o
         8          4          0          0          0          0   entry2.o
         4          0          0          0          0          0   entry5.o
         0          0          0          0          0          0   entry7b.o
         0          0          0          0          0          0   entry8b.o
         8          4          0          0          0          0   entry9a.o
        30          0          0          0          0          0   handlers.o
        36          8          0          0          0         68   init.o
        30          0          0          0          0         68   llshl.o
        32          0          0          0          0         68   llushr.o
        26          0          0          0          0         80   memcmp.o
        36          0          0          0          0         68   memcpya.o
        36          0          0          0          0        108   memseta.o
        14          0          0          0          0         68   strlen.o
        98          0          0          0          0         92   uldiv.o

    ----------------------------------------------------------------------
       456         20        136          0          0        688   Library Totals
         4          0          3          0          0          0   (incl. Padding)

    ----------------------------------------------------------------------

      Code (inc. data)   RO Data    RW Data    ZI Data      Debug   Library Name

       452         20        133          0          0        688   mc_w.l

    ----------------------------------------------------------------------
       456         20        136          0          0        688   Library Totals

    ----------------------------------------------------------------------

==============================================================================


      Code (inc. data)   RO Data    RW Data    ZI Data      Debug   

     51000       6268       8120       1368      12832    1497414   Grand Totals
     51000       6268       8120        332      12832    1497414   ELF Image Totals (compressed)
     51000       6268       8120        332          0          0   ROM Totals

==============================================================================

    Total RO  Size (Code + RO Data)                59120 (  57.73kB)
    Total RW  Size (RW Data + ZI Data)             14200 (  13.87kB)
    Total ROM Size (Code + RO Data + RW Data)      59452 (  58.06kB)

==============================================================================

